Archive member included because of file (symbol)

../libopencm3/lib\libopencm3_stm32f4.a(rcc.o)
                              platform.o (rcc_peripheral_enable_clock)
../libopencm3/lib\libopencm3_stm32f4.a(gpio_common_all.o)
                              platform.o (gpio_toggle)
../libopencm3/lib\libopencm3_stm32f4.a(gpio_common_f234.o)
                              jtagtap.o (gpio_mode_setup)
../libopencm3/lib\libopencm3_stm32f4.a(timer_common_all.o)
                              traceswo.o (timer_reset)
../libopencm3/lib\libopencm3_stm32f4.a(timer_common_f234.o)
                              traceswo.o (timer_ic_set_polarity)
../libopencm3/lib\libopencm3_stm32f4.a(usart_common_all.o)
                              usbuart.o (usart_set_baudrate)
../libopencm3/lib\libopencm3_stm32f4.a(usart_common_f124.o)
                              ../libopencm3/lib\libopencm3_stm32f4.a(usart_common_all.o) (usart_send)
../libopencm3/lib\libopencm3_stm32f4.a(flash_common_f234.o)
                              ../libopencm3/lib\libopencm3_stm32f4.a(rcc.o) (flash_set_ws)
../libopencm3/lib\libopencm3_stm32f4.a(usb.o)
                              cdcacm.o (usbd_init)
../libopencm3/lib\libopencm3_stm32f4.a(usb_standard.o)
                              cdcacm.o (usbd_register_set_config_callback)
../libopencm3/lib\libopencm3_stm32f4.a(usb_control.o)
                              cdcacm.o (usbd_register_control_callback)
../libopencm3/lib\libopencm3_stm32f4.a(usb_f107.o)
                              cdcacm.o (stm32f107_usb_driver)
../libopencm3/lib\libopencm3_stm32f4.a(vector.o)
                              (reset_handler)
../libopencm3/lib\libopencm3_stm32f4.a(systick.o)
                              platform.o (systick_set_reload)
../libopencm3/lib\libopencm3_stm32f4.a(scb.o)
                              platform.o (scb_reset_core)
../libopencm3/lib\libopencm3_stm32f4.a(nvic.o)
                              cdcacm.o (nvic_enable_irq)
../libopencm3/lib\libopencm3_stm32f4.a(assert.o)
                              ../libopencm3/lib\libopencm3_stm32f4.a(rcc.o) (cm3_assert_failed)
../libopencm3/lib\libopencm3_stm32f4.a(pwr.o)
                              ../libopencm3/lib\libopencm3_stm32f4.a(rcc.o) (pwr_set_vos_scale)
../libopencm3/lib\libopencm3_stm32f4.a(usb_fx07_common.o)
                              ../libopencm3/lib\libopencm3_stm32f4.a(usb_f107.o) (stm32fx07_set_address)
c:/programy/gccarm/bin/../lib/gcc/arm-none-eabi/4.7.3/../../../../arm-none-eabi/lib/armv7e-m/fpu\libc.a(lib_a-assert.o)
                              main.o (__assert_func)
c:/programy/gccarm/bin/../lib/gcc/arm-none-eabi/4.7.3/../../../../arm-none-eabi/lib/armv7e-m/fpu\libc.a(lib_a-atoi.o)
                              command.o (atoi)
c:/programy/gccarm/bin/../lib/gcc/arm-none-eabi/4.7.3/../../../../arm-none-eabi/lib/armv7e-m/fpu\libc.a(lib_a-atol.o)
                              sam3x.o (atol)
c:/programy/gccarm/bin/../lib/gcc/arm-none-eabi/4.7.3/../../../../arm-none-eabi/lib/armv7e-m/fpu\libc.a(lib_a-calloc.o)
                              adiv5_jtagdp.o (calloc)
c:/programy/gccarm/bin/../lib/gcc/arm-none-eabi/4.7.3/../../../../arm-none-eabi/lib/armv7e-m/fpu\libc.a(lib_a-callocr.o)
                              c:/programy/gccarm/bin/../lib/gcc/arm-none-eabi/4.7.3/../../../../arm-none-eabi/lib/armv7e-m/fpu\libc.a(lib_a-calloc.o) (_calloc_r)
c:/programy/gccarm/bin/../lib/gcc/arm-none-eabi/4.7.3/../../../../arm-none-eabi/lib/armv7e-m/fpu\libc.a(lib_a-fiprintf.o)
                              c:/programy/gccarm/bin/../lib/gcc/arm-none-eabi/4.7.3/../../../../arm-none-eabi/lib/armv7e-m/fpu\libc.a(lib_a-assert.o) (fiprintf)
c:/programy/gccarm/bin/../lib/gcc/arm-none-eabi/4.7.3/../../../../arm-none-eabi/lib/armv7e-m/fpu\libc.a(lib_a-impure.o)
                              c:/programy/gccarm/bin/../lib/gcc/arm-none-eabi/4.7.3/../../../../arm-none-eabi/lib/armv7e-m/fpu\libc.a(lib_a-assert.o) (_impure_ptr)
c:/programy/gccarm/bin/../lib/gcc/arm-none-eabi/4.7.3/../../../../arm-none-eabi/lib/armv7e-m/fpu\libc.a(lib_a-malloc.o)
                              adiv5.o (malloc)
c:/programy/gccarm/bin/../lib/gcc/arm-none-eabi/4.7.3/../../../../arm-none-eabi/lib/armv7e-m/fpu\libc.a(lib_a-mallocr.o)
                              c:/programy/gccarm/bin/../lib/gcc/arm-none-eabi/4.7.3/../../../../arm-none-eabi/lib/armv7e-m/fpu\libc.a(lib_a-callocr.o) (_malloc_r)
c:/programy/gccarm/bin/../lib/gcc/arm-none-eabi/4.7.3/../../../../arm-none-eabi/lib/armv7e-m/fpu\libc.a(lib_a-memcpy.o)
                              arm7tdmi.o (memcpy)
c:/programy/gccarm/bin/../lib/gcc/arm-none-eabi/4.7.3/../../../../arm-none-eabi/lib/armv7e-m/fpu\libc.a(lib_a-memset.o)
                              jtag_scan.o (memset)
c:/programy/gccarm/bin/../lib/gcc/arm-none-eabi/4.7.3/../../../../arm-none-eabi/lib/armv7e-m/fpu\libc.a(lib_a-mlock.o)
[...]
Memory Configuration

Name             Origin             Length             Attributes
rom              0x08000000         0x00100000         xr
ram              0x20000000         0x00020000         xrw
*default*        0x00000000         0xffffffff

Linker script and memory map

LOAD adiv5.o
LOAD adiv5_jtagdp.o
LOAD adiv5_swdp.o
LOAD arm7tdmi.o
LOAD command.o
LOAD cortexm.o
LOAD crc32.o
LOAD gdb_if.o
LOAD gdb_main.o
LOAD gdb_packet.o
LOAD hex_utils.o
LOAD jtag_scan.o
LOAD jtagtap.o
LOAD lmi.o
LOAD lpc11xx.o
LOAD lpc43xx.o
LOAD main.o
LOAD platform.o
LOAD sam3x.o
LOAD stm32f1.o
LOAD stm32f4.o
LOAD stm32l1.o
LOAD swdptap.o
LOAD target.o
LOAD cdcacm.o
LOAD traceswo.o
LOAD usbuart.o
LOAD ../libopencm3/lib\libopencm3_stm32f4.a
                0x20020000                _stack = 0x20020000

.text           0x08000000    0x10b78
 *(.vectors)
 .vectors       0x08000000      0x184 ../libopencm3/lib\libopencm3_stm32f4.a(vector.o)
                0x08000000                vector_table
 *(.text*)
 .text          0x08000184      0x718 adiv5.o
                0x08000194                adiv5_dp_ref
                0x0800019c                adiv5_ap_ref
                0x080001a4                adiv5_dp_unref
                0x080001b4                adiv5_ap_unref
                0x080001dc                adiv5_dp_write_ap
                0x080001f0                adiv5_dp_read_ap
                0x08000218                adiv5_ap_write
                0x08000248                adiv5_ap_mem_write_halfword
                0x0800027c                adiv5_ap_mem_write
                0x08000704                adiv5_ap_read
                0x08000728                adiv5_ap_mem_read_halfword
                0x08000758                adiv5_ap_mem_read
                0x08000780                adiv5_dp_init
 .text          0x0800089c      0x1c0 adiv5_jtagdp.o
                0x08000a18                adiv5_jtag_dp_handler
 .text          0x08000a5c      0x240 adiv5_swdp.o
                0x08000be8                adiv5_swdp_scan
 .text          0x08000c9c      0x2cc arm7tdmi.o
                0x08000ef4                arm7tdmi_jtag_handler
 .text          0x08000f68      0x3a0 command.o
                0x0800121c                command_process
 .text          0x08001308     0x1158 cortexm.o
                0x08002310                cortexm_probe
 .text          0x08002460      0x398 crc32.o
                0x08002460                generic_crc32
 .text          0x080027f8      0x1c0 gdb_if.o
                0x080027f8                gdb_if_putchar
                0x08002848                gdb_usb_out_cb
                0x08002880                gdb_if_getchar
                0x0800290c                gdb_if_getchar_to
 .text          0x080029b8      0x948 gdb_main.o
                0x08002bdc                gdb_main
 .text          0x08003300      0x2b4 gdb_packet.o
                0x08003300                gdb_getpacket
                0x080033a4                gdb_putpacket
                0x08003510                gdb_putpacket_f
                0x08003540                gdb_out
                0x08003588                gdb_outf
 .text          0x080035b4      0x1a4 hex_utils.o
                0x080035b4                hexify
                0x08003644                unhexify
 .text          0x08003758      0x470 jtag_scan.o
                0x08003758                jtag_scan
                0x08003ad0                jtag_dev_write_ir
                0x08003b68                jtag_dev_shift_dr
 .text          0x08003bc8      0x4d8 jtagtap.o
                0x08003bc8                jtagtap_srst
                0x08003bcc                jtagtap_next
                0x08003c30                jtagtap_tms_seq
                0x08003d14                jtagtap_reset
                0x08003d60                jtagtap_init
                0x08003de4                jtagtap_tdi_tdo_seq
                0x08003f80                jtagtap_tdi_seq
 .text          0x080040a0      0x14c lmi.o
                0x080041a8                lmi_probe
 .text          0x080041ec      0x3b4 lpc11xx.o
                0x08004458                lpc11xx_probe
 .text          0x080045a0      0x54c lpc43xx.o
                0x080049f8                lpc43xx_probe
 .text.startup  0x08004aec       0x34 main.o
                0x08004aec                main
 .text          0x08004b20      0x294 platform.o
                0x08004b20                platform_delay
                0x08004b30                sys_tick_handler
                0x08004bfc                morse
                0x08004c28                platform_target_voltage
                0x08004c34                assert_boot_pin
                0x08004c94                platform_init
 .text          0x08004db4      0x4a0 sam3x.o
                0x0800517c                sam3x_probe
 .text          0x08005254      0x54c stm32f1.o
                0x08005684                stm32f1_probe
 .text          0x080057a0      0x488 stm32f4.o
                0x08005bc0                stm32f4_probe
 .text          0x08005c28      0x2d0 stm32l1.o
                0x08005eac                stm32l1_probe
 .text          0x08005ef8      0x484 swdptap.o
                0x08005f64                swdptap_reset
                0x08005f9c                swdptap_seq_in
                0x08006050                swdptap_seq_in_parity
                0x08006178                swdptap_seq_out
                0x08006230                swdptap_init
                0x08006250                swdptap_seq_out_parity
 .text          0x0800637c       0xbc target.o
                0x0800637c                target_new
                0x08006398                target_list_free
                0x080063e4                target_add_commands
                0x08006418                target_attach
 .text          0x08006438      0x304 cdcacm.o
                0x080065ec                cdcacm_get_config
                0x080065f8                cdcacm_get_dtr
                0x08006604                cdcacm_init
                0x0800672c                otg_fs_isr
 .text          0x0800673c      0x2c8 traceswo.o
                0x0800673c                traceswo_init
                0x080067c4                trace_buf_push
                0x0800681c                trace_buf_drain
                0x08006834                tim3_isr
 .text          0x08006a04      0x280 usbuart.o
                0x08006a04                usbuart_init
                0x08006ab4                usbuart_set_line_coding
                0x08006b60                usbuart_usb_out_cb
                0x08006bf4                usbuart_usb_in_cb
                0x08006c20                usart3_isr
 .text.rcc_wait_for_osc_ready
                0x08006c84       0x4c ../libopencm3/lib\libopencm3_stm32f4.a(rcc.o)
                0x08006c84                rcc_wait_for_osc_ready
 .text.rcc_wait_for_sysclk_status
                0x08006cd0       0x38 ../libopencm3/lib\libopencm3_stm32f4.a(rcc.o)
                0x08006cd0                rcc_wait_for_sysclk_status
 .text.rcc_osc_on
                0x08006d08       0x44 ../libopencm3/lib\libopencm3_stm32f4.a(rcc.o)
                0x08006d08                rcc_osc_on
 .text.rcc_osc_off
                0x08006d4c       0x44 ../libopencm3/lib\libopencm3_stm32f4.a(rcc.o)
                0x08006d4c                rcc_osc_off
 .text.rcc_peripheral_enable_clock
                0x08006d90        0x8 ../libopencm3/lib\libopencm3_stm32f4.a(rcc.o)
                0x08006d90                rcc_peripheral_enable_clock
 .text.rcc_peripheral_reset
                0x08006d98        0x8 ../libopencm3/lib\libopencm3_stm32f4.a(rcc.o)
                0x08006d98                rcc_peripheral_reset
 .text.rcc_peripheral_clear_reset
                0x08006da0        0xa ../libopencm3/lib\libopencm3_stm32f4.a(rcc.o)
                0x08006da0                rcc_peripheral_clear_reset
 *fill*         0x08006daa        0x2 00
 .text.rcc_set_sysclk_source
                0x08006dac       0x14 ../libopencm3/lib\libopencm3_stm32f4.a(rcc.o)
                0x08006dac                rcc_set_sysclk_source
 .text.rcc_set_ppre2
                0x08006dc0       0x14 ../libopencm3/lib\libopencm3_stm32f4.a(rcc.o)
                0x08006dc0                rcc_set_ppre2
 .text.rcc_set_ppre1
                0x08006dd4       0x14 ../libopencm3/lib\libopencm3_stm32f4.a(rcc.o)
                0x08006dd4                rcc_set_ppre1
 .text.rcc_set_hpre
                0x08006de8       0x14 ../libopencm3/lib\libopencm3_stm32f4.a(rcc.o)
                0x08006de8                rcc_set_hpre
 .text.rcc_set_main_pll_hse
                0x08006dfc       0x20 ../libopencm3/lib\libopencm3_stm32f4.a(rcc.o)
                0x08006dfc                rcc_set_main_pll_hse
 .text.rcc_clock_setup_hse_3v3
                0x08006e1c       0x90 ../libopencm3/lib\libopencm3_stm32f4.a(rcc.o)
                0x08006e1c                rcc_clock_setup_hse_3v3
 .text.gpio_toggle
                0x08006eac        0x8 ../libopencm3/lib\libopencm3_stm32f4.a(gpio_common_all.o)
                0x08006eac                gpio_toggle
 .text.gpio_mode_setup
                0x08006eb4       0x46 ../libopencm3/lib\libopencm3_stm32f4.a(gpio_common_f234.o)
                0x08006eb4                gpio_mode_setup
 .text.gpio_set_af
                0x08006efa       0x56 ../libopencm3/lib\libopencm3_stm32f4.a(gpio_common_f234.o)
                0x08006efa                gpio_set_af
 .text.timer_reset
                0x08006f50       0xc8 ../libopencm3/lib\libopencm3_stm32f4.a(timer_common_all.o)
                0x08006f50                timer_reset
 .text.timer_enable_irq
                0x08007018        0x8 ../libopencm3/lib\libopencm3_stm32f4.a(timer_common_all.o)
                0x08007018                timer_enable_irq
 .text.timer_disable_irq
                0x08007020        0xa ../libopencm3/lib\libopencm3_stm32f4.a(timer_common_all.o)
                0x08007020                timer_disable_irq
 .text.timer_clear_flag
                0x0800702a        0xa ../libopencm3/lib\libopencm3_stm32f4.a(timer_common_all.o)
                0x0800702a                timer_clear_flag
 .text.timer_enable_counter
                0x08007034        0xa ../libopencm3/lib\libopencm3_stm32f4.a(timer_common_all.o)
                0x08007034                timer_enable_counter
 .text.timer_set_period
                0x0800703e        0x4 ../libopencm3/lib\libopencm3_stm32f4.a(timer_common_all.o)
                0x0800703e                timer_set_period
 .text.timer_ic_set_input
                0x08007042       0x62 ../libopencm3/lib\libopencm3_stm32f4.a(timer_common_all.o)
                0x08007042                timer_ic_set_input
 .text.timer_ic_enable
                0x080070a4       0x10 ../libopencm3/lib\libopencm3_stm32f4.a(timer_common_all.o)
                0x080070a4                timer_ic_enable
 .text.timer_slave_set_mode
                0x080070b4       0x10 ../libopencm3/lib\libopencm3_stm32f4.a(timer_common_all.o)
                0x080070b4                timer_slave_set_mode
 .text.timer_slave_set_trigger
                0x080070c4       0x10 ../libopencm3/lib\libopencm3_stm32f4.a(timer_common_all.o)
                0x080070c4                timer_slave_set_trigger
 .text.timer_ic_set_polarity
                0x080070d4       0x30 ../libopencm3/lib\libopencm3_stm32f4.a(timer_common_f234.o)
                0x080070d4                timer_ic_set_polarity
 .text.usart_set_baudrate
                0x08007104       0x30 ../libopencm3/lib\libopencm3_stm32f4.a(usart_common_all.o)
                0x08007104                usart_set_baudrate
 .text.usart_set_databits
                0x08007134       0x12 ../libopencm3/lib\libopencm3_stm32f4.a(usart_common_all.o)
                0x08007134                usart_set_databits
 .text.usart_set_stopbits
                0x08007146        0xc ../libopencm3/lib\libopencm3_stm32f4.a(usart_common_all.o)
                0x08007146                usart_set_stopbits
 .text.usart_set_parity
                0x08007152        0xc ../libopencm3/lib\libopencm3_stm32f4.a(usart_common_all.o)
                0x08007152                usart_set_parity
 .text.usart_set_mode
                0x0800715e        0xc ../libopencm3/lib\libopencm3_stm32f4.a(usart_common_all.o)
                0x0800715e                usart_set_mode
 .text.usart_set_flow_control
                0x0800716a        0xc ../libopencm3/lib\libopencm3_stm32f4.a(usart_common_all.o)
                0x0800716a                usart_set_flow_control
 .text.usart_enable
                0x08007176        0xa ../libopencm3/lib\libopencm3_stm32f4.a(usart_common_all.o)
                0x08007176                usart_enable
 .text.usart_send_blocking
                0x08007180       0x16 ../libopencm3/lib\libopencm3_stm32f4.a(usart_common_all.o)
                0x08007180                usart_send_blocking
 .text.usart_send
                0x08007196        0x8 ../libopencm3/lib\libopencm3_stm32f4.a(usart_common_f124.o)
                0x08007196                usart_send
 .text.usart_recv
                0x0800719e        0x8 ../libopencm3/lib\libopencm3_stm32f4.a(usart_common_f124.o)
                0x0800719e                usart_recv
 .text.usart_wait_send_ready
                0x080071a6        0x8 ../libopencm3/lib\libopencm3_stm32f4.a(usart_common_f124.o)
                0x080071a6                usart_wait_send_ready
 *fill*         0x080071ae        0x2 00
 .text.flash_set_ws
                0x080071b0       0x14 ../libopencm3/lib\libopencm3_stm32f4.a(flash_common_f234.o)
                0x080071b0                flash_set_ws
 .text.usbd_init
                0x080071c4       0x44 ../libopencm3/lib\libopencm3_stm32f4.a(usb.o)
                0x080071c4                usbd_init
 .text.usbd_poll
                0x08007208        0xc ../libopencm3/lib\libopencm3_stm32f4.a(usb.o)
                0x08007208                usbd_poll
 .text.usbd_disconnect
                0x08007214        0xe ../libopencm3/lib\libopencm3_stm32f4.a(usb.o)
                0x08007214                usbd_disconnect
 .text.usbd_ep_setup
                0x08007222       0x10 ../libopencm3/lib\libopencm3_stm32f4.a(usb.o)
                0x08007222                usbd_ep_setup
 .text._usbd_reset
                0x08007232       0x2a ../libopencm3/lib\libopencm3_stm32f4.a(usb.o)
                0x08007232                _usbd_reset
 .text.usbd_ep_write_packet
                0x0800725c        0xc ../libopencm3/lib\libopencm3_stm32f4.a(usb.o)
                0x0800725c                usbd_ep_write_packet
 .text.usbd_ep_read_packet
                0x08007268        0xc ../libopencm3/lib\libopencm3_stm32f4.a(usb.o)
                0x08007268                usbd_ep_read_packet
 .text.usbd_ep_stall_set
                0x08007274        0xc ../libopencm3/lib\libopencm3_stm32f4.a(usb.o)
                0x08007274                usbd_ep_stall_set
 .text.usbd_ep_stall_get
                0x08007280        0xc ../libopencm3/lib\libopencm3_stm32f4.a(usb.o)
                0x08007280                usbd_ep_stall_get
 .text.usbd_ep_nak_set
                0x0800728c        0xc ../libopencm3/lib\libopencm3_stm32f4.a(usb.o)
                0x0800728c                usbd_ep_nak_set
 .text.usb_standard_set_configuration
                0x08007298       0x32 ../libopencm3/lib\libopencm3_stm32f4.a(usb_standard.o)
 .text.usb_standard_get_configuration
                0x080072ca       0x14 ../libopencm3/lib\libopencm3_stm32f4.a(usb_standard.o)
 .text.usb_standard_set_interface
                0x080072de        0xe ../libopencm3/lib\libopencm3_stm32f4.a(usb_standard.o)
 .text.usb_standard_get_interface
                0x080072ec        0xc ../libopencm3/lib\libopencm3_stm32f4.a(usb_standard.o)
 .text.usb_standard_device_get_status
                0x080072f8       0x18 ../libopencm3/lib\libopencm3_stm32f4.a(usb_standard.o)
 .text.usb_standard_interface_get_status
                0x08007310       0x18 ../libopencm3/lib\libopencm3_stm32f4.a(usb_standard.o)
 .text.usb_standard_endpoint_get_status
                0x08007328       0x2a ../libopencm3/lib\libopencm3_stm32f4.a(usb_standard.o)
 .text.usb_standard_endpoint_stall
                0x08007352       0x10 ../libopencm3/lib\libopencm3_stm32f4.a(usb_standard.o)
 .text.usb_standard_endpoint_unstall
                0x08007362       0x10 ../libopencm3/lib\libopencm3_stm32f4.a(usb_standard.o)
 .text.usb_standard_get_descriptor
                0x08007372      0x240 ../libopencm3/lib\libopencm3_stm32f4.a(usb_standard.o)
 .text.usb_standard_set_address
                0x080075b2       0x28 ../libopencm3/lib\libopencm3_stm32f4.a(usb_standard.o)
 .text.usbd_register_set_config_callback
                0x080075da        0x6 ../libopencm3/lib\libopencm3_stm32f4.a(usb_standard.o)
                0x080075da                usbd_register_set_config_callback
 .text._usbd_standard_request_device
                0x080075e0       0x20 ../libopencm3/lib\libopencm3_stm32f4.a(usb_standard.o)
                0x080075e0                _usbd_standard_request_device
 .text._usbd_standard_request_interface
                0x08007600       0x20 ../libopencm3/lib\libopencm3_stm32f4.a(usb_standard.o)
                0x08007600                _usbd_standard_request_interface
 .text._usbd_standard_request_endpoint
                0x08007620       0x38 ../libopencm3/lib\libopencm3_stm32f4.a(usb_standard.o)
                0x08007620                _usbd_standard_request_endpoint
 .text._usbd_standard_request
                0x08007658       0x34 ../libopencm3/lib\libopencm3_stm32f4.a(usb_standard.o)
                0x08007658                _usbd_standard_request
 .text.usb_control_send_chunk
                0x0800768c       0x44 ../libopencm3/lib\libopencm3_stm32f4.a(usb_control.o)
 .text.stall_transaction
                0x080076d0       0x14 ../libopencm3/lib\libopencm3_stm32f4.a(usb_control.o)
 .text.usb_control_recv_chunk
                0x080076e4       0x3c ../libopencm3/lib\libopencm3_stm32f4.a(usb_control.o)
 .text.usb_control_request_dispatch
                0x08007720       0x5e ../libopencm3/lib\libopencm3_stm32f4.a(usb_control.o)
 .text.usb_control_setup_read
                0x0800777e       0x40 ../libopencm3/lib\libopencm3_stm32f4.a(usb_control.o)
 .text.usbd_register_control_callback
                0x080077be       0x28 ../libopencm3/lib\libopencm3_stm32f4.a(usb_control.o)
                0x080077be                usbd_register_control_callback
 .text._usbd_control_setup
                0x080077e6       0x5c ../libopencm3/lib\libopencm3_stm32f4.a(usb_control.o)
                0x080077e6                _usbd_control_setup
 .text._usbd_control_out
                0x08007842       0x86 ../libopencm3/lib\libopencm3_stm32f4.a(usb_control.o)
                0x08007842                _usbd_control_out
 .text._usbd_control_in
                0x080078c8       0x56 ../libopencm3/lib\libopencm3_stm32f4.a(usb_control.o)
                0x080078c8                _usbd_control_in
 *fill*         0x0800791e        0x2 00
 .text.stm32f107_usbd_init
                0x08007920       0x9c ../libopencm3/lib\libopencm3_stm32f4.a(usb_f107.o)
 .text.blocking_handler
                0x080079bc        0x2 ../libopencm3/lib\libopencm3_stm32f4.a(vector.o)
                0x080079bc                dma2_stream1_isr
                0x080079bc                tim8_brk_tim12_isr
                0x080079bc                dma1_stream7_isr
                0x080079bc                tim7_isr
                0x080079bc                dma1_stream2_isr
                0x080079bc                otg_hs_isr
                0x080079bc                blocking_handler
                0x080079bc                tim5_isr
                0x080079bc                rtc_wkup_isr
                0x080079bc                spi1_isr
                0x080079bc                i2c3_er_isr
                0x080079bc                exti2_isr
                0x080079bc                usb_fs_wkup_isr
                0x080079bc                tamp_stamp_isr
                0x080079bc                can1_rx1_isr
                0x080079bc                dma2_stream0_isr
                0x080079bc                usart1_isr
                0x080079bc                i2c3_ev_isr
                0x080079bc                usage_fault_handler
                0x080079bc                can2_rx0_isr
                0x080079bc                dma1_stream6_isr
                0x080079bc                can2_rx1_isr
                0x080079bc                can1_sce_isr
                0x080079bc                tim1_cc_isr
                0x080079bc                can1_tx_isr
                0x080079bc                tim1_up_tim10_isr
                0x080079bc                sdio_isr
                0x080079bc                eth_isr
                0x080079bc                dma2_stream5_isr
                0x080079bc                pvd_isr
                0x080079bc                can1_rx0_isr
                0x080079bc                rcc_isr
                0x080079bc                dma2_stream3_isr
                0x080079bc                flash_isr
                0x080079bc                uart4_isr
                0x080079bc                rtc_alarm_isr
                0x080079bc                exti15_10_isr
                0x080079bc                hash_rng_isr
                0x080079bc                tim1_trg_com_tim11_isr
                0x080079bc                hard_fault_handler
                0x080079bc                exti1_isr
                0x080079bc                i2c1_ev_isr
                0x080079bc                usart6_isr
                0x080079bc                spi2_isr
                0x080079bc                cryp_isr
                0x080079bc                nvic_wwdg_isr
                0x080079bc                dma1_stream1_isr
                0x080079bc                dma2_stream4_isr
                0x080079bc                exti3_isr
                0x080079bc                usart2_isr
                0x080079bc                dma1_stream4_isr
                0x080079bc                i2c2_er_isr
                0x080079bc                i2c2_ev_isr
                0x080079bc                uart5_isr
                0x080079bc                dma2_stream6_isr
                0x080079bc                adc_isr
                0x080079bc                dma2_stream7_isr
                0x080079bc                tim8_up_tim13_isr
                0x080079bc                fsmc_isr
                0x080079bc                exti4_isr
                0x080079bc                tim6_dac_isr
                0x080079bc                dma1_stream3_isr
                0x080079bc                tim8_trg_com_tim14_isr
                0x080079bc                mem_manage_handler
                0x080079bc                can2_tx_isr
                0x080079bc                exti9_5_isr
                0x080079bc                tim1_brk_tim9_isr
                0x080079bc                can2_sce_isr
                0x080079bc                tim4_isr
                0x080079bc                otg_hs_wkup_isr
                0x080079bc                i2c1_er_isr
                0x080079bc                dma1_stream0_isr
                0x080079bc                tim8_cc_isr
                0x080079bc                dcmi_isr
                0x080079bc                dma2_stream2_isr
                0x080079bc                eth_wkup_isr
                0x080079bc                bus_fault_handler
                0x080079bc                otg_hs_ep1_out_isr
                0x080079bc                spi3_isr
                0x080079bc                dma1_stream5_isr
                0x080079bc                otg_hs_ep1_in_isr
                0x080079bc                tim2_isr
                0x080079bc                exti0_isr
 .text.null_handler
                0x080079be        0x2 ../libopencm3/lib\libopencm3_stm32f4.a(vector.o)
                0x080079be                sv_call_handler
                0x080079be                pend_sv_handler
                0x080079be                debug_monitor_handler
                0x080079be                nmi_handler
                0x080079be                null_handler
 .text.reset_handler
                0x080079c0       0x90 ../libopencm3/lib\libopencm3_stm32f4.a(vector.o)
                0x080079c0                reset_handler
 .text.systick_set_reload
                0x08007a50       0x10 ../libopencm3/lib\libopencm3_stm32f4.a(systick.o)
                0x08007a50                systick_set_reload
 .text.systick_set_clocksource
                0x08007a60       0x14 ../libopencm3/lib\libopencm3_stm32f4.a(systick.o)
                0x08007a60                systick_set_clocksource
 .text.systick_interrupt_enable
                0x08007a74       0x10 ../libopencm3/lib\libopencm3_stm32f4.a(systick.o)
                0x08007a74                systick_interrupt_enable
 .text.systick_counter_enable
                0x08007a84       0x10 ../libopencm3/lib\libopencm3_stm32f4.a(systick.o)
                0x08007a84                systick_counter_enable
 .text.scb_reset_core
                0x08007a94       0x10 ../libopencm3/lib\libopencm3_stm32f4.a(scb.o)
                0x08007a94                scb_reset_core
 .text.nvic_enable_irq
                0x08007aa4       0x1a ../libopencm3/lib\libopencm3_stm32f4.a(nvic.o)
                0x08007aa4                nvic_enable_irq
 *fill*         0x08007abe        0x2 00
 .text.nvic_disable_irq
                0x08007ac0       0x18 ../libopencm3/lib\libopencm3_stm32f4.a(nvic.o)
                0x08007ac0                nvic_disable_irq
 .text.nvic_set_priority
                0x08007ad8       0x20 ../libopencm3/lib\libopencm3_stm32f4.a(nvic.o)
                0x08007ad8                nvic_set_priority
 .text.pwr_set_vos_scale
                0x08007af8       0x20 ../libopencm3/lib\libopencm3_stm32f4.a(pwr.o)
                0x08007af8                pwr_set_vos_scale
 .text.stm32fx07_set_address
                0x08007b18       0x18 ../libopencm3/lib\libopencm3_stm32f4.a(usb_fx07_common.o)
                0x08007b18                stm32fx07_set_address
 .text.stm32fx07_ep_setup
                0x08007b30      0x146 ../libopencm3/lib\libopencm3_stm32f4.a(usb_fx07_common.o)
                0x08007b30                stm32fx07_ep_setup
 .text.stm32fx07_endpoints_reset
                0x08007c76        0xa ../libopencm3/lib\libopencm3_stm32f4.a(usb_fx07_common.o)
                0x08007c76                stm32fx07_endpoints_reset
 .text.stm32fx07_ep_stall_set
                0x08007c80       0x58 ../libopencm3/lib\libopencm3_stm32f4.a(usb_fx07_common.o)
                0x08007c80                stm32fx07_ep_stall_set
 .text.stm32fx07_ep_stall_get
                0x08007cd8       0x1e ../libopencm3/lib\libopencm3_stm32f4.a(usb_fx07_common.o)
                0x08007cd8                stm32fx07_ep_stall_get
 .text.stm32fx07_ep_nak_set
                0x08007cf6       0x28 ../libopencm3/lib\libopencm3_stm32f4.a(usb_fx07_common.o)
                0x08007cf6                stm32fx07_ep_nak_set
 .text.stm32fx07_ep_write_packet
                0x08007d1e       0x52 ../libopencm3/lib\libopencm3_stm32f4.a(usb_fx07_common.o)
                0x08007d1e                stm32fx07_ep_write_packet
 .text.stm32fx07_ep_read_packet
                0x08007d70       0x8a ../libopencm3/lib\libopencm3_stm32f4.a(usb_fx07_common.o)
                0x08007d70                stm32fx07_ep_read_packet
 .text.stm32fx07_poll
                0x08007dfa      0x110 ../libopencm3/lib\libopencm3_stm32f4.a(usb_fx07_common.o)
                0x08007dfa                stm32fx07_poll
 .text.stm32fx07_disconnect
                0x08007f0a       0x1c ../libopencm3/lib\libopencm3_stm32f4.a(usb_fx07_common.o)
                0x08007f0a                stm32fx07_disconnect
 *fill*         0x08007f26        0x2 00
 .text.__assert_func
                0x08007f28       0x40 c:/programy/gccarm/bin/../lib/gcc/arm-none-eabi/4.7.3/../../../../arm-none-eabi/lib/armv7e-m/fpu\libc.a(lib_a-assert.o)
                0x08007f28                __assert_func
 .text.atoi     0x08007f68        0x8 c:/programy/gccarm/bin/../lib/gcc/arm-none-eabi/4.7.3/../../../../arm-none-eabi/lib/armv7e-m/fpu\libc.a(lib_a-atoi.o)
                0x08007f68                atoi
 .text.atol     0x08007f70        0x8 c:/programy/gccarm/bin/../lib/gcc/arm-none-eabi/4.7.3/../../../../arm-none-eabi/lib/armv7e-m/fpu\libc.a(lib_a-atol.o)
                0x08007f70                atol
 .text.calloc   0x08007f78       0x18 c:/programy/gccarm/bin/../lib/gcc/arm-none-eabi/4.7.3/../../../../arm-none-eabi/lib/armv7e-m/fpu\libc.a(lib_a-calloc.o)
                0x08007f78                calloc
 .text._calloc_r
                0x08007f90       0x60 c:/programy/gccarm/bin/../lib/gcc/arm-none-eabi/4.7.3/../../../../arm-none-eabi/lib/armv7e-m/fpu\libc.a(lib_a-callocr.o)
                0x08007f90                _calloc_r
 .text.fiprintf
                0x08007ff0       0x28 c:/programy/gccarm/bin/../lib/gcc/arm-none-eabi/4.7.3/../../../../arm-none-eabi/lib/armv7e-m/fpu\libc.a(lib_a-fiprintf.o)
                0x08007ff0                fiprintf
 .text.malloc   0x08008018       0x10 c:/programy/gccarm/bin/../lib/gcc/arm-none-eabi/4.7.3/../../../../arm-none-eabi/lib/armv7e-m/fpu\libc.a(lib_a-malloc.o)
                0x08008018                malloc
 .text.free     0x08008028       0x10 c:/programy/gccarm/bin/../lib/gcc/arm-none-eabi/4.7.3/../../../../arm-none-eabi/lib/armv7e-m/fpu\libc.a(lib_a-malloc.o)
                0x08008028                free
 .text._malloc_r
                0x08008038      0x55c c:/programy/gccarm/bin/../lib/gcc/arm-none-eabi/4.7.3/../../../../arm-none-eabi/lib/armv7e-m/fpu\libc.a(lib_a-mallocr.o)
                0x08008038                _malloc_r
 .text.memcpy   0x08008594      0x144 c:/programy/gccarm/bin/../lib/gcc/arm-none-eabi/4.7.3/../../../../arm-none-eabi/lib/armv7e-m/fpu\libc.a(lib_a-memcpy.o)
                0x08008594                memcpy
 .text.memset   0x080086d8      0x12c c:/programy/gccarm/bin/../lib/gcc/arm-none-eabi/4.7.3/../../../../arm-none-eabi/lib/armv7e-m/fpu\libc.a(lib_a-memset.o)
                0x080086d8                memset
 .text.__malloc_lock
                0x08008804        0x4 c:/programy/gccarm/bin/../lib/gcc/arm-none-eabi/4.7.3/../../../../arm-none-eabi/lib/armv7e-m/fpu\libc.a(lib_a-mlock.o)
                0x08008804                __malloc_lock
 .text.__malloc_unlock
                0x08008808        0x4 c:/programy/gccarm/bin/../lib/gcc/arm-none-eabi/4.7.3/../../../../arm-none-eabi/lib/armv7e-m/fpu\libc.a(lib_a-mlock.o)
                0x08008808                __malloc_unlock
 .text._sbrk_r  0x0800880c       0x24 c:/programy/gccarm/bin/../lib/gcc/arm-none-eabi/4.7.3/../../../../arm-none-eabi/lib/armv7e-m/fpu\libc.a(lib_a-sbrkr.o)
                0x0800880c                _sbrk_r
 .text          0x08008830       0x1c c:/programy/gccarm/bin/../lib/gcc/arm-none-eabi/4.7.3/../../../../arm-none-eabi/lib/armv7e-m/fpu\libc.a(lib_a-setjmp.o)
                0x08008830                setjmp
                0x0800883c                longjmp
 .text.siprintf
                0x0800884c       0x50 c:/programy/gccarm/bin/../lib/gcc/arm-none-eabi/4.7.3/../../../../arm-none-eabi/lib/armv7e-m/fpu\libc.a(lib_a-siprintf.o)
                0x0800884c                siprintf
 .text.siscanf  0x0800889c       0x5c c:/programy/gccarm/bin/../lib/gcc/arm-none-eabi/4.7.3/../../../../arm-none-eabi/lib/armv7e-m/fpu\libc.a(lib_a-siscanf.o)
                0x0800889c                siscanf
 .text.__sread  0x080088f8       0x24 c:/programy/gccarm/bin/../lib/gcc/arm-none-eabi/4.7.3/../../../../arm-none-eabi/lib/armv7e-m/fpu\libc.a(lib_a-stdio.o)
                0x080088f8                __sread
 .text.__seofread
                0x0800891c        0x4 c:/programy/gccarm/bin/../lib/gcc/arm-none-eabi/4.7.3/../../../../arm-none-eabi/lib/armv7e-m/fpu\libc.a(lib_a-stdio.o)
                0x0800891c                __seofread
 .text.__swrite
                0x08008920       0x44 c:/programy/gccarm/bin/../lib/gcc/arm-none-eabi/4.7.3/../../../../arm-none-eabi/lib/armv7e-m/fpu\libc.a(lib_a-stdio.o)
                0x08008920                __swrite
 .text.__sseek  0x08008964       0x24 c:/programy/gccarm/bin/../lib/gcc/arm-none-eabi/4.7.3/../../../../arm-none-eabi/lib/armv7e-m/fpu\libc.a(lib_a-stdio.o)
                0x08008964                __sseek
 .text.__sclose
                0x08008988        0x8 c:/programy/gccarm/bin/../lib/gcc/arm-none-eabi/4.7.3/../../../../arm-none-eabi/lib/armv7e-m/fpu\libc.a(lib_a-stdio.o)
                0x08008988                __sclose
 .text.strcmp   0x08008990       0x80 c:/programy/gccarm/bin/../lib/gcc/arm-none-eabi/4.7.3/../../../../arm-none-eabi/lib/armv7e-m/fpu\libc.a(lib_a-strcmp.o)
                0x08008990                strcmp
 .text.strcmp_unaligned
                0x08008a10      0x15c c:/programy/gccarm/bin/../lib/gcc/arm-none-eabi/4.7.3/../../../../arm-none-eabi/lib/armv7e-m/fpu\libc.a(lib_a-strcmp.o)
 .text.strlen   0x08008b6c       0x60 c:/programy/gccarm/bin/../lib/gcc/arm-none-eabi/4.7.3/../../../../arm-none-eabi/lib/armv7e-m/fpu\libc.a(lib_a-strlen.o)
                0x08008b6c                strlen
 .text.strncmp  0x08008bcc      0x120 c:/programy/gccarm/bin/../lib/gcc/arm-none-eabi/4.7.3/../../../../arm-none-eabi/lib/armv7e-m/fpu\libc.a(lib_a-strncmp.o)
                0x08008bcc                strncmp
 .text.strncpy  0x08008cec      0x110 c:/programy/gccarm/bin/../lib/gcc/arm-none-eabi/4.7.3/../../../../arm-none-eabi/lib/armv7e-m/fpu\libc.a(lib_a-strncpy.o)
                0x08008cec                strncpy
 .text.strtok   0x08008dfc       0x14 c:/programy/gccarm/bin/../lib/gcc/arm-none-eabi/4.7.3/../../../../arm-none-eabi/lib/armv7e-m/fpu\libc.a(lib_a-strtok.o)
                0x08008dfc                strtok
 .text.__strtok_r
                0x08008e10       0x60 c:/programy/gccarm/bin/../lib/gcc/arm-none-eabi/4.7.3/../../../../arm-none-eabi/lib/armv7e-m/fpu\libc.a(lib_a-strtok_r.o)
                0x08008e10                __strtok_r
 .text._strtol_r
                0x08008e70      0x134 c:/programy/gccarm/bin/../lib/gcc/arm-none-eabi/4.7.3/../../../../arm-none-eabi/lib/armv7e-m/fpu\libc.a(lib_a-strtol.o)
                0x08008e70                _strtol_r
 .text.strtol   0x08008fa4       0x1c c:/programy/gccarm/bin/../lib/gcc/arm-none-eabi/4.7.3/../../../../arm-none-eabi/lib/armv7e-m/fpu\libc.a(lib_a-strtol.o)
                0x08008fa4                strtol
 .text._strtoul_r
                0x08008fc0      0x150 c:/programy/gccarm/bin/../lib/gcc/arm-none-eabi/4.7.3/../../../../arm-none-eabi/lib/armv7e-m/fpu\libc.a(lib_a-strtoul.o)
                0x08008fc0                _strtoul_r
 .text.strtoul  0x08009110       0x1c c:/programy/gccarm/bin/../lib/gcc/arm-none-eabi/4.7.3/../../../../arm-none-eabi/lib/armv7e-m/fpu\libc.a(lib_a-strtoul.o)
                0x08009110                strtoul
 .text.__ssprint_r
                0x0800912c      0x100 c:/programy/gccarm/bin/../lib/gcc/arm-none-eabi/4.7.3/../../../../arm-none-eabi/lib/armv7e-m/fpu\libc.a(lib_a-svfiprintf.o)
                0x0800912c                __ssprint_r
 .text._svfiprintf_r
                0x0800922c      0xde0 c:/programy/gccarm/bin/../lib/gcc/arm-none-eabi/4.7.3/../../../../arm-none-eabi/lib/armv7e-m/fpu\libc.a(lib_a-svfiprintf.o)
                0x0800922c                _svfiprintf_r
 .text._sungetc_r
                0x0800a00c       0x80 c:/programy/gccarm/bin/../lib/gcc/arm-none-eabi/4.7.3/../../../../arm-none-eabi/lib/armv7e-m/fpu\libc.a(lib_a-svfiscanf.o)
                0x0800a00c                _sungetc_r
 .text.__ssrefill_r
                0x0800a08c       0x3c c:/programy/gccarm/bin/../lib/gcc/arm-none-eabi/4.7.3/../../../../arm-none-eabi/lib/armv7e-m/fpu\libc.a(lib_a-svfiscanf.o)
                0x0800a08c                __ssrefill_r
 .text._sfread_r
                0x0800a0c8       0x7c c:/programy/gccarm/bin/../lib/gcc/arm-none-eabi/4.7.3/../../../../arm-none-eabi/lib/armv7e-m/fpu\libc.a(lib_a-svfiscanf.o)
                0x0800a0c8                _sfread_r
 .text.__ssvfiscanf_r
                0x0800a144      0xc1c c:/programy/gccarm/bin/../lib/gcc/arm-none-eabi/4.7.3/../../../../arm-none-eabi/lib/armv7e-m/fpu\libc.a(lib_a-svfiscanf.o)
                0x0800a144                __ssvfiscanf_r
 .text.__submore
                0x0800ad60       0x78 c:/programy/gccarm/bin/../lib/gcc/arm-none-eabi/4.7.3/../../../../arm-none-eabi/lib/armv7e-m/fpu\libc.a(lib_a-ungetc.o)
                0x0800ad60                __submore
 .text._vasiprintf_r
                0x0800add8       0x38 c:/programy/gccarm/bin/../lib/gcc/arm-none-eabi/4.7.3/../../../../arm-none-eabi/lib/armv7e-m/fpu\libc.a(lib_a-vasiprintf.o)
                0x0800add8                _vasiprintf_r
 .text.vasiprintf
                0x0800ae10       0x1c c:/programy/gccarm/bin/../lib/gcc/arm-none-eabi/4.7.3/../../../../arm-none-eabi/lib/armv7e-m/fpu\libc.a(lib_a-vasiprintf.o)
                0x0800ae10                vasiprintf
 .text.__sprint_r
                0x0800ae2c       0xc0 c:/programy/gccarm/bin/../lib/gcc/arm-none-eabi/4.7.3/../../../../arm-none-eabi/lib/armv7e-m/fpu\libc.a(lib_a-vfiprintf.o)
                0x0800ae2c                __sprint_r
 .text._vfiprintf_r
                0x0800aeec      0xf20 c:/programy/gccarm/bin/../lib/gcc/arm-none-eabi/4.7.3/../../../../arm-none-eabi/lib/armv7e-m/fpu\libc.a(lib_a-vfiprintf.o)
                0x0800aeec                _vfiprintf_r
 .text.__sbprintf
                0x0800be0c       0x78 c:/programy/gccarm/bin/../lib/gcc/arm-none-eabi/4.7.3/../../../../arm-none-eabi/lib/armv7e-m/fpu\libc.a(lib_a-vfiprintf.o)
 .text._write_r
                0x0800be84       0x28 c:/programy/gccarm/bin/../lib/gcc/arm-none-eabi/4.7.3/../../../../arm-none-eabi/lib/armv7e-m/fpu\libc.a(lib_a-writer.o)
                0x0800be84                _write_r
 .text.__swsetup_r
                0x0800beac       0xc4 c:/programy/gccarm/bin/../lib/gcc/arm-none-eabi/4.7.3/../../../../arm-none-eabi/lib/armv7e-m/fpu\libc.a(lib_a-wsetup.o)
                0x0800beac                __swsetup_r
 .text.abort    0x0800bf70       0x10 c:/programy/gccarm/bin/../lib/gcc/arm-none-eabi/4.7.3/../../../../arm-none-eabi/lib/armv7e-m/fpu\libc.a(lib_a-abort.o)
                0x0800bf70                abort
 .text._close_r
                0x0800bf80       0x24 c:/programy/gccarm/bin/../lib/gcc/arm-none-eabi/4.7.3/../../../../arm-none-eabi/lib/armv7e-m/fpu\libc.a(lib_a-closer.o)
                0x0800bf80                _close_r
 .text._fflush_r
                0x0800bfa4      0x168 c:/programy/gccarm/bin/../lib/gcc/arm-none-eabi/4.7.3/../../../../arm-none-eabi/lib/armv7e-m/fpu\libc.a(lib_a-fflush.o)
                0x0800bfa4                _fflush_r
 .text._cleanup_r
                0x0800c10c        0xc c:/programy/gccarm/bin/../lib/gcc/arm-none-eabi/4.7.3/../../../../arm-none-eabi/lib/armv7e-m/fpu\libc.a(lib_a-findfp.o)
                0x0800c10c                _cleanup_r
 .text.std.isra.0
                0x0800c118       0x50 c:/programy/gccarm/bin/../lib/gcc/arm-none-eabi/4.7.3/../../../../arm-none-eabi/lib/armv7e-m/fpu\libc.a(lib_a-findfp.o)
 .text.__sinit  0x0800c168       0x4c c:/programy/gccarm/bin/../lib/gcc/arm-none-eabi/4.7.3/../../../../arm-none-eabi/lib/armv7e-m/fpu\libc.a(lib_a-findfp.o)
                0x0800c168                __sinit
 .text.__sfp_lock_acquire
                0x0800c1b4        0x4 c:/programy/gccarm/bin/../lib/gcc/arm-none-eabi/4.7.3/../../../../arm-none-eabi/lib/armv7e-m/fpu\libc.a(lib_a-findfp.o)
                0x0800c1b4                __sfp_lock_acquire
 .text.__sfp_lock_release
                0x0800c1b8        0x4 c:/programy/gccarm/bin/../lib/gcc/arm-none-eabi/4.7.3/../../../../arm-none-eabi/lib/armv7e-m/fpu\libc.a(lib_a-findfp.o)
                0x0800c1b8                __sfp_lock_release
 .text._fputwc_r
                0x0800c1bc      0x1b0 c:/programy/gccarm/bin/../lib/gcc/arm-none-eabi/4.7.3/../../../../arm-none-eabi/lib/armv7e-m/fpu\libc.a(lib_a-fputwc.o)
                0x0800c1bc                _fputwc_r
 .text._malloc_trim_r
                0x0800c36c       0x98 c:/programy/gccarm/bin/../lib/gcc/arm-none-eabi/4.7.3/../../../../arm-none-eabi/lib/armv7e-m/fpu\libc.a(lib_a-freer.o)
                0x0800c36c                _malloc_trim_r
 .text._free_r  0x0800c404      0x194 c:/programy/gccarm/bin/../lib/gcc/arm-none-eabi/4.7.3/../../../../arm-none-eabi/lib/armv7e-m/fpu\libc.a(lib_a-freer.o)
                0x0800c404                _free_r
 .text.__sfvwrite_r
                0x0800c598      0x314 c:/programy/gccarm/bin/../lib/gcc/arm-none-eabi/4.7.3/../../../../arm-none-eabi/lib/armv7e-m/fpu\libc.a(lib_a-fvwrite.o)
                0x0800c598                __sfvwrite_r
 .text._fwalk   0x0800c8ac       0xb8 c:/programy/gccarm/bin/../lib/gcc/arm-none-eabi/4.7.3/../../../../arm-none-eabi/lib/armv7e-m/fpu\libc.a(lib_a-fwalk.o)
                0x0800c8ac                _fwalk
 .text.iswspace
                0x0800c964       0x1c c:/programy/gccarm/bin/../lib/gcc/arm-none-eabi/4.7.3/../../../../arm-none-eabi/lib/armv7e-m/fpu\libc.a(lib_a-iswspace.o)
                0x0800c964                iswspace
 .text.__locale_charset
                0x0800c980        0xc c:/programy/gccarm/bin/../lib/gcc/arm-none-eabi/4.7.3/../../../../arm-none-eabi/lib/armv7e-m/fpu\libc.a(lib_a-locale.o)
                0x0800c980                __locale_charset
 .text.__locale_mb_cur_max
                0x0800c98c        0xc c:/programy/gccarm/bin/../lib/gcc/arm-none-eabi/4.7.3/../../../../arm-none-eabi/lib/armv7e-m/fpu\libc.a(lib_a-locale.o)
                0x0800c98c                __locale_mb_cur_max
 .text._lseek_r
                0x0800c998       0x28 c:/programy/gccarm/bin/../lib/gcc/arm-none-eabi/4.7.3/../../../../arm-none-eabi/lib/armv7e-m/fpu\libc.a(lib_a-lseekr.o)
                0x0800c998                _lseek_r
 .text.__smakebuf_r
                0x0800c9c0       0xe8 c:/programy/gccarm/bin/../lib/gcc/arm-none-eabi/4.7.3/../../../../arm-none-eabi/lib/armv7e-m/fpu\libc.a(lib_a-makebuf.o)
                0x0800c9c0                __smakebuf_r
 .text._mbrtowc_r
                0x0800caa8       0x5c c:/programy/gccarm/bin/../lib/gcc/arm-none-eabi/4.7.3/../../../../arm-none-eabi/lib/armv7e-m/fpu\libc.a(lib_a-mbrtowc.o)
                0x0800caa8                _mbrtowc_r
 .text.__ascii_mbtowc
                0x0800cb04       0x28 c:/programy/gccarm/bin/../lib/gcc/arm-none-eabi/4.7.3/../../../../arm-none-eabi/lib/armv7e-m/fpu\libc.a(lib_a-mbtowc_r.o)
                0x0800cb04                __ascii_mbtowc
 .text.memchr   0x0800cb2c      0x140 c:/programy/gccarm/bin/../lib/gcc/arm-none-eabi/4.7.3/../../../../arm-none-eabi/lib/armv7e-m/fpu\libc.a(lib_a-memchr.o)
                0x0800cb2c                memchr
 .text.memmove  0x0800cc6c      0x198 c:/programy/gccarm/bin/../lib/gcc/arm-none-eabi/4.7.3/../../../../arm-none-eabi/lib/armv7e-m/fpu\libc.a(lib_a-memmove.o)
                0x0800cc6c                memmove
 .text._read_r  0x0800ce04       0x28 c:/programy/gccarm/bin/../lib/gcc/arm-none-eabi/4.7.3/../../../../arm-none-eabi/lib/armv7e-m/fpu\libc.a(lib_a-readr.o)
                0x0800ce04                _read_r
 .text._realloc_r
                0x0800ce2c      0x3dc c:/programy/gccarm/bin/../lib/gcc/arm-none-eabi/4.7.3/../../../../arm-none-eabi/lib/armv7e-m/fpu\libc.a(lib_a-reallocr.o)
                0x0800ce2c                _realloc_r
 .text.__sccl   0x0800d208       0x94 c:/programy/gccarm/bin/../lib/gcc/arm-none-eabi/4.7.3/../../../../arm-none-eabi/lib/armv7e-m/fpu\libc.a(lib_a-sccl.o)
                0x0800d208                __sccl
 .text._raise_r
                0x0800d29c       0x58 c:/programy/gccarm/bin/../lib/gcc/arm-none-eabi/4.7.3/../../../../arm-none-eabi/lib/armv7e-m/fpu\libc.a(lib_a-signal.o)
                0x0800d29c                _raise_r
 .text.raise    0x0800d2f4       0x10 c:/programy/gccarm/bin/../lib/gcc/arm-none-eabi/4.7.3/../../../../arm-none-eabi/lib/armv7e-m/fpu\libc.a(lib_a-signal.o)
                0x0800d2f4                raise
 .text._kill_r  0x0800d304       0x28 c:/programy/gccarm/bin/../lib/gcc/arm-none-eabi/4.7.3/../../../../arm-none-eabi/lib/armv7e-m/fpu\libc.a(lib_a-signalr.o)
                0x0800d304                _kill_r
 .text._getpid_r
                0x0800d32c        0x4 c:/programy/gccarm/bin/../lib/gcc/arm-none-eabi/4.7.3/../../../../arm-none-eabi/lib/armv7e-m/fpu\libc.a(lib_a-signalr.o)
                0x0800d32c                _getpid_r
 .text._strtoll_r
                0x0800d330      0x1b8 c:/programy/gccarm/bin/../lib/gcc/arm-none-eabi/4.7.3/../../../../arm-none-eabi/lib/armv7e-m/fpu\libc.a(lib_a-strtoll_r.o)
                0x0800d330                _strtoll_r
 .text._strtoull_r
                0x0800d4e8      0x1fc c:/programy/gccarm/bin/../lib/gcc/arm-none-eabi/4.7.3/../../../../arm-none-eabi/lib/armv7e-m/fpu\libc.a(lib_a-strtoull_r.o)
                0x0800d4e8                _strtoull_r
 .text.__swbuf_r
                0x0800d6e4       0xbc c:/programy/gccarm/bin/../lib/gcc/arm-none-eabi/4.7.3/../../../../arm-none-eabi/lib/armv7e-m/fpu\libc.a(lib_a-wbuf.o)
                0x0800d6e4                __swbuf_r
 .text._wcrtomb_r
                0x0800d7a0       0x50 c:/programy/gccarm/bin/../lib/gcc/arm-none-eabi/4.7.3/../../../../arm-none-eabi/lib/armv7e-m/fpu\libc.a(lib_a-wcrtomb.o)
                0x0800d7a0                _wcrtomb_r
 .text.__ascii_wctomb
                0x0800d7f0       0x1c c:/programy/gccarm/bin/../lib/gcc/arm-none-eabi/4.7.3/../../../../arm-none-eabi/lib/armv7e-m/fpu\libc.a(lib_a-wctomb_r.o)
                0x0800d7f0                __ascii_wctomb
 .text._fclose_r
                0x0800d80c       0x94 c:/programy/gccarm/bin/../lib/gcc/arm-none-eabi/4.7.3/../../../../arm-none-eabi/lib/armv7e-m/fpu\libc.a(lib_a-fclose.o)
                0x0800d80c                _fclose_r
 .text.fclose   0x0800d8a0       0x10 c:/programy/gccarm/bin/../lib/gcc/arm-none-eabi/4.7.3/../../../../arm-none-eabi/lib/armv7e-m/fpu\libc.a(lib_a-fclose.o)
                0x0800d8a0                fclose
 .text._fstat_r
                0x0800d8b0       0x28 c:/programy/gccarm/bin/../lib/gcc/arm-none-eabi/4.7.3/../../../../arm-none-eabi/lib/armv7e-m/fpu\libc.a(lib_a-fstatr.o)
                0x0800d8b0                _fstat_r
 .text._isatty_r
                0x0800d8d8       0x24 c:/programy/gccarm/bin/../lib/gcc/arm-none-eabi/4.7.3/../../../../arm-none-eabi/lib/armv7e-m/fpu\libc.a(lib_a-isattyr.o)
                0x0800d8d8                _isatty_r
 .text._close   0x0800d8fc       0x14 c:/programy/gccarm/bin/../lib/gcc/arm-none-eabi/4.7.3/../../../../arm-none-eabi/lib/armv7e-m/fpu\libnosys.a(close.o)
                0x0800d8fc                _close
 .text._fstat   0x0800d910       0x14 c:/programy/gccarm/bin/../lib/gcc/arm-none-eabi/4.7.3/../../../../arm-none-eabi/lib/armv7e-m/fpu\libnosys.a(fstat.o)
                0x0800d910                _fstat
 .text._getpid  0x0800d924       0x14 c:/programy/gccarm/bin/../lib/gcc/arm-none-eabi/4.7.3/../../../../arm-none-eabi/lib/armv7e-m/fpu\libnosys.a(getpid.o)
                0x0800d924                _getpid
 .text._isatty  0x0800d938       0x10 c:/programy/gccarm/bin/../lib/gcc/arm-none-eabi/4.7.3/../../../../arm-none-eabi/lib/armv7e-m/fpu\libnosys.a(isatty.o)
                0x0800d938                _isatty
 .text._kill    0x0800d948       0x14 c:/programy/gccarm/bin/../lib/gcc/arm-none-eabi/4.7.3/../../../../arm-none-eabi/lib/armv7e-m/fpu\libnosys.a(kill.o)
                0x0800d948                _kill
 .text._lseek   0x0800d95c       0x14 c:/programy/gccarm/bin/../lib/gcc/arm-none-eabi/4.7.3/../../../../arm-none-eabi/lib/armv7e-m/fpu\libnosys.a(lseek.o)
                0x0800d95c                _lseek
 .text._read    0x0800d970       0x14 c:/programy/gccarm/bin/../lib/gcc/arm-none-eabi/4.7.3/../../../../arm-none-eabi/lib/armv7e-m/fpu\libnosys.a(read.o)
                0x0800d970                _read
 .text._sbrk    0x0800d984       0x34 c:/programy/gccarm/bin/../lib/gcc/arm-none-eabi/4.7.3/../../../../arm-none-eabi/lib/armv7e-m/fpu\libnosys.a(sbrk.o)
                0x0800d984                _sbrk
 .text._write   0x0800d9b8       0x14 c:/programy/gccarm/bin/../lib/gcc/arm-none-eabi/4.7.3/../../../../arm-none-eabi/lib/armv7e-m/fpu\libnosys.a(write.o)
                0x0800d9b8                _write
 .text._exit    0x0800d9cc        0x4 c:/programy/gccarm/bin/../lib/gcc/arm-none-eabi/4.7.3/../../../../arm-none-eabi/lib/armv7e-m/fpu\libnosys.a(_exit.o)
                0x0800d9cc                _exit
 .text          0x0800d9d0       0x2c c:/programy/gccarm/bin/../lib/gcc/arm-none-eabi/4.7.3/armv7e-m/fpu\libgcc.a(_aeabi_uldivmod.o)
                0x0800d9d0                __aeabi_uldivmod
 .text          0x0800d9fc       0x58 c:/programy/gccarm/bin/../lib/gcc/arm-none-eabi/4.7.3/armv7e-m/fpu\libgcc.a(bpabi.o)
                0x0800d9fc                __gnu_ldivmod_helper
                0x0800da28                __gnu_uldivmod_helper
 .text          0x0800da54        0x4 c:/programy/gccarm/bin/../lib/gcc/arm-none-eabi/4.7.3/armv7e-m/fpu\libgcc.a(_dvmd_tls.o)
                0x0800da54                __aeabi_idiv0
                0x0800da54                __aeabi_ldiv0
 .text          0x0800da58      0x2bc c:/programy/gccarm/bin/../lib/gcc/arm-none-eabi/4.7.3/armv7e-m/fpu\libgcc.a(_divdi3.o)
                0x0800da58                __divdi3
 .text          0x0800dd14      0x288 c:/programy/gccarm/bin/../lib/gcc/arm-none-eabi/4.7.3/armv7e-m/fpu\libgcc.a(_udivdi3.o)
                0x0800dd14                __udivdi3
                0x0800df9c                . = ALIGN (0x4)
 *(.rodata*)
 .rodata        0x0800df9c       0x14 adiv5.o
 .rodata.str1.4
                0x0800dfb0       0x15 adiv5_jtagdp.o
                                 0x18 (size before relaxing)
 *fill*         0x0800dfc5        0x3 00
 .rodata.str1.4
                0x0800dfc8        0xc adiv5_swdp.o
                                 0x24 (size before relaxing)
 .rodata        0x0800dfd4        0xc arm7tdmi.o
 .rodata        0x0800dfe0       0x6c command.o
                0x0800dfe0                cmd_list
 .rodata.str1.4
                0x0800e04c      0x384 command.o
                                0x38c (size before relaxing)
 .rodata        0x0800e3d0      0xc0c cortexm.o
                0x0800e8b8                cortexm_cmd_list
 .rodata.str1.4
                0x0800efdc      0x179 cortexm.o
                                0x180 (size before relaxing)
 *fill*         0x0800f155        0x3 00
 .rodata.str1.4
                0x0800f158      0x176 gdb_main.o
                                0x190 (size before relaxing)
 *fill*         0x0800f2ce        0x2 00
 .rodata.str1.4
                0x0800f2d0        0x5 gdb_packet.o
                                  0x8 (size before relaxing)
 *fill*         0x0800f2d5        0x3 00
 .rodata        0x0800f2d8       0x14 hex_utils.o
 .rodata        0x0800f2ec      0x10c jtag_scan.o
 .rodata.str1.4
                0x0800f3f8      0x208 jtag_scan.o
                                0x214 (size before relaxing)
 .rodata        0x0800f600       0xf0 lmi.o
 .rodata        0x0800f6f0       0xe0 lpc11xx.o
 .rodata.str1.4
                0x0800f7d0        0x8 lpc11xx.o
 .rodata        0x0800f7d8      0x2d4 lpc43xx.o
                0x0800fa94                lpc43xx_cmd_list
 .rodata.str1.4
                0x0800faac       0x76 lpc43xx.o
                                 0x78 (size before relaxing)
 *fill*         0x0800fb22        0x2 00
 .rodata        0x0800fb24        0x8 main.o
 .rodata.str1.4
                0x0800fb2c       0x1d main.o
                                 0x20 (size before relaxing)
 *fill*         0x0800fb49        0x3 00
 .rodata        0x0800fb4c       0x68 platform.o
 .rodata.str1.4
                0x0800fbb4        0x8 platform.o
 .rodata        0x0800fbbc      0x254 sam3x.o
                0x0800fcd4                sam3x_cmd_list
 .rodata.str1.4
                0x0800fe10       0x96 sam3x.o
                                 0x98 (size before relaxing)
 *fill*         0x0800fea6        0x2 00
 .rodata        0x0800fea8      0x228 stm32f1.o
                0x0800ff9c                stm32f1_cmd_list
 .rodata.str1.4
                0x080100d0       0xa8 stm32f1.o
                                 0xd0 (size before relaxing)
 .rodata        0x08010178      0x398 stm32f4.o
                0x080104ec                stm32f4_cmd_list
 .rodata.str1.4
                0x08010510       0x74 stm32f4.o
                                 0xf8 (size before relaxing)
 .rodata        0x08010584       0xe8 stm32l1.o
 .rodata        0x0801066c      0x188 cdcacm.o
                0x08010690                trace_iface
                0x080106a8                dfu_iface
                0x080106c0                dfu_function
 .rodata.str1.4
                0x080107f4       0xd2 cdcacm.o
                                 0xd4 (size before relaxing)
 *fill*         0x080108c6        0x2 00
 .rodata.hse_8mhz_3v3
                0x080108c8       0x48 ../libopencm3/lib\libopencm3_stm32f4.a(rcc.o)
                0x080108c8                hse_8mhz_3v3
 .rodata.CSWTCH.22
                0x08010910       0x30 ../libopencm3/lib\libopencm3_stm32f4.a(usb_standard.o)
 .rodata.CSWTCH.19
                0x08010940       0x28 ../libopencm3/lib\libopencm3_stm32f4.a(usb_standard.o)
 .rodata.stm32f107_usb_driver
                0x08010968       0x34 ../libopencm3/lib\libopencm3_stm32f4.a(usb_f107.o)
                0x08010968                stm32f107_usb_driver
 .rodata.str1.4
                0x0801099c       0x3f c:/programy/gccarm/bin/../lib/gcc/arm-none-eabi/4.7.3/../../../../arm-none-eabi/lib/armv7e-m/fpu\libc.a(lib_a-assert.o)
                                 0x44 (size before relaxing)
 *fill*         0x080109db        0x1 00
 .rodata.str1.4
                0x080109dc        0x2 c:/programy/gccarm/bin/../lib/gcc/arm-none-eabi/4.7.3/../../../../arm-none-eabi/lib/armv7e-m/fpu\libc.a(lib_a-impure.o)
                                  0x4 (size before relaxing)
 *fill*         0x080109de        0x2 00
 .rodata.zeroes.6665
                0x080109e0       0x10 c:/programy/gccarm/bin/../lib/gcc/arm-none-eabi/4.7.3/../../../../arm-none-eabi/lib/armv7e-m/fpu\libc.a(lib_a-svfiprintf.o)
 .rodata.str1.4
                0x080109f0       0x30 c:/programy/gccarm/bin/../lib/gcc/arm-none-eabi/4.7.3/../../../../arm-none-eabi/lib/armv7e-m/fpu\libc.a(lib_a-svfiprintf.o)
 .rodata.blanks.6664
                0x08010a20       0x10 c:/programy/gccarm/bin/../lib/gcc/arm-none-eabi/4.7.3/../../../../arm-none-eabi/lib/armv7e-m/fpu\libc.a(lib_a-svfiprintf.o)
 .rodata.basefix.6137
                0x08010a30       0x24 c:/programy/gccarm/bin/../lib/gcc/arm-none-eabi/4.7.3/../../../../arm-none-eabi/lib/armv7e-m/fpu\libc.a(lib_a-svfiscanf.o)
 .rodata.blanks.6678
                0x08010a54       0x10 c:/programy/gccarm/bin/../lib/gcc/arm-none-eabi/4.7.3/../../../../arm-none-eabi/lib/armv7e-m/fpu\libc.a(lib_a-vfiprintf.o)
 .rodata.str1.4
                0x00000000       0x30 c:/programy/gccarm/bin/../lib/gcc/arm-none-eabi/4.7.3/../../../../arm-none-eabi/lib/armv7e-m/fpu\libc.a(lib_a-vfiprintf.o)
 .rodata.zeroes.6679
                0x08010a64       0x10 c:/programy/gccarm/bin/../lib/gcc/arm-none-eabi/4.7.3/../../../../arm-none-eabi/lib/armv7e-m/fpu\libc.a(lib_a-vfiprintf.o)
 .rodata._ctype_
                0x08010a74      0x104 c:/programy/gccarm/bin/../lib/gcc/arm-none-eabi/4.7.3/../../../../arm-none-eabi/lib/armv7e-m/fpu\libc.a(lib_a-ctype_.o)
                0x08010a74                _ctype_
 .rodata.str1.4
                0x00000000        0x4 c:/programy/gccarm/bin/../lib/gcc/arm-none-eabi/4.7.3/../../../../arm-none-eabi/lib/armv7e-m/fpu\libc.a(lib_a-mbrtowc.o)
                0x08010b78                . = ALIGN (0x4)

.glue_7         0x08010b78        0x0
 .glue_7        0x00000000        0x0 linker stubs

.glue_7t        0x08010b78        0x0
 .glue_7t       0x00000000        0x0 linker stubs

.vfp11_veneer   0x08010b78        0x0
 .vfp11_veneer  0x00000000        0x0 linker stubs

.v4_bx          0x08010b78        0x0
 .v4_bx         0x00000000        0x0 linker stubs

.iplt           0x08010b78        0x0
 .iplt          0x00000000        0x0 adiv5.o

.preinit_array  0x08010b78        0x0
                0x08010b78                . = ALIGN (0x4)
                0x08010b78                __preinit_array_start = .
 *(.preinit_array)
                0x08010b78                __preinit_array_end = .

.init_array     0x08010b78        0x0
                0x08010b78                . = ALIGN (0x4)
                0x08010b78                __init_array_start = .
 *(SORT(.init_array.*))
 *(.init_array)
                0x08010b78                __init_array_end = .

.fini_array     0x08010b78        0x0
                0x08010b78                . = ALIGN (0x4)
                0x08010b78                __fini_array_start = .
 *(.fini_array)
 *(SORT(.fini_array.*))
                0x08010b78                __fini_array_end = .

.ARM.extab
 *(.ARM.extab*)

.ARM.exidx      0x08010b78        0x8
                0x08010b78                __exidx_start = .
 *(.ARM.exidx*)
 .ARM.exidx     0x08010b78        0x8 c:/programy/gccarm/bin/../lib/gcc/arm-none-eabi/4.7.3/armv7e-m/fpu\libgcc.a(_divdi3.o)
 .ARM.exidx     0x08010b80        0x0 c:/programy/gccarm/bin/../lib/gcc/arm-none-eabi/4.7.3/armv7e-m/fpu\libgcc.a(_udivdi3.o)
                                  0x8 (size before relaxing)
                0x08010b80                __exidx_end = .

.rel.dyn        0x08010b80        0x0
 .rel.iplt      0x00000000        0x0 adiv5.o
                0x08010b80                . = ALIGN (0x4)
                0x08010b80                _etext = .

.data           0x20000000      0x934 load address 0x08010b80
                0x20000000                _data = .
 *(.data*)
 .data          0x20000000       0x10 cortexm.o
 .data          0x20000010       0x30 lmi.o
                0x20000010                lmi_flash_write_stub
 .data          0x20000040       0x2c stm32f1.o
                0x20000040                stm32f1_flash_write_stub
 .data          0x2000006c       0x30 stm32f4.o
                0x2000006c                stm32f4_flash_write_stub
 .data          0x2000009c       0x20 cdcacm.o
 .data.rcc_ppre1_frequency
                0x200000bc        0x4 ../libopencm3/lib\libopencm3_stm32f4.a(rcc.o)
                0x200000bc                rcc_ppre1_frequency
 .data.rcc_ppre2_frequency
                0x200000c0        0x4 ../libopencm3/lib\libopencm3_stm32f4.a(rcc.o)
                0x200000c0                rcc_ppre2_frequency
 *fill*         0x200000c4        0x4 00
 .data.impure_data
                0x200000c8      0x428 c:/programy/gccarm/bin/../lib/gcc/arm-none-eabi/4.7.3/../../../../arm-none-eabi/lib/armv7e-m/fpu\libc.a(lib_a-impure.o)
 .data._impure_ptr
                0x200004f0        0x4 c:/programy/gccarm/bin/../lib/gcc/arm-none-eabi/4.7.3/../../../../arm-none-eabi/lib/armv7e-m/fpu\libc.a(lib_a-impure.o)
                0x200004f0                _impure_ptr
 .data.__malloc_av_
                0x200004f4      0x408 c:/programy/gccarm/bin/../lib/gcc/arm-none-eabi/4.7.3/../../../../arm-none-eabi/lib/armv7e-m/fpu\libc.a(lib_a-mallocr.o)
                0x200004f4                __malloc_av_
 .data.__malloc_trim_threshold
                0x200008fc        0x4 c:/programy/gccarm/bin/../lib/gcc/arm-none-eabi/4.7.3/../../../../arm-none-eabi/lib/armv7e-m/fpu\libc.a(lib_a-mallocr.o)
                0x200008fc                __malloc_trim_threshold
 .data.__malloc_sbrk_base
                0x20000900        0x4 c:/programy/gccarm/bin/../lib/gcc/arm-none-eabi/4.7.3/../../../../arm-none-eabi/lib/armv7e-m/fpu\libc.a(lib_a-mallocr.o)
                0x20000900                __malloc_sbrk_base
 .data.__ctype_ptr__
                0x20000904        0x4 c:/programy/gccarm/bin/../lib/gcc/arm-none-eabi/4.7.3/../../../../arm-none-eabi/lib/armv7e-m/fpu\libc.a(lib_a-ctype_.o)
                0x20000904                __ctype_ptr__
 .data.lc_ctype_charset
                0x20000908       0x20 c:/programy/gccarm/bin/../lib/gcc/arm-none-eabi/4.7.3/../../../../arm-none-eabi/lib/armv7e-m/fpu\libc.a(lib_a-locale.o)
 .data.__mb_cur_max
                0x20000928        0x4 c:/programy/gccarm/bin/../lib/gcc/arm-none-eabi/4.7.3/../../../../arm-none-eabi/lib/armv7e-m/fpu\libc.a(lib_a-locale.o)
                0x20000928                __mb_cur_max
 .data.__mbtowc
                0x2000092c        0x4 c:/programy/gccarm/bin/../lib/gcc/arm-none-eabi/4.7.3/../../../../arm-none-eabi/lib/armv7e-m/fpu\libc.a(lib_a-mbtowc_r.o)
                0x2000092c                __mbtowc
 .data.__wctomb
                0x20000930        0x4 c:/programy/gccarm/bin/../lib/gcc/arm-none-eabi/4.7.3/../../../../arm-none-eabi/lib/armv7e-m/fpu\libc.a(lib_a-wctomb_r.o)
                0x20000930                __wctomb
                0x20000934                . = ALIGN (0x4)
                0x20000934                _edata = .
                0x08010b80                _data_loadaddr = LOADADDR (.data)

.igot.plt       0x20000934        0x0 load address 0x080114b4
 .igot.plt      0x00000000        0x0 adiv5.o

.bss            0x20000934      0x9d8 load address 0x080114b4
 *(.bss*)
 .bss           0x20000934       0xd0 gdb_if.o
 .bss           0x20000a04      0x40c gdb_main.o
 .bss           0x20000e10      0x128 lpc11xx.o
 .bss           0x20000f38        0xc platform.o
 .bss           0x20000f44        0x1 swdptap.o
 *fill*         0x20000f45        0x3 00
 .bss           0x20000f48        0x4 target.o
                0x20000f48                target_list
 .bss           0x20000f4c        0x4 cdcacm.o
 .bss           0x20000f50       0x60 traceswo.o
 .bss           0x20000fb0       0x44 usbuart.o
 .bss.usbd_dev  0x20000ff4       0xe8 ../libopencm3/lib\libopencm3_stm32f4.a(usb_f107.o)
 .bss.__malloc_max_total_mem
                0x200010dc        0x4 c:/programy/gccarm/bin/../lib/gcc/arm-none-eabi/4.7.3/../../../../arm-none-eabi/lib/armv7e-m/fpu\libc.a(lib_a-mallocr.o)
                0x200010dc                __malloc_max_total_mem
 .bss.__malloc_max_sbrked_mem
                0x200010e0        0x4 c:/programy/gccarm/bin/../lib/gcc/arm-none-eabi/4.7.3/../../../../arm-none-eabi/lib/armv7e-m/fpu\libc.a(lib_a-mallocr.o)
                0x200010e0                __malloc_max_sbrked_mem
 .bss.__malloc_top_pad
                0x200010e4        0x4 c:/programy/gccarm/bin/../lib/gcc/arm-none-eabi/4.7.3/../../../../arm-none-eabi/lib/armv7e-m/fpu\libc.a(lib_a-mallocr.o)
                0x200010e4                __malloc_top_pad
 .bss.__malloc_current_mallinfo
                0x200010e8       0x28 c:/programy/gccarm/bin/../lib/gcc/arm-none-eabi/4.7.3/../../../../arm-none-eabi/lib/armv7e-m/fpu\libc.a(lib_a-mallocr.o)
                0x200010e8                __malloc_current_mallinfo
 .bss.heap_end.4231
                0x20001110        0x4 c:/programy/gccarm/bin/../lib/gcc/arm-none-eabi/4.7.3/../../../../arm-none-eabi/lib/armv7e-m/fpu\libnosys.a(sbrk.o)
 *(COMMON)
 COMMON         0x20001114       0x7c jtag_scan.o
                0x20001114                jtag_dev_count
                0x20001118                jtag_devs
 COMMON         0x20001190       0x65 platform.o
                0x20001190                morse_msg
                0x20001194                timeout_counter
                0x20001198                fatal_error_jmpbuf
                0x200011f4                running_status
 COMMON         0x200011f5        0x1 target.o
                0x200011f5                connect_assert_srst
 *fill*         0x200011f6        0x2 00
 COMMON         0x200011f8      0x10d cdcacm.o
                0x200011f8                usbdev
                0x200011fc                usbd_control_buffer
                0x200012fc                serial_no
 *fill*         0x20001305        0x3 00
 COMMON         0x20001308        0x4 c:/programy/gccarm/bin/../lib/gcc/arm-none-eabi/4.7.3/../../../../arm-none-eabi/lib/armv7e-m/fpu\libc.a(lib_a-reent.o)
                0x20001308                errno
                0x2000130c                . = ALIGN (0x4)
                0x2000130c                _ebss = .

/DISCARD/
 *(.eh_frame)
                0x2000130c                . = ALIGN (0x4)
                0x2000130c                end = .
                0x20020000                PROVIDE (_stack, (ORIGIN (ram) + 0x20000))
LOAD c:/programy/gccarm/bin/../lib/gcc/arm-none-eabi/4.7.3/../../../../arm-none-eabi/lib/armv7e-m/fpu\libc.a
LOAD c:/programy/gccarm/bin/../lib/gcc/arm-none-eabi/4.7.3/../../../../arm-none-eabi/lib/armv7e-m/fpu\libnosys.a
START GROUP
LOAD c:/programy/gccarm/bin/../lib/gcc/arm-none-eabi/4.7.3/armv7e-m/fpu\libgcc.a
LOAD c:/programy/gccarm/bin/../lib/gcc/arm-none-eabi/4.7.3/../../../../arm-none-eabi/lib/armv7e-m/fpu\libc.a
END GROUP
OUTPUT(blackmagic.elf elf32-littlearm)

.debug_info     0x00000000    0x1da0a
 .debug_info    0x00000000     0x1d2e adiv5.o
 .debug_info    0x00001d2e      0x6fb adiv5_jtagdp.o
 .debug_info    0x00002429      0xd9c adiv5_swdp.o
 .debug_info    0x000031c5      0xe26 arm7tdmi.o
 .debug_info    0x00003feb      0xdd6 command.o
 .debug_info    0x00004dc1     0x28e7 cortexm.o
 .debug_info    0x000076a8      0x6b6 crc32.o
 .debug_info    0x00007d5e      0x3ed gdb_if.o
 .debug_info    0x0000814b     0x15a2 gdb_main.o
 .debug_info    0x000096ed      0x692 gdb_packet.o
 .debug_info    0x00009d7f      0x1f2 hex_utils.o
 .debug_info    0x00009f71      0xc2b jtag_scan.o
 .debug_info    0x0000ab9c      0x912 jtagtap.o
 .debug_info    0x0000b4ae      0xc88 lmi.o
 .debug_info    0x0000c136      0xd45 lpc11xx.o
 .debug_info    0x0000ce7b     0x12ad lpc43xx.o
 .debug_info    0x0000e128      0x1d1 main.o
 .debug_info    0x0000e2f9      0x7ba platform.o
 .debug_info    0x0000eab3     0x1283 sam3x.o
 .debug_info    0x0000fd36     0x1482 stm32f1.o
 .debug_info    0x000111b8     0x118c stm32f4.o
 .debug_info    0x00012344      0xd76 stm32l1.o
 .debug_info    0x000130ba      0x891 swdptap.o
 .debug_info    0x0001394b      0x72f target.o
 .debug_info    0x0001407a     0x116a cdcacm.o
 .debug_info    0x000151e4      0x713 traceswo.o
 .debug_info    0x000158f7      0x7b0 usbuart.o
 .debug_info    0x000160a7      0x98a ../libopencm3/lib\libopencm3_stm32f4.a(rcc.o)
 .debug_info    0x00016a31      0x225 ../libopencm3/lib\libopencm3_stm32f4.a(gpio_common_all.o)
 .debug_info    0x00016c56      0x1d9 ../libopencm3/lib\libopencm3_stm32f4.a(gpio_common_f234.o)
 .debug_info    0x00016e2f     0x1272 ../libopencm3/lib\libopencm3_stm32f4.a(timer_common_all.o)
 .debug_info    0x000180a1      0x101 ../libopencm3/lib\libopencm3_stm32f4.a(timer_common_f234.o)
 .debug_info    0x000181a2      0x521 ../libopencm3/lib\libopencm3_stm32f4.a(usart_common_all.o)
 .debug_info    0x000186c3      0x1bd ../libopencm3/lib\libopencm3_stm32f4.a(usart_common_f124.o)
 .debug_info    0x00018880      0x130 ../libopencm3/lib\libopencm3_stm32f4.a(flash_common_f234.o)
 .debug_info    0x000189b0      0xe10 ../libopencm3/lib\libopencm3_stm32f4.a(usb.o)
 .debug_info    0x000197c0     0x141f ../libopencm3/lib\libopencm3_stm32f4.a(usb_standard.o)
 .debug_info    0x0001abdf      0xf13 ../libopencm3/lib\libopencm3_stm32f4.a(usb_control.o)
 .debug_info    0x0001baf2      0x97d ../libopencm3/lib\libopencm3_stm32f4.a(usb_f107.o)
 .debug_info    0x0001c46f      0x2ec ../libopencm3/lib\libopencm3_stm32f4.a(vector.o)
 .debug_info    0x0001c75b      0x190 ../libopencm3/lib\libopencm3_stm32f4.a(systick.o)
 .debug_info    0x0001c8eb       0xd8 ../libopencm3/lib\libopencm3_stm32f4.a(scb.o)
 .debug_info    0x0001c9c3      0x217 ../libopencm3/lib\libopencm3_stm32f4.a(nvic.o)
 .debug_info    0x0001cbda       0xc0 ../libopencm3/lib\libopencm3_stm32f4.a(pwr.o)
 .debug_info    0x0001cc9a      0xd70 ../libopencm3/lib\libopencm3_stm32f4.a(usb_fx07_common.o)

.debug_abbrev   0x00000000     0x5c21
 .debug_abbrev  0x00000000      0x469 adiv5.o
 .debug_abbrev  0x00000469      0x217 adiv5_jtagdp.o
 .debug_abbrev  0x00000680      0x232 adiv5_swdp.o
 .debug_abbrev  0x000008b2      0x32b arm7tdmi.o
 .debug_abbrev  0x00000bdd      0x29e command.o
 .debug_abbrev  0x00000e7b      0x3b8 cortexm.o
 .debug_abbrev  0x00001233      0x114 crc32.o
 .debug_abbrev  0x00001347      0x183 gdb_if.o
 .debug_abbrev  0x000014ca      0x37b gdb_main.o
 .debug_abbrev  0x00001845      0x1bc gdb_packet.o
 .debug_abbrev  0x00001a01      0x129 hex_utils.o
 .debug_abbrev  0x00001b2a      0x240 jtag_scan.o
 .debug_abbrev  0x00001d6a      0x1ff jtagtap.o
 .debug_abbrev  0x00001f69      0x29c lmi.o
 .debug_abbrev  0x00002205      0x2b8 lpc11xx.o
 .debug_abbrev  0x000024bd      0x347 lpc43xx.o
 .debug_abbrev  0x00002804      0x127 main.o
 .debug_abbrev  0x0000292b      0x2e9 platform.o
 .debug_abbrev  0x00002c14      0x32e sam3x.o
 .debug_abbrev  0x00002f42      0x371 stm32f1.o
 .debug_abbrev  0x000032b3      0x34e stm32f4.o
 .debug_abbrev  0x00003601      0x283 stm32l1.o
 .debug_abbrev  0x00003884      0x1f6 swdptap.o
 .debug_abbrev  0x00003a7a      0x1ba target.o
 .debug_abbrev  0x00003c34      0x31c cdcacm.o
 .debug_abbrev  0x00003f50      0x1c0 traceswo.o
 .debug_abbrev  0x00004110      0x221 usbuart.o
 .debug_abbrev  0x00004331      0x2c3 ../libopencm3/lib\libopencm3_stm32f4.a(rcc.o)
 .debug_abbrev  0x000045f4       0xfe ../libopencm3/lib\libopencm3_stm32f4.a(gpio_common_all.o)
 .debug_abbrev  0x000046f2       0xb6 ../libopencm3/lib\libopencm3_stm32f4.a(gpio_common_f234.o)
 .debug_abbrev  0x000047a8      0x1bc ../libopencm3/lib\libopencm3_stm32f4.a(timer_common_all.o)
 .debug_abbrev  0x00004964       0x96 ../libopencm3/lib\libopencm3_stm32f4.a(timer_common_f234.o)
 .debug_abbrev  0x000049fa      0x144 ../libopencm3/lib\libopencm3_stm32f4.a(usart_common_all.o)
 .debug_abbrev  0x00004b3e       0xb6 ../libopencm3/lib\libopencm3_stm32f4.a(usart_common_f124.o)
 .debug_abbrev  0x00004bf4       0x89 ../libopencm3/lib\libopencm3_stm32f4.a(flash_common_f234.o)
 .debug_abbrev  0x00004c7d      0x1ec ../libopencm3/lib\libopencm3_stm32f4.a(usb.o)
 .debug_abbrev  0x00004e69      0x3aa ../libopencm3/lib\libopencm3_stm32f4.a(usb_standard.o)
 .debug_abbrev  0x00005213      0x316 ../libopencm3/lib\libopencm3_stm32f4.a(usb_control.o)
 .debug_abbrev  0x00005529      0x10d ../libopencm3/lib\libopencm3_stm32f4.a(usb_f107.o)
 .debug_abbrev  0x00005636      0x139 ../libopencm3/lib\libopencm3_stm32f4.a(vector.o)
 .debug_abbrev  0x0000576f       0x94 ../libopencm3/lib\libopencm3_stm32f4.a(systick.o)
 .debug_abbrev  0x00005803       0x78 ../libopencm3/lib\libopencm3_stm32f4.a(scb.o)
 .debug_abbrev  0x0000587b       0xa5 ../libopencm3/lib\libopencm3_stm32f4.a(nvic.o)
 .debug_abbrev  0x00005920       0x76 ../libopencm3/lib\libopencm3_stm32f4.a(pwr.o)
 .debug_abbrev  0x00005996      0x28b ../libopencm3/lib\libopencm3_stm32f4.a(usb_fx07_common.o)

.debug_loc      0x00000000     0xd2cf
 .debug_loc     0x00000000     0x13a0 adiv5.o
 .debug_loc     0x000013a0      0x303 adiv5_jtagdp.o
 .debug_loc     0x000016a3      0x435 adiv5_swdp.o
 .debug_loc     0x00001ad8      0x495 arm7tdmi.o
 .debug_loc     0x00001f6d      0x567 command.o
 .debug_loc     0x000024d4     0x1362 cortexm.o
 .debug_loc     0x00003836      0x425 crc32.o
 .debug_loc     0x00003c5b      0x154 gdb_if.o
 .debug_loc     0x00003daf      0x842 gdb_main.o
 .debug_loc     0x000045f1      0x2fd gdb_packet.o
 .debug_loc     0x000048ee      0x24d hex_utils.o
 .debug_loc     0x00004b3b      0x2b2 jtag_scan.o
 .debug_loc     0x00004ded      0xc94 jtagtap.o
 .debug_loc     0x00005a81      0x319 lmi.o
 .debug_loc     0x00005d9a      0x4a7 lpc11xx.o
 .debug_loc     0x00006241      0x740 lpc43xx.o
 .debug_loc     0x00006981       0x62 main.o
 .debug_loc     0x000069e3      0x13e platform.o
 .debug_loc     0x00006b21      0x6cc sam3x.o
 .debug_loc     0x000071ed      0x85b stm32f1.o
 .debug_loc     0x00007a48      0x688 stm32f4.o
 .debug_loc     0x000080d0      0x430 stm32l1.o
 .debug_loc     0x00008500      0x8c4 swdptap.o
 .debug_loc     0x00008dc4      0x1d3 target.o
 .debug_loc     0x00008f97      0x39c cdcacm.o
 .debug_loc     0x00009333      0x1a7 traceswo.o
 .debug_loc     0x000094da      0x205 usbuart.o
 .debug_loc     0x000096df      0x72e ../libopencm3/lib\libopencm3_stm32f4.a(rcc.o)
 .debug_loc     0x00009e0d       0x84 ../libopencm3/lib\libopencm3_stm32f4.a(gpio_common_all.o)
 .debug_loc     0x00009e91       0xe7 ../libopencm3/lib\libopencm3_stm32f4.a(gpio_common_f234.o)
 .debug_loc     0x00009f78      0xce4 ../libopencm3/lib\libopencm3_stm32f4.a(timer_common_all.o)
 .debug_loc     0x0000ac5c       0x7b ../libopencm3/lib\libopencm3_stm32f4.a(timer_common_f234.o)
 .debug_loc     0x0000acd7      0x1d8 ../libopencm3/lib\libopencm3_stm32f4.a(usart_common_all.o)
 .debug_loc     0x0000aeaf       0xd4 ../libopencm3/lib\libopencm3_stm32f4.a(usart_common_f124.o)
 .debug_loc     0x0000af83       0x4a ../libopencm3/lib\libopencm3_stm32f4.a(flash_common_f234.o)
 .debug_loc     0x0000afcd      0x4cd ../libopencm3/lib\libopencm3_stm32f4.a(usb.o)
 .debug_loc     0x0000b49a      0xf86 ../libopencm3/lib\libopencm3_stm32f4.a(usb_standard.o)
 .debug_loc     0x0000c420      0x52d ../libopencm3/lib\libopencm3_stm32f4.a(usb_control.o)
 .debug_loc     0x0000c94d       0xcb ../libopencm3/lib\libopencm3_stm32f4.a(vector.o)
 .debug_loc     0x0000ca18       0x42 ../libopencm3/lib\libopencm3_stm32f4.a(systick.o)
 .debug_loc     0x0000ca5a       0x21 ../libopencm3/lib\libopencm3_stm32f4.a(scb.o)
 .debug_loc     0x0000ca7b      0x142 ../libopencm3/lib\libopencm3_stm32f4.a(nvic.o)
 .debug_loc     0x0000cbbd       0x3a ../libopencm3/lib\libopencm3_stm32f4.a(pwr.o)
 .debug_loc     0x0000cbf7      0x6d8 ../libopencm3/lib\libopencm3_stm32f4.a(usb_fx07_common.o)

.debug_aranges  0x00000000      0xc18
 .debug_aranges
                0x00000000       0x20 adiv5.o
 .debug_aranges
                0x00000020       0x20 adiv5_jtagdp.o
 .debug_aranges
                0x00000040       0x20 adiv5_swdp.o
 .debug_aranges
                0x00000060       0x20 arm7tdmi.o
 .debug_aranges
                0x00000080       0x20 command.o
 .debug_aranges
                0x000000a0       0x20 cortexm.o
 .debug_aranges
                0x000000c0       0x20 crc32.o
 .debug_aranges
                0x000000e0       0x20 gdb_if.o
 .debug_aranges
                0x00000100       0x20 gdb_main.o
 .debug_aranges
                0x00000120       0x20 gdb_packet.o
 .debug_aranges
                0x00000140       0x20 hex_utils.o
 .debug_aranges
                0x00000160       0x20 jtag_scan.o
 .debug_aranges
                0x00000180       0x20 jtagtap.o
 .debug_aranges
                0x000001a0       0x20 lmi.o
 .debug_aranges
                0x000001c0       0x20 lpc11xx.o
 .debug_aranges
                0x000001e0       0x20 lpc43xx.o
 .debug_aranges
                0x00000200       0x20 main.o
 .debug_aranges
                0x00000220       0x20 platform.o
 .debug_aranges
                0x00000240       0x20 sam3x.o
 .debug_aranges
                0x00000260       0x20 stm32f1.o
 .debug_aranges
                0x00000280       0x20 stm32f4.o
 .debug_aranges
                0x000002a0       0x20 stm32l1.o
 .debug_aranges
                0x000002c0       0x20 swdptap.o
 .debug_aranges
                0x000002e0       0x20 target.o
 .debug_aranges
                0x00000300       0x20 cdcacm.o
 .debug_aranges
                0x00000320       0x20 traceswo.o
 .debug_aranges
                0x00000340       0x20 usbuart.o
 .debug_aranges
                0x00000360      0x100 ../libopencm3/lib\libopencm3_stm32f4.a(rcc.o)
 .debug_aranges
                0x00000460       0x50 ../libopencm3/lib\libopencm3_stm32f4.a(gpio_common_all.o)
 .debug_aranges
                0x000004b0       0x30 ../libopencm3/lib\libopencm3_stm32f4.a(gpio_common_f234.o)
 .debug_aranges
                0x000004e0      0x278 ../libopencm3/lib\libopencm3_stm32f4.a(timer_common_all.o)
 .debug_aranges
                0x00000758       0x20 ../libopencm3/lib\libopencm3_stm32f4.a(timer_common_f234.o)
 .debug_aranges
                0x00000778       0xb8 ../libopencm3/lib\libopencm3_stm32f4.a(usart_common_all.o)
 .debug_aranges
                0x00000830       0x48 ../libopencm3/lib\libopencm3_stm32f4.a(usart_common_f124.o)
 .debug_aranges
                0x00000878       0x50 ../libopencm3/lib\libopencm3_stm32f4.a(flash_common_f234.o)
 .debug_aranges
                0x000008c8       0x88 ../libopencm3/lib\libopencm3_stm32f4.a(usb.o)
 .debug_aranges
                0x00000950       0x98 ../libopencm3/lib\libopencm3_stm32f4.a(usb_standard.o)
 .debug_aranges
                0x000009e8       0x60 ../libopencm3/lib\libopencm3_stm32f4.a(usb_control.o)
 .debug_aranges
                0x00000a48       0x20 ../libopencm3/lib\libopencm3_stm32f4.a(usb_f107.o)
 .debug_aranges
                0x00000a68       0x30 ../libopencm3/lib\libopencm3_stm32f4.a(vector.o)
 .debug_aranges
                0x00000a98       0x68 ../libopencm3/lib\libopencm3_stm32f4.a(systick.o)
 .debug_aranges
                0x00000b00       0x30 ../libopencm3/lib\libopencm3_stm32f4.a(scb.o)
 .debug_aranges
                0x00000b30       0x60 ../libopencm3/lib\libopencm3_stm32f4.a(nvic.o)
 .debug_aranges
                0x00000b90       0x20 ../libopencm3/lib\libopencm3_stm32f4.a(pwr.o)
 .debug_aranges
                0x00000bb0       0x68 ../libopencm3/lib\libopencm3_stm32f4.a(usb_fx07_common.o)

.debug_ranges   0x00000000     0x25d8
 .debug_ranges  0x00000000      0x350 adiv5.o
 .debug_ranges  0x00000350       0x30 arm7tdmi.o
 .debug_ranges  0x00000380       0x30 command.o
 .debug_ranges  0x000003b0      0x1f8 cortexm.o
 .debug_ranges  0x000005a8      0x208 gdb_main.o
 .debug_ranges  0x000007b0       0xb0 hex_utils.o
 .debug_ranges  0x00000860       0x38 jtag_scan.o
 .debug_ranges  0x00000898      0x858 jtagtap.o
 .debug_ranges  0x000010f0       0x40 lmi.o
 .debug_ranges  0x00001130       0x38 lpc11xx.o
 .debug_ranges  0x00001168      0x1c0 lpc43xx.o
 .debug_ranges  0x00001328       0x10 main.o
 .debug_ranges  0x00001338       0x90 platform.o
 .debug_ranges  0x000013c8       0x98 sam3x.o
 .debug_ranges  0x00001460       0x18 stm32f4.o
 .debug_ranges  0x00001478       0x18 stm32l1.o
 .debug_ranges  0x00001490      0x880 swdptap.o
 .debug_ranges  0x00001d10       0x18 target.o
 .debug_ranges  0x00001d28       0x68 cdcacm.o
 .debug_ranges  0x00001d90       0x38 usbuart.o
 .debug_ranges  0x00001dc8       0xf0 ../libopencm3/lib\libopencm3_stm32f4.a(rcc.o)
 .debug_ranges  0x00001eb8       0x40 ../libopencm3/lib\libopencm3_stm32f4.a(gpio_common_all.o)
 .debug_ranges  0x00001ef8       0x20 ../libopencm3/lib\libopencm3_stm32f4.a(gpio_common_f234.o)
 .debug_ranges  0x00001f18      0x268 ../libopencm3/lib\libopencm3_stm32f4.a(timer_common_all.o)
 .debug_ranges  0x00002180       0x10 ../libopencm3/lib\libopencm3_stm32f4.a(timer_common_f234.o)
 .debug_ranges  0x00002190       0xa8 ../libopencm3/lib\libopencm3_stm32f4.a(usart_common_all.o)
 .debug_ranges  0x00002238       0x38 ../libopencm3/lib\libopencm3_stm32f4.a(usart_common_f124.o)
 .debug_ranges  0x00002270       0x40 ../libopencm3/lib\libopencm3_stm32f4.a(flash_common_f234.o)
 .debug_ranges  0x000022b0       0x78 ../libopencm3/lib\libopencm3_stm32f4.a(usb.o)
 .debug_ranges  0x00002328       0xe8 ../libopencm3/lib\libopencm3_stm32f4.a(usb_standard.o)
 .debug_ranges  0x00002410       0x50 ../libopencm3/lib\libopencm3_stm32f4.a(usb_control.o)
 .debug_ranges  0x00002460       0x10 ../libopencm3/lib\libopencm3_stm32f4.a(usb_f107.o)
 .debug_ranges  0x00002470       0x20 ../libopencm3/lib\libopencm3_stm32f4.a(vector.o)
 .debug_ranges  0x00002490       0x58 ../libopencm3/lib\libopencm3_stm32f4.a(systick.o)
 .debug_ranges  0x000024e8       0x20 ../libopencm3/lib\libopencm3_stm32f4.a(scb.o)
 .debug_ranges  0x00002508       0x50 ../libopencm3/lib\libopencm3_stm32f4.a(nvic.o)
 .debug_ranges  0x00002558       0x10 ../libopencm3/lib\libopencm3_stm32f4.a(pwr.o)
 .debug_ranges  0x00002568       0x70 ../libopencm3/lib\libopencm3_stm32f4.a(usb_fx07_common.o)

.debug_macro    0x00000000     0x9a5f
 .debug_macro   0x00000000      0x251 adiv5.o
 .debug_macro   0x00000251      0x820 adiv5.o
 .debug_macro   0x00000a71       0x3a adiv5.o
 .debug_macro   0x00000aab       0x10 adiv5.o
 .debug_macro   0x00000abb       0x2e adiv5.o
 .debug_macro   0x00000ae9       0xa3 adiv5.o
 .debug_macro   0x00000b8c       0x10 adiv5.o
 .debug_macro   0x00000b9c       0x89 adiv5.o
 .debug_macro   0x00000c25       0x10 adiv5.o
 .debug_macro   0x00000c35       0x3a adiv5.o
 .debug_macro   0x00000c6f       0x52 adiv5.o
 .debug_macro   0x00000cc1       0x19 adiv5.o
 .debug_macro   0x00000cda      0x16d adiv5.o
 .debug_macro   0x00000e47       0x10 adiv5.o
 .debug_macro   0x00000e57       0xf5 adiv5.o
 .debug_macro   0x00000f4c       0x22 adiv5.o
 .debug_macro   0x00000f6e       0x91 adiv5.o
 .debug_macro   0x00000fff       0x16 adiv5.o
 .debug_macro   0x00001015      0x16d adiv5.o
 .debug_macro   0x00001182       0x10 adiv5.o
 .debug_macro   0x00001192       0x35 adiv5.o
 .debug_macro   0x000011c7       0x16 adiv5.o
 .debug_macro   0x000011dd       0x23 adiv5.o
 .debug_macro   0x00001200       0x52 adiv5.o
 .debug_macro   0x00001252      0x1aa adiv5.o
 .debug_macro   0x000013fc      0x214 adiv5.o
 .debug_macro   0x00001610       0x22 adiv5.o
 .debug_macro   0x00001632       0xfa adiv5.o
 .debug_macro   0x0000172c       0x70 adiv5.o
 .debug_macro   0x0000179c      0x2e6 adiv5.o
 .debug_macro   0x00001a82       0xca adiv5.o
 .debug_macro   0x00001b4c      0x16c adiv5.o
 .debug_macro   0x00001cb8       0x10 adiv5.o
 .debug_macro   0x00001cc8       0x10 adiv5.o
 .debug_macro   0x00001cd8       0x1c adiv5.o
 .debug_macro   0x00001cf4      0x1c2 adiv5.o
 .debug_macro   0x00001eb6       0x10 adiv5.o
 .debug_macro   0x00001ec6       0x8e adiv5.o
 .debug_macro   0x00001f54      0x130 adiv5.o
 .debug_macro   0x00002084      0x228 adiv5_jtagdp.o
 .debug_macro   0x000022ac      0x20e adiv5_jtagdp.o
 .debug_macro   0x000024ba       0x10 adiv5_jtagdp.o
 .debug_macro   0x000024ca       0x22 adiv5_jtagdp.o
 .debug_macro   0x000024ec       0x12 adiv5_jtagdp.o
 .debug_macro   0x000024fe       0x16 adiv5_jtagdp.o
 .debug_macro   0x00002514       0x22 adiv5_jtagdp.o
 .debug_macro   0x00002536       0x89 adiv5_jtagdp.o
 .debug_macro   0x000025bf      0x22c adiv5_swdp.o
 .debug_macro   0x000027eb      0x2db arm7tdmi.o
 .debug_macro   0x00002ac6       0x88 arm7tdmi.o
 .debug_macro   0x00002b4e      0x1fd command.o
 .debug_macro   0x00002d4b      0x100 command.o
 .debug_macro   0x00002e4b       0x29 command.o
 .debug_macro   0x00002e74       0x12 command.o
 .debug_macro   0x00002e86       0x10 command.o
 .debug_macro   0x00002e96      0x576 cortexm.o
 .debug_macro   0x0000340c      0x16c cortexm.o
 .debug_macro   0x00003578       0x10 cortexm.o
 .debug_macro   0x00003588      0x495 cortexm.o
 .debug_macro   0x00003a1d      0x173 cortexm.o
 .debug_macro   0x00003b90      0x158 cortexm.o
 .debug_macro   0x00003ce8       0x1c cortexm.o
 .debug_macro   0x00003d04      0x1d3 crc32.o
 .debug_macro   0x00003ed7       0x22 crc32.o
 .debug_macro   0x00003ef9      0x1a4 gdb_if.o
 .debug_macro   0x0000409d      0x2a6 gdb_main.o
 .debug_macro   0x00004343       0x16 gdb_main.o
 .debug_macro   0x00004359      0x234 gdb_packet.o
 .debug_macro   0x0000458d       0x52 gdb_packet.o
 .debug_macro   0x000045df      0x105 hex_utils.o
 .debug_macro   0x000046e4      0x25c jtag_scan.o
 .debug_macro   0x00004940      0x21f jtagtap.o
 .debug_macro   0x00004b5f      0x1e5 lmi.o
 .debug_macro   0x00004d44      0x272 lpc11xx.o
 .debug_macro   0x00004fb6       0x85 lpc11xx.o
 .debug_macro   0x0000503b      0x2c4 lpc43xx.o
 .debug_macro   0x000052ff       0x43 lpc43xx.o
 .debug_macro   0x00005342      0x256 main.o
 .debug_macro   0x00005598      0x166 main.o
 .debug_macro   0x000056fe       0x76 main.o
 .debug_macro   0x00005774      0x27b platform.o
 .debug_macro   0x000059ef      0x80a platform.o
 .debug_macro   0x000061f9       0x58 platform.o
 .debug_macro   0x00006251      0x328 platform.o
 .debug_macro   0x00006579       0x70 platform.o
 .debug_macro   0x000065e9      0x1f0 platform.o
 .debug_macro   0x000067d9       0xa6 platform.o
 .debug_macro   0x0000687f       0x16 platform.o
 .debug_macro   0x00006895       0x8e platform.o
 .debug_macro   0x00006923      0x273 platform.o
 .debug_macro   0x00006b96       0x40 platform.o
 .debug_macro   0x00006bd6       0x34 platform.o
 .debug_macro   0x00006c0a       0x65 platform.o
 .debug_macro   0x00006c6f       0xac platform.o
 .debug_macro   0x00006d1b      0x30f sam3x.o
 .debug_macro   0x0000702a      0x28b stm32f1.o
 .debug_macro   0x000072b5      0x2a3 stm32f4.o
 .debug_macro   0x00007558      0x279 stm32l1.o
 .debug_macro   0x000077d1      0x1fb swdptap.o
 .debug_macro   0x000079cc      0x1e2 target.o
 .debug_macro   0x00007bae      0x22b cdcacm.o
 .debug_macro   0x00007dd9       0x6a cdcacm.o
 .debug_macro   0x00007e43       0x28 cdcacm.o
 .debug_macro   0x00007e6b      0x1b0 cdcacm.o
 .debug_macro   0x0000801b      0x206 traceswo.o
 .debug_macro   0x00008221      0xc3d traceswo.o
 .debug_macro   0x00008e5e       0x52 traceswo.o
 .debug_macro   0x00008eb0      0x810 traceswo.o
 .debug_macro   0x000096c0      0x212 usbuart.o
 .debug_macro   0x000098d2      0x18d usbuart.o

.debug_line     0x00000000     0xc70d
 .debug_line    0x00000000      0x998 adiv5.o
 .debug_line    0x00000998      0x4f1 adiv5_jtagdp.o
 .debug_line    0x00000e89      0x569 adiv5_swdp.o
 .debug_line    0x000013f2      0x54f arm7tdmi.o
 .debug_line    0x00001941      0x569 command.o
 .debug_line    0x00001eaa      0xbab cortexm.o
 .debug_line    0x00002a55      0x4f8 crc32.o
 .debug_line    0x00002f4d      0x4aa gdb_if.o
 .debug_line    0x000033f7      0x722 gdb_main.o
 .debug_line    0x00003b19      0x571 gdb_packet.o
 .debug_line    0x0000408a      0x2f5 hex_utils.o
 .debug_line    0x0000437f      0x5f6 jtag_scan.o
 .debug_line    0x00004975      0x926 jtagtap.o
 .debug_line    0x0000529b      0x50b lmi.o
 .debug_line    0x000057a6      0x53c lpc11xx.o
 .debug_line    0x00005ce2      0x621 lpc43xx.o
 .debug_line    0x00006303      0x4d1 main.o
 .debug_line    0x000067d4      0x635 platform.o
 .debug_line    0x00006e09      0x5b7 sam3x.o
 .debug_line    0x000073c0      0x634 stm32f1.o
 .debug_line    0x000079f4      0x5d3 stm32f4.o
 .debug_line    0x00007fc7      0x544 stm32l1.o
 .debug_line    0x0000850b      0x8ae swdptap.o
 .debug_line    0x00008db9      0x48e target.o
 .debug_line    0x00009247      0x597 cdcacm.o
 .debug_line    0x000097de      0x567 traceswo.o
 .debug_line    0x00009d45      0x593 usbuart.o
 .debug_line    0x0000a2d8      0x39b ../libopencm3/lib\libopencm3_stm32f4.a(rcc.o)
 .debug_line    0x0000a673      0x11f ../libopencm3/lib\libopencm3_stm32f4.a(gpio_common_all.o)
 .debug_line    0x0000a792      0x11a ../libopencm3/lib\libopencm3_stm32f4.a(gpio_common_f234.o)
 .debug_line    0x0000a8ac      0x7f7 ../libopencm3/lib\libopencm3_stm32f4.a(timer_common_all.o)
 .debug_line    0x0000b0a3      0x10d ../libopencm3/lib\libopencm3_stm32f4.a(timer_common_f234.o)
 .debug_line    0x0000b1b0      0x283 ../libopencm3/lib\libopencm3_stm32f4.a(usart_common_all.o)
 .debug_line    0x0000b433      0x126 ../libopencm3/lib\libopencm3_stm32f4.a(usart_common_f124.o)
 .debug_line    0x0000b559      0x122 ../libopencm3/lib\libopencm3_stm32f4.a(flash_common_f234.o)
 .debug_line    0x0000b67b      0x1eb ../libopencm3/lib\libopencm3_stm32f4.a(usb.o)
 .debug_line    0x0000b866      0x35a ../libopencm3/lib\libopencm3_stm32f4.a(usb_standard.o)
 .debug_line    0x0000bbc0      0x21a ../libopencm3/lib\libopencm3_stm32f4.a(usb_control.o)
 .debug_line    0x0000bdda      0x10e ../libopencm3/lib\libopencm3_stm32f4.a(usb_f107.o)
 .debug_line    0x0000bee8      0x171 ../libopencm3/lib\libopencm3_stm32f4.a(vector.o)
 .debug_line    0x0000c059      0x145 ../libopencm3/lib\libopencm3_stm32f4.a(systick.o)
 .debug_line    0x0000c19e       0xc4 ../libopencm3/lib\libopencm3_stm32f4.a(scb.o)
 .debug_line    0x0000c262      0x133 ../libopencm3/lib\libopencm3_stm32f4.a(nvic.o)
 .debug_line    0x0000c395       0xcb ../libopencm3/lib\libopencm3_stm32f4.a(pwr.o)
 .debug_line    0x0000c460      0x2ad ../libopencm3/lib\libopencm3_stm32f4.a(usb_fx07_common.o)

.debug_str      0x00000000    0x19c02
 .debug_str     0x00000000     0x9529 adiv5.o
                               0x98ae (size before relaxing)
 .debug_str     0x00009529      0x21a adiv5_jtagdp.o
                               0x8b53 (size before relaxing)
 .debug_str     0x00009743      0x149 adiv5_swdp.o
                               0x8d84 (size before relaxing)
 .debug_str     0x0000988c      0x576 arm7tdmi.o
                               0x8b08 (size before relaxing)
 .debug_str     0x00009e02      0x12f command.o
                               0x8c12 (size before relaxing)
 .debug_str     0x00009f31     0x1ea5 cortexm.o
                               0xb74f (size before relaxing)
 .debug_str     0x0000bdd6       0xb9 crc32.o
                               0x8330 (size before relaxing)
 .debug_str     0x0000be8f      0x129 gdb_if.o
                               0x7b36 (size before relaxing)
 .debug_str     0x0000bfb8      0x1fe gdb_main.o
                               0x99c4 (size before relaxing)
 .debug_str     0x0000c1b6      0x122 gdb_packet.o
                               0x893f (size before relaxing)
 .debug_str     0x0000c2d8       0x22 hex_utils.o
                               0x5303 (size before relaxing)
 .debug_str     0x0000c2fa       0xb5 jtag_scan.o
                               0x9888 (size before relaxing)
 .debug_str     0x0000c3af       0xa5 jtagtap.o
                               0x88a5 (size before relaxing)
 .debug_str     0x0000c454       0x62 lmi.o
                               0x8bc9 (size before relaxing)
 .debug_str     0x0000c4b6      0x304 lpc11xx.o
                               0x8f6e (size before relaxing)
 .debug_str     0x0000c7ba      0x34b lpc43xx.o
                               0x919f (size before relaxing)
 .debug_str     0x0000cb05       0x23 main.o
                               0x8f98 (size before relaxing)
 .debug_str     0x0000cb28     0x57ee platform.o
                               0xd304 (size before relaxing)
 .debug_str     0x00012316      0x676 sam3x.o
                               0x9254 (size before relaxing)
 .debug_str     0x0001298c      0x3c3 stm32f1.o
                               0x8fd3 (size before relaxing)
 .debug_str     0x00012d4f      0x2d0 stm32f4.o
                               0x8f70 (size before relaxing)
 .debug_str     0x0001301f      0x3fb stm32l1.o
                               0x8f70 (size before relaxing)
 .debug_str     0x0001341a       0x61 swdptap.o
                               0x87a6 (size before relaxing)
 .debug_str     0x0001347b       0x14 target.o
                               0x8475 (size before relaxing)
 .debug_str     0x0001348f      0xa77 cdcacm.o
                               0xa093 (size before relaxing)
 .debug_str     0x00013f06     0x38b3 traceswo.o
                               0xdfa9 (size before relaxing)
 .debug_str     0x000177b9      0x985 usbuart.o
                               0xc289 (size before relaxing)
 .debug_str     0x0001813e      0x2fe ../libopencm3/lib\libopencm3_stm32f4.a(rcc.o)
                                0x4f7 (size before relaxing)
 .debug_str     0x0001843c       0x51 ../libopencm3/lib\libopencm3_stm32f4.a(gpio_common_all.o)
                                0x1a8 (size before relaxing)
 .debug_str     0x0001848d       0x78 ../libopencm3/lib\libopencm3_stm32f4.a(gpio_common_f234.o)
                                0x1c4 (size before relaxing)
 .debug_str     0x00018505      0x991 ../libopencm3/lib\libopencm3_stm32f4.a(timer_common_all.o)
                                0xc69 (size before relaxing)
 .debug_str     0x00018e96       0x1e ../libopencm3/lib\libopencm3_stm32f4.a(timer_common_f234.o)
                                0x1ae (size before relaxing)
 .debug_str     0x00018eb4      0x184 ../libopencm3/lib\libopencm3_stm32f4.a(usart_common_all.o)
                                0x387 (size before relaxing)
 .debug_str     0x00019038       0x51 ../libopencm3/lib\libopencm3_stm32f4.a(usart_common_f124.o)
                                0x1bd (size before relaxing)
 .debug_str     0x00019089       0x89 ../libopencm3/lib\libopencm3_stm32f4.a(flash_common_f234.o)
                                0x1b4 (size before relaxing)
 .debug_str     0x00019112      0x2d6 ../libopencm3/lib\libopencm3_stm32f4.a(usb.o)
                                0x8b9 (size before relaxing)
 .debug_str     0x000193e8      0x2d4 ../libopencm3/lib\libopencm3_stm32f4.a(usb_standard.o)
                                0xa44 (size before relaxing)
 .debug_str     0x000196bc       0xe6 ../libopencm3/lib\libopencm3_stm32f4.a(usb_control.o)
                                0x8ab (size before relaxing)
 .debug_str     0x000197a2       0x29 ../libopencm3/lib\libopencm3_stm32f4.a(usb_f107.o)
                                0x72a (size before relaxing)
 .debug_str     0x000197cb      0x1a0 ../libopencm3/lib\libopencm3_stm32f4.a(vector.o)
                                0x2ca (size before relaxing)
 .debug_str     0x0001996b       0x93 ../libopencm3/lib\libopencm3_stm32f4.a(systick.o)
                                0x213 (size before relaxing)
 .debug_str     0x000199fe       0x44 ../libopencm3/lib\libopencm3_stm32f4.a(scb.o)
                                0x16c (size before relaxing)
 .debug_str     0x00019a42       0xa1 ../libopencm3/lib\libopencm3_stm32f4.a(nvic.o)
                                0x1f9 (size before relaxing)
 .debug_str     0x00019ae3        0x6 ../libopencm3/lib\libopencm3_stm32f4.a(pwr.o)
                                0x143 (size before relaxing)
 .debug_str     0x00019ae9      0x119 ../libopencm3/lib\libopencm3_stm32f4.a(usb_fx07_common.o)
                                0x891 (size before relaxing)

.comment        0x00000000       0x70
 .comment       0x00000000       0x70 adiv5.o
                                 0x71 (size before relaxing)
 .comment       0x00000000       0x71 adiv5_jtagdp.o
 .comment       0x00000000       0x71 adiv5_swdp.o