Archive member included because of file (symbol)

../libopencm3/lib\libopencm3_stm32f1.a(adc.o)
                              platform.o (adc_power_on)
../libopencm3/lib\libopencm3_stm32f1.a(exti.o)
                              platform.o (exti_set_trigger)
../libopencm3/lib\libopencm3_stm32f1.a(gpio.o)
                              jtagtap.o (gpio_set_mode)
../libopencm3/lib\libopencm3_stm32f1.a(rcc.o)
                              platform.o (rcc_peripheral_enable_clock)
../libopencm3/lib\libopencm3_stm32f1.a(timer.o)
                              traceswo.o (timer_ic_set_polarity)
../libopencm3/lib\libopencm3_stm32f1.a(gpio_common_all.o)
                              platform.o (gpio_toggle)
../libopencm3/lib\libopencm3_stm32f1.a(timer_common_all.o)
                              traceswo.o (timer_reset)
../libopencm3/lib\libopencm3_stm32f1.a(usart_common_all.o)
                              usbuart.o (usart_set_baudrate)
../libopencm3/lib\libopencm3_stm32f1.a(usart_common_f124.o)
                              ../libopencm3/lib\libopencm3_stm32f1.a(usart_common_all.o) (usart_send)
../libopencm3/lib\libopencm3_stm32f1.a(usb.o)
                              cdcacm.o (usbd_init)
../libopencm3/lib\libopencm3_stm32f1.a(usb_control.o)
                              cdcacm.o (usbd_register_control_callback)
../libopencm3/lib\libopencm3_stm32f1.a(usb_standard.o)
                              cdcacm.o (usbd_register_set_config_callback)
../libopencm3/lib\libopencm3_stm32f1.a(usb_f103.o)
                              cdcacm.o (stm32f103_usb_driver)
../libopencm3/lib\libopencm3_stm32f1.a(vector.o)
                              (reset_handler)
../libopencm3/lib\libopencm3_stm32f1.a(systick.o)
                              platform.o (systick_set_reload)
../libopencm3/lib\libopencm3_stm32f1.a(scb.o)
                              cdcacm.o (scb_reset_core)
../libopencm3/lib\libopencm3_stm32f1.a(nvic.o)
                              platform.o (nvic_enable_irq)
../libopencm3/lib\libopencm3_stm32f1.a(assert.o)
                              ../libopencm3/lib\libopencm3_stm32f1.a(rcc.o) (cm3_assert_failed)
../libopencm3/lib\libopencm3_stm32f1.a(flash.o)
                              ../libopencm3/lib\libopencm3_stm32f1.a(rcc.o) (flash_set_ws)
c:/programy/gccarm/bin/../lib/gcc/arm-none-eabi/4.7.3/../../../../arm-none-eabi/lib/armv7-m\libc.a(lib_a-assert.o)
                              main.o (__assert_func)
c:/programy/gccarm/bin/../lib/gcc/arm-none-eabi/4.7.3/../../../../arm-none-eabi/lib/armv7-m\libc.a(lib_a-atoi.o)
                              command.o (atoi)
c:/programy/gccarm/bin/../lib/gcc/arm-none-eabi/4.7.3/../../../../arm-none-eabi/lib/armv7-m\libc.a(lib_a-atol.o)
                              sam3x.o (atol)
c:/programy/gccarm/bin/../lib/gcc/arm-none-eabi/4.7.3/../../../../arm-none-eabi/lib/armv7-m\libc.a(lib_a-calloc.o)
                              adiv5_jtagdp.o (calloc)
c:/programy/gccarm/bin/../lib/gcc/arm-none-eabi/4.7.3/../../../../arm-none-eabi/lib/armv7-m\libc.a(lib_a-callocr.o)
                              c:/programy/gccarm/bin/../lib/gcc/arm-none-eabi/4.7.3/../../../../arm-none-eabi/lib/armv7-m\libc.a(lib_a-calloc.o) (_calloc_r)
c:/programy/gccarm/bin/../lib/gcc/arm-none-eabi/4.7.3/../../../../arm-none-eabi/lib/armv7-m\libc.a(lib_a-fiprintf.o)
                              c:/programy/gccarm/bin/../lib/gcc/arm-none-eabi/4.7.3/../../../../arm-none-eabi/lib/armv7-m\libc.a(lib_a-assert.o) (fiprintf)
c:/programy/gccarm/bin/../lib/gcc/arm-none-eabi/4.7.3/../../../../arm-none-eabi/lib/armv7-m\libc.a(lib_a-impure.o)
                              c:/programy/gccarm/bin/../lib/gcc/arm-none-eabi/4.7.3/../../../../arm-none-eabi/lib/armv7-m\libc.a(lib_a-assert.o) (_impure_ptr)
c:/programy/gccarm/bin/../lib/gcc/arm-none-eabi/4.7.3/../../../../arm-none-eabi/lib/armv7-m\libc.a(lib_a-malloc.o)
                              adiv5.o (malloc)
c:/programy/gccarm/bin/../lib/gcc/arm-none-eabi/4.7.3/../../../../arm-none-eabi/lib/armv7-m\libc.a(lib_a-mallocr.o)
                              c:/programy/gccarm/bin/../lib/gcc/arm-none-eabi/4.7.3/../../../../arm-none-eabi/lib/armv7-m\libc.a(lib_a-callocr.o) (_malloc_r)
c:/programy/gccarm/bin/../lib/gcc/arm-none-eabi/4.7.3/../../../../arm-none-eabi/lib/armv7-m\libc.a(lib_a-memcpy.o)
                              arm7tdmi.o (memcpy)
c:/programy/gccarm/bin/../lib/gcc/arm-none-eabi/4.7.3/../../../../arm-none-eabi/lib/armv7-m\libc.a(lib_a-memset.o)
                              jtag_scan.o (memset)
c:/programy/gccarm/bin/../lib/gcc/arm-none-eabi/4.7.3/../../../../arm-none-eabi/lib/armv7-m\libc.a(lib_a-mlock.o)
                              c:/programy/gccarm/bin/../lib/gcc/arm-none-eabi/4.7.3/../../../../arm-none-eabi/lib/armv7-m\libc.a(lib_a-mallocr.o) (__malloc_lock)
c:/programy/gccarm/bin/../lib/gcc/arm-none-eabi/4.7.3/../../../../arm-none-eabi/lib/armv7-m\libc.a(lib_a-sbrkr.o)
[...]
Memory Configuration

Name             Origin             Length             Attributes
rom              0x08000000         0x00020000         xr
ram              0x20000000         0x00005000         xrw
*default*        0x00000000         0xffffffff

Linker script and memory map

LOAD adiv5.o
LOAD adiv5_jtagdp.o
LOAD adiv5_swdp.o
LOAD arm7tdmi.o
LOAD command.o
LOAD cortexm.o
LOAD crc32.o
LOAD gdb_if.o
LOAD gdb_main.o
LOAD gdb_packet.o
LOAD hex_utils.o
LOAD jtag_scan.o
LOAD jtagtap.o
LOAD lmi.o
LOAD lpc11xx.o
LOAD lpc43xx.o
LOAD main.o
LOAD platform.o
LOAD sam3x.o
LOAD stm32f1.o
LOAD stm32f4.o
LOAD stm32l1.o
LOAD swdptap.o
LOAD target.o
LOAD cdcacm.o
LOAD traceswo.o
LOAD usbuart.o
LOAD ../libopencm3/lib\libopencm3_stm32f1.a
                0x20005000                _stack = 0x20005000

.text           0x08002000    0x110c8
 *(.vectors)
 .vectors       0x08002000      0x150 ../libopencm3/lib\libopencm3_stm32f1.a(vector.o)
                0x08002000                vector_table
 *(.text*)
 .text          0x08002150      0x72c adiv5.o
                0x08002160                adiv5_dp_ref
                0x08002168                adiv5_ap_ref
                0x08002170                adiv5_dp_unref
                0x08002180                adiv5_ap_unref
                0x080021a8                adiv5_dp_write_ap
                0x080021bc                adiv5_dp_read_ap
                0x080021e4                adiv5_ap_write
                0x08002218                adiv5_ap_mem_write_halfword
                0x0800224c                adiv5_ap_mem_write
                0x080026e0                adiv5_ap_read
                0x08002708                adiv5_ap_mem_read_halfword
                0x08002738                adiv5_ap_mem_read
                0x08002760                adiv5_dp_init
 .text          0x0800287c      0x1c0 adiv5_jtagdp.o
                0x080029f8                adiv5_jtag_dp_handler
 .text          0x08002a3c      0x240 adiv5_swdp.o
                0x08002bc8                adiv5_swdp_scan
 .text          0x08002c7c      0x2d0 arm7tdmi.o
                0x08002ed8                arm7tdmi_jtag_handler
 .text          0x08002f4c      0x3a0 command.o
                0x08003200                command_process
 .text          0x080032ec     0x1158 cortexm.o
                0x080042f0                cortexm_probe
 .text          0x08004444      0x398 crc32.o
                0x08004444                generic_crc32
 .text          0x080047dc      0x1c0 gdb_if.o
                0x080047dc                gdb_if_putchar
                0x0800482c                gdb_usb_out_cb
                0x08004864                gdb_if_getchar
                0x080048f0                gdb_if_getchar_to
 .text          0x0800499c      0x92c gdb_main.o
                0x08004bc0                gdb_main
 .text          0x080052c8      0x2ac gdb_packet.o
                0x080052c8                gdb_getpacket
                0x0800536c                gdb_putpacket
                0x080054d0                gdb_putpacket_f
                0x08005500                gdb_out
                0x08005548                gdb_outf
 .text          0x08005574      0x1a4 hex_utils.o
                0x08005574                hexify
                0x08005604                unhexify
 .text          0x08005718      0x468 jtag_scan.o
                0x08005718                jtag_scan
                0x08005a88                jtag_dev_write_ir
                0x08005b20                jtag_dev_shift_dr
 .text          0x08005b80      0x5a8 jtagtap.o
                0x08005b80                jtagtap_init
                0x08005d48                jtagtap_reset
                0x08005de0                jtagtap_srst
                0x08005dfc                jtagtap_next
                0x08005e5c                jtagtap_tms_seq
                0x08005f0c                jtagtap_tdi_tdo_seq
                0x0800604c                jtagtap_tdi_seq
 .text          0x08006128      0x14c lmi.o
                0x08006230                lmi_probe
 .text          0x08006274      0x3ac lpc11xx.o
                0x080064d8                lpc11xx_probe
 .text          0x08006620      0x54c lpc43xx.o
                0x08006a78                lpc43xx_probe
 .text.startup  0x08006b6c       0x34 main.o
                0x08006b6c                main
 .text          0x08006ba0      0x524 platform.o
                0x08006ba0                platform_hwversion
                0x08006be0                platform_init
                0x08006e10                platform_srst_set_val
                0x08006e3c                platform_delay
                0x08006e4c                sys_tick_handler
                0x08006f18                morse
                0x08006f44                platform_target_voltage
                0x08007000                assert_boot_pin
                0x08007028                exti15_10_isr
                0x08007068                setup_vbus_irq
 .text          0x080070c4      0x47c sam3x.o
                0x08007468                sam3x_probe
 .text          0x08007540      0x554 stm32f1.o
                0x08007978                stm32f1_probe
 .text          0x08007a94      0x490 stm32f4.o
                0x08007ebc                stm32f4_probe
 .text          0x08007f24      0x2d0 stm32l1.o
                0x080081a8                stm32l1_probe
 .text          0x080081f4      0x420 swdptap.o
                0x08008260                swdptap_reset
                0x08008294                swdptap_seq_in
                0x08008344                swdptap_seq_in_parity
                0x08008468                swdptap_seq_out
                0x080084fc                swdptap_init
                0x0800851c                swdptap_seq_out_parity
 .text          0x08008614       0xbc target.o
                0x08008614                target_new
                0x08008630                target_list_free
                0x0800867c                target_add_commands
                0x080086b0                target_attach
 .text          0x080086d0      0x308 cdcacm.o
                0x08008884                cdcacm_get_config
                0x08008890                cdcacm_get_dtr
                0x0800889c                cdcacm_init
                0x080089c8                usb_lp_can_rx0_isr
 .text          0x080089d8      0x2c8 traceswo.o
                0x080089d8                traceswo_init
                0x08008a60                trace_buf_push
                0x08008ab8                trace_buf_drain
                0x08008ad0                tim3_isr
 .text          0x08008ca0      0x294 usbuart.o
                0x08008ca0                usbuart_init
                0x08008d64                usbuart_set_line_coding
                0x08008e10                usbuart_usb_out_cb
                0x08008eac                usbuart_usb_in_cb
                0x08008ed4                usart1_isr
 .text.adc_power_on
                0x08008f34       0x10 ../libopencm3/lib\libopencm3_stm32f1.a(adc.o)
                0x08008f34                adc_power_on
 .text.adc_start_conversion_direct
                0x08008f44       0x10 ../libopencm3/lib\libopencm3_stm32f1.a(adc.o)
                0x08008f44                adc_start_conversion_direct
 .text.adc_eoc  0x08008f54        0x8 ../libopencm3/lib\libopencm3_stm32f1.a(adc.o)
                0x08008f54                adc_eoc
 .text.adc_read_regular
                0x08008f5c        0x4 ../libopencm3/lib\libopencm3_stm32f1.a(adc.o)
                0x08008f5c                adc_read_regular
 .text.adc_disable_scan_mode
                0x08008f60        0xa ../libopencm3/lib\libopencm3_stm32f1.a(adc.o)
                0x08008f60                adc_disable_scan_mode
 .text.adc_disable_external_trigger_regular
                0x08008f6a        0xa ../libopencm3/lib\libopencm3_stm32f1.a(adc.o)
                0x08008f6a                adc_disable_external_trigger_regular
 .text.adc_set_right_aligned
                0x08008f74        0xa ../libopencm3/lib\libopencm3_stm32f1.a(adc.o)
                0x08008f74                adc_set_right_aligned
 .text.adc_reset_calibration
                0x08008f7e       0x14 ../libopencm3/lib\libopencm3_stm32f1.a(adc.o)
                0x08008f7e                adc_reset_calibration
 .text.adc_calibration
                0x08008f92       0x14 ../libopencm3/lib\libopencm3_stm32f1.a(adc.o)
                0x08008f92                adc_calibration
 .text.adc_set_single_conversion_mode
                0x08008fa6        0xa ../libopencm3/lib\libopencm3_stm32f1.a(adc.o)
                0x08008fa6                adc_set_single_conversion_mode
 .text.adc_off  0x08008fb0        0xa ../libopencm3/lib\libopencm3_stm32f1.a(adc.o)
                0x08008fb0                adc_off
 .text.adc_set_sample_time_on_all_channels
                0x08008fba       0x2a ../libopencm3/lib\libopencm3_stm32f1.a(adc.o)
                0x08008fba                adc_set_conversion_time_on_all_channels
                0x08008fba                adc_set_sample_time_on_all_channels
 .text.adc_set_regular_sequence
                0x08008fe4       0x78 ../libopencm3/lib\libopencm3_stm32f1.a(adc.o)
                0x08008fe4                adc_set_regular_sequence
 .text.exti_set_trigger
                0x0800905c       0x3c ../libopencm3/lib\libopencm3_stm32f1.a(exti.o)
                0x0800905c                exti_set_trigger
 .text.exti_enable_request
                0x08009098       0x18 ../libopencm3/lib\libopencm3_stm32f1.a(exti.o)
                0x08009098                exti_enable_request
 .text.exti_reset_request
                0x080090b0        0xc ../libopencm3/lib\libopencm3_stm32f1.a(exti.o)
                0x080090b0                exti_reset_request
 .text.exti_select_source
                0x080090bc      0x100 ../libopencm3/lib\libopencm3_stm32f1.a(exti.o)
                0x080090bc                exti_select_source
 .text.gpio_set_mode
                0x080091bc       0x72 ../libopencm3/lib\libopencm3_stm32f1.a(gpio.o)
                0x080091bc                gpio_set_mode
 *fill*         0x0800922e        0x2 00
 .text.rcc_osc_on.part.0
                0x08009230       0x10 ../libopencm3/lib\libopencm3_stm32f1.a(rcc.o)
 .text.rcc_wait_for_osc_ready
                0x08009240       0x64 ../libopencm3/lib\libopencm3_stm32f1.a(rcc.o)
                0x08009240                rcc_wait_for_osc_ready
 .text.rcc_osc_on
                0x080092a4       0x54 ../libopencm3/lib\libopencm3_stm32f1.a(rcc.o)
                0x080092a4                rcc_osc_on
 .text.rcc_peripheral_enable_clock
                0x080092f8        0x8 ../libopencm3/lib\libopencm3_stm32f1.a(rcc.o)
                0x080092f8                rcc_peripheral_enable_clock
 .text.rcc_peripheral_reset
                0x08009300        0x8 ../libopencm3/lib\libopencm3_stm32f1.a(rcc.o)
                0x08009300                rcc_peripheral_reset
 .text.rcc_peripheral_clear_reset
                0x08009308        0xa ../libopencm3/lib\libopencm3_stm32f1.a(rcc.o)
                0x08009308                rcc_peripheral_clear_reset
 *fill*         0x08009312        0x2 00
 .text.rcc_set_sysclk_source
                0x08009314       0x14 ../libopencm3/lib\libopencm3_stm32f1.a(rcc.o)
                0x08009314                rcc_set_sysclk_source
 .text.rcc_set_pll_multiplication_factor
                0x08009328       0x14 ../libopencm3/lib\libopencm3_stm32f1.a(rcc.o)
                0x08009328                rcc_set_pll_multiplication_factor
 .text.rcc_set_pll_source
                0x0800933c       0x14 ../libopencm3/lib\libopencm3_stm32f1.a(rcc.o)
                0x0800933c                rcc_set_pll_source
 .text.rcc_set_pllxtpre
                0x08009350       0x14 ../libopencm3/lib\libopencm3_stm32f1.a(rcc.o)
                0x08009350                rcc_set_pllxtpre
 .text.rcc_set_adcpre
                0x08009364       0x14 ../libopencm3/lib\libopencm3_stm32f1.a(rcc.o)
                0x08009364                rcc_set_adcpre
 .text.rcc_set_ppre2
                0x08009378       0x14 ../libopencm3/lib\libopencm3_stm32f1.a(rcc.o)
                0x08009378                rcc_set_ppre2
 .text.rcc_set_ppre1
                0x0800938c       0x14 ../libopencm3/lib\libopencm3_stm32f1.a(rcc.o)
                0x0800938c                rcc_set_ppre1
 .text.rcc_set_hpre
                0x080093a0       0x14 ../libopencm3/lib\libopencm3_stm32f1.a(rcc.o)
                0x080093a0                rcc_set_hpre
 .text.rcc_clock_setup_in_hse_8mhz_out_72mhz
                0x080093b4       0x84 ../libopencm3/lib\libopencm3_stm32f1.a(rcc.o)
                0x080093b4                rcc_clock_setup_in_hse_8mhz_out_72mhz
 .text.timer_ic_set_polarity
                0x08009438       0x1e ../libopencm3/lib\libopencm3_stm32f1.a(timer.o)
                0x08009438                timer_ic_set_polarity
 .text.gpio_toggle
                0x08009456        0x8 ../libopencm3/lib\libopencm3_stm32f1.a(gpio_common_all.o)
                0x08009456                gpio_toggle
 .text.gpio_port_write
                0x0800945e        0x4 ../libopencm3/lib\libopencm3_stm32f1.a(gpio_common_all.o)
                0x0800945e                gpio_port_write
 *fill*         0x08009462        0x2 00
 .text.timer_reset
                0x08009464       0xd4 ../libopencm3/lib\libopencm3_stm32f1.a(timer_common_all.o)
                0x08009464                timer_reset
 .text.timer_enable_irq
                0x08009538        0x8 ../libopencm3/lib\libopencm3_stm32f1.a(timer_common_all.o)
                0x08009538                timer_enable_irq
 .text.timer_disable_irq
                0x08009540        0xa ../libopencm3/lib\libopencm3_stm32f1.a(timer_common_all.o)
                0x08009540                timer_disable_irq
 .text.timer_clear_flag
                0x0800954a        0xa ../libopencm3/lib\libopencm3_stm32f1.a(timer_common_all.o)
                0x0800954a                timer_clear_flag
 .text.timer_enable_counter
                0x08009554        0xa ../libopencm3/lib\libopencm3_stm32f1.a(timer_common_all.o)
                0x08009554                timer_enable_counter
 .text.timer_set_period
                0x0800955e        0x4 ../libopencm3/lib\libopencm3_stm32f1.a(timer_common_all.o)
                0x0800955e                timer_set_period
 .text.timer_ic_set_input
                0x08009562       0x62 ../libopencm3/lib\libopencm3_stm32f1.a(timer_common_all.o)
                0x08009562                timer_ic_set_input
 .text.timer_ic_enable
                0x080095c4       0x10 ../libopencm3/lib\libopencm3_stm32f1.a(timer_common_all.o)
                0x080095c4                timer_ic_enable
 .text.timer_slave_set_mode
                0x080095d4       0x10 ../libopencm3/lib\libopencm3_stm32f1.a(timer_common_all.o)
                0x080095d4                timer_slave_set_mode
 .text.timer_slave_set_trigger
                0x080095e4       0x10 ../libopencm3/lib\libopencm3_stm32f1.a(timer_common_all.o)
                0x080095e4                timer_slave_set_trigger
 .text.usart_set_baudrate
                0x080095f4       0x28 ../libopencm3/lib\libopencm3_stm32f1.a(usart_common_all.o)
                0x080095f4                usart_set_baudrate
 .text.usart_set_databits
                0x0800961c       0x12 ../libopencm3/lib\libopencm3_stm32f1.a(usart_common_all.o)
                0x0800961c                usart_set_databits
 .text.usart_set_stopbits
                0x0800962e        0xc ../libopencm3/lib\libopencm3_stm32f1.a(usart_common_all.o)
                0x0800962e                usart_set_stopbits
 .text.usart_set_parity
                0x0800963a        0xc ../libopencm3/lib\libopencm3_stm32f1.a(usart_common_all.o)
                0x0800963a                usart_set_parity
 .text.usart_set_mode
                0x08009646        0xc ../libopencm3/lib\libopencm3_stm32f1.a(usart_common_all.o)
                0x08009646                usart_set_mode
 .text.usart_set_flow_control
                0x08009652        0xc ../libopencm3/lib\libopencm3_stm32f1.a(usart_common_all.o)
                0x08009652                usart_set_flow_control
 .text.usart_enable
                0x0800965e        0xa ../libopencm3/lib\libopencm3_stm32f1.a(usart_common_all.o)
                0x0800965e                usart_enable
 .text.usart_send_blocking
                0x08009668       0x16 ../libopencm3/lib\libopencm3_stm32f1.a(usart_common_all.o)
                0x08009668                usart_send_blocking
 .text.usart_send
                0x0800967e        0x8 ../libopencm3/lib\libopencm3_stm32f1.a(usart_common_f124.o)
                0x0800967e                usart_send
 .text.usart_recv
                0x08009686        0x8 ../libopencm3/lib\libopencm3_stm32f1.a(usart_common_f124.o)
                0x08009686                usart_recv
 .text.usart_wait_send_ready
                0x0800968e        0x8 ../libopencm3/lib\libopencm3_stm32f1.a(usart_common_f124.o)
                0x0800968e                usart_wait_send_ready
 *fill*         0x08009696        0x2 00
 .text.usbd_init
                0x08009698       0x44 ../libopencm3/lib\libopencm3_stm32f1.a(usb.o)
                0x08009698                usbd_init
 .text.usbd_poll
                0x080096dc        0xc ../libopencm3/lib\libopencm3_stm32f1.a(usb.o)
                0x080096dc                usbd_poll
 .text.usbd_ep_setup
                0x080096e8       0x10 ../libopencm3/lib\libopencm3_stm32f1.a(usb.o)
                0x080096e8                usbd_ep_setup
 .text._usbd_reset
                0x080096f8       0x2a ../libopencm3/lib\libopencm3_stm32f1.a(usb.o)
                0x080096f8                _usbd_reset
 .text.usbd_ep_write_packet
                0x08009722        0xc ../libopencm3/lib\libopencm3_stm32f1.a(usb.o)
                0x08009722                usbd_ep_write_packet
 .text.usbd_ep_read_packet
                0x0800972e        0xc ../libopencm3/lib\libopencm3_stm32f1.a(usb.o)
                0x0800972e                usbd_ep_read_packet
 .text.usbd_ep_stall_set
                0x0800973a        0xc ../libopencm3/lib\libopencm3_stm32f1.a(usb.o)
                0x0800973a                usbd_ep_stall_set
 .text.usbd_ep_stall_get
                0x08009746        0xc ../libopencm3/lib\libopencm3_stm32f1.a(usb.o)
                0x08009746                usbd_ep_stall_get
 .text.usbd_ep_nak_set
                0x08009752        0xc ../libopencm3/lib\libopencm3_stm32f1.a(usb.o)
                0x08009752                usbd_ep_nak_set
 .text.usb_control_send_chunk
                0x0800975e       0x44 ../libopencm3/lib\libopencm3_stm32f1.a(usb_control.o)
 .text.stall_transaction
                0x080097a2       0x14 ../libopencm3/lib\libopencm3_stm32f1.a(usb_control.o)
 .text.usb_control_recv_chunk
                0x080097b6       0x3c ../libopencm3/lib\libopencm3_stm32f1.a(usb_control.o)
 .text.usb_control_request_dispatch
                0x080097f2       0x5e ../libopencm3/lib\libopencm3_stm32f1.a(usb_control.o)
 .text.usb_control_setup_read
                0x08009850       0x40 ../libopencm3/lib\libopencm3_stm32f1.a(usb_control.o)
 .text.usbd_register_control_callback
                0x08009890       0x28 ../libopencm3/lib\libopencm3_stm32f1.a(usb_control.o)
                0x08009890                usbd_register_control_callback
 .text._usbd_control_setup
                0x080098b8       0x5c ../libopencm3/lib\libopencm3_stm32f1.a(usb_control.o)
                0x080098b8                _usbd_control_setup
 .text._usbd_control_out
                0x08009914       0x86 ../libopencm3/lib\libopencm3_stm32f1.a(usb_control.o)
                0x08009914                _usbd_control_out
 .text._usbd_control_in
                0x0800999a       0x56 ../libopencm3/lib\libopencm3_stm32f1.a(usb_control.o)
                0x0800999a                _usbd_control_in
 .text.usb_standard_set_configuration
                0x080099f0       0x32 ../libopencm3/lib\libopencm3_stm32f1.a(usb_standard.o)
 .text.usb_standard_get_configuration
                0x08009a22       0x14 ../libopencm3/lib\libopencm3_stm32f1.a(usb_standard.o)
 .text.usb_standard_set_interface
                0x08009a36        0xe ../libopencm3/lib\libopencm3_stm32f1.a(usb_standard.o)
 .text.usb_standard_get_interface
                0x08009a44        0xc ../libopencm3/lib\libopencm3_stm32f1.a(usb_standard.o)
 .text.usb_standard_device_get_status
                0x08009a50       0x18 ../libopencm3/lib\libopencm3_stm32f1.a(usb_standard.o)
 .text.usb_standard_interface_get_status
                0x08009a68       0x18 ../libopencm3/lib\libopencm3_stm32f1.a(usb_standard.o)
 .text.usb_standard_endpoint_get_status
                0x08009a80       0x2a ../libopencm3/lib\libopencm3_stm32f1.a(usb_standard.o)
 .text.usb_standard_endpoint_stall
                0x08009aaa       0x10 ../libopencm3/lib\libopencm3_stm32f1.a(usb_standard.o)
 .text.usb_standard_endpoint_unstall
                0x08009aba       0x10 ../libopencm3/lib\libopencm3_stm32f1.a(usb_standard.o)
 .text.usb_standard_get_descriptor
                0x08009aca      0x23e ../libopencm3/lib\libopencm3_stm32f1.a(usb_standard.o)
 .text.usb_standard_set_address
                0x08009d08       0x28 ../libopencm3/lib\libopencm3_stm32f1.a(usb_standard.o)
 .text.usbd_register_set_config_callback
                0x08009d30        0x6 ../libopencm3/lib\libopencm3_stm32f1.a(usb_standard.o)
                0x08009d30                usbd_register_set_config_callback
 *fill*         0x08009d36        0x2 00
 .text._usbd_standard_request_device
                0x08009d38       0x20 ../libopencm3/lib\libopencm3_stm32f1.a(usb_standard.o)
                0x08009d38                _usbd_standard_request_device
 .text._usbd_standard_request_interface
                0x08009d58       0x20 ../libopencm3/lib\libopencm3_stm32f1.a(usb_standard.o)
                0x08009d58                _usbd_standard_request_interface
 .text._usbd_standard_request_endpoint
                0x08009d78       0x38 ../libopencm3/lib\libopencm3_stm32f1.a(usb_standard.o)
                0x08009d78                _usbd_standard_request_endpoint
 .text._usbd_standard_request
                0x08009db0       0x34 ../libopencm3/lib\libopencm3_stm32f1.a(usb_standard.o)
                0x08009db0                _usbd_standard_request
 .text.stm32f103_set_address
                0x08009de4       0x10 ../libopencm3/lib\libopencm3_stm32f1.a(usb_f103.o)
 .text.stm32f103_endpoints_reset
                0x08009df4       0x34 ../libopencm3/lib\libopencm3_stm32f1.a(usb_f103.o)
 .text.stm32f103_ep_stall_set
                0x08009e28       0xbc ../libopencm3/lib\libopencm3_stm32f1.a(usb_f103.o)
 .text.stm32f103_ep_stall_get
                0x08009ee4       0x3a ../libopencm3/lib\libopencm3_stm32f1.a(usb_f103.o)
 *fill*         0x08009f1e        0x2 00
 .text.stm32f103_ep_write_packet
                0x08009f20       0x90 ../libopencm3/lib\libopencm3_stm32f1.a(usb_f103.o)
 .text.stm32f103_ep_read_packet
                0x08009fb0       0xd4 ../libopencm3/lib\libopencm3_stm32f1.a(usb_f103.o)
 .text.stm32f103_poll
                0x0800a084       0xb0 ../libopencm3/lib\libopencm3_stm32f1.a(usb_f103.o)
 .text.stm32f103_usbd_init
                0x0800a134       0x34 ../libopencm3/lib\libopencm3_stm32f1.a(usb_f103.o)
 .text.stm32f103_ep_setup
                0x0800a168      0x164 ../libopencm3/lib\libopencm3_stm32f1.a(usb_f103.o)
 .text.stm32f103_ep_nak_set
                0x0800a2cc       0x5c ../libopencm3/lib\libopencm3_stm32f1.a(usb_f103.o)
 .text.blocking_handler
                0x0800a328        0x2 ../libopencm3/lib\libopencm3_stm32f1.a(vector.o)
                0x0800a328                usart3_isr
                0x0800a328                rtc_isr
                0x0800a328                tim7_isr
                0x0800a328                adc1_2_isr
                0x0800a328                tim1_trg_com_isr
                0x0800a328                usb_hp_can_tx_isr
                0x0800a328                tim6_isr
                0x0800a328                usb_wakeup_isr
                0x0800a328                blocking_handler
                0x0800a328                tim5_isr
                0x0800a328                otg_fs_isr
                0x0800a328                spi1_isr
                0x0800a328                dma1_channel6_isr
                0x0800a328                exti2_isr
                0x0800a328                can_rx1_isr
                0x0800a328                dma1_channel5_isr
                0x0800a328                dma2_channel5_isr
                0x0800a328                usage_fault_handler
                0x0800a328                tim8_trg_com_isr
                0x0800a328                can2_rx0_isr
                0x0800a328                tim1_brk_isr
                0x0800a328                can2_rx1_isr
                0x0800a328                tim1_cc_isr
                0x0800a328                sdio_isr
                0x0800a328                eth_isr
                0x0800a328                dma1_channel4_isr
                0x0800a328                tim8_brk_isr
                0x0800a328                dma2_channel4_5_isr
                0x0800a328                pvd_isr
                0x0800a328                rcc_isr
                0x0800a328                flash_isr
                0x0800a328                uart4_isr
                0x0800a328                rtc_alarm_isr
                0x0800a328                hard_fault_handler
                0x0800a328                exti1_isr
                0x0800a328                i2c1_ev_isr
                0x0800a328                dma2_channel1_isr
                0x0800a328                spi2_isr
                0x0800a328                tim8_up_isr
                0x0800a328                dma2_channel2_isr
                0x0800a328                adc3_isr
                0x0800a328                exti3_isr
                0x0800a328                usart2_isr
                0x0800a328                i2c2_er_isr
                0x0800a328                i2c2_ev_isr
                0x0800a328                uart5_isr
                0x0800a328                fsmc_isr
                0x0800a328                dma1_channel1_isr
                0x0800a328                exti4_isr
                0x0800a328                mem_manage_handler
                0x0800a328                can2_tx_isr
                0x0800a328                exti9_5_isr
                0x0800a328                dma2_channel3_isr
                0x0800a328                dma1_channel7_isr
                0x0800a328                tim1_up_isr
                0x0800a328                can2_sce_isr
                0x0800a328                tim4_isr
                0x0800a328                dma1_channel2_isr
                0x0800a328                i2c1_er_isr
                0x0800a328                can_sce_isr
                0x0800a328                tim8_cc_isr
                0x0800a328                tamper_isr
                0x0800a328                eth_wkup_isr
                0x0800a328                bus_fault_handler
                0x0800a328                wwdg_isr
                0x0800a328                dma1_channel3_isr
                0x0800a328                spi3_isr
                0x0800a328                tim2_isr
                0x0800a328                exti0_isr
 .text.null_handler
                0x0800a32a        0x2 ../libopencm3/lib\libopencm3_stm32f1.a(vector.o)
                0x0800a32a                sv_call_handler
                0x0800a32a                pend_sv_handler
                0x0800a32a                debug_monitor_handler
                0x0800a32a                nmi_handler
                0x0800a32a                null_handler
 .text.reset_handler
                0x0800a32c       0x80 ../libopencm3/lib\libopencm3_stm32f1.a(vector.o)
                0x0800a32c                reset_handler
 .text.systick_set_reload
                0x0800a3ac       0x10 ../libopencm3/lib\libopencm3_stm32f1.a(systick.o)
                0x0800a3ac                systick_set_reload
 .text.systick_set_clocksource
                0x0800a3bc       0x14 ../libopencm3/lib\libopencm3_stm32f1.a(systick.o)
                0x0800a3bc                systick_set_clocksource
 .text.systick_interrupt_enable
                0x0800a3d0       0x10 ../libopencm3/lib\libopencm3_stm32f1.a(systick.o)
                0x0800a3d0                systick_interrupt_enable
 .text.systick_counter_enable
                0x0800a3e0       0x10 ../libopencm3/lib\libopencm3_stm32f1.a(systick.o)
                0x0800a3e0                systick_counter_enable
 .text.scb_reset_core
                0x0800a3f0       0x10 ../libopencm3/lib\libopencm3_stm32f1.a(scb.o)
                0x0800a3f0                scb_reset_core
 .text.nvic_enable_irq
                0x0800a400       0x1a ../libopencm3/lib\libopencm3_stm32f1.a(nvic.o)
                0x0800a400                nvic_enable_irq
 *fill*         0x0800a41a        0x2 00
 .text.nvic_set_priority
                0x0800a41c       0x20 ../libopencm3/lib\libopencm3_stm32f1.a(nvic.o)
                0x0800a41c                nvic_set_priority
 .text.flash_set_ws
                0x0800a43c       0x14 ../libopencm3/lib\libopencm3_stm32f1.a(flash.o)
                0x0800a43c                flash_set_ws
 .text.__assert_func
                0x0800a450       0x40 c:/programy/gccarm/bin/../lib/gcc/arm-none-eabi/4.7.3/../../../../arm-none-eabi/lib/armv7-m\libc.a(lib_a-assert.o)
                0x0800a450                __assert_func
 .text.atoi     0x0800a490        0x8 c:/programy/gccarm/bin/../lib/gcc/arm-none-eabi/4.7.3/../../../../arm-none-eabi/lib/armv7-m\libc.a(lib_a-atoi.o)
                0x0800a490                atoi
 .text.atol     0x0800a498        0x8 c:/programy/gccarm/bin/../lib/gcc/arm-none-eabi/4.7.3/../../../../arm-none-eabi/lib/armv7-m\libc.a(lib_a-atol.o)
                0x0800a498                atol
 .text.calloc   0x0800a4a0       0x18 c:/programy/gccarm/bin/../lib/gcc/arm-none-eabi/4.7.3/../../../../arm-none-eabi/lib/armv7-m\libc.a(lib_a-calloc.o)
                0x0800a4a0                calloc
 .text._calloc_r
                0x0800a4b8       0x60 c:/programy/gccarm/bin/../lib/gcc/arm-none-eabi/4.7.3/../../../../arm-none-eabi/lib/armv7-m\libc.a(lib_a-callocr.o)
                0x0800a4b8                _calloc_r
 .text.fiprintf
                0x0800a518       0x2c c:/programy/gccarm/bin/../lib/gcc/arm-none-eabi/4.7.3/../../../../arm-none-eabi/lib/armv7-m\libc.a(lib_a-fiprintf.o)
                0x0800a518                fiprintf
 .text.malloc   0x0800a544       0x10 c:/programy/gccarm/bin/../lib/gcc/arm-none-eabi/4.7.3/../../../../arm-none-eabi/lib/armv7-m\libc.a(lib_a-malloc.o)
                0x0800a544                malloc
 .text.free     0x0800a554       0x10 c:/programy/gccarm/bin/../lib/gcc/arm-none-eabi/4.7.3/../../../../arm-none-eabi/lib/armv7-m\libc.a(lib_a-malloc.o)
                0x0800a554                free
 .text._malloc_r
                0x0800a564      0x530 c:/programy/gccarm/bin/../lib/gcc/arm-none-eabi/4.7.3/../../../../arm-none-eabi/lib/armv7-m\libc.a(lib_a-mallocr.o)
                0x0800a564                _malloc_r
 .text.memcpy   0x0800aa94      0x15c c:/programy/gccarm/bin/../lib/gcc/arm-none-eabi/4.7.3/../../../../arm-none-eabi/lib/armv7-m\libc.a(lib_a-memcpy.o)
                0x0800aa94                memcpy
 .text.memset   0x0800abf0      0x12c c:/programy/gccarm/bin/../lib/gcc/arm-none-eabi/4.7.3/../../../../arm-none-eabi/lib/armv7-m\libc.a(lib_a-memset.o)
                0x0800abf0                memset
 .text.__malloc_lock
                0x0800ad1c        0x4 c:/programy/gccarm/bin/../lib/gcc/arm-none-eabi/4.7.3/../../../../arm-none-eabi/lib/armv7-m\libc.a(lib_a-mlock.o)
                0x0800ad1c                __malloc_lock
 .text.__malloc_unlock
                0x0800ad20        0x4 c:/programy/gccarm/bin/../lib/gcc/arm-none-eabi/4.7.3/../../../../arm-none-eabi/lib/armv7-m\libc.a(lib_a-mlock.o)
                0x0800ad20                __malloc_unlock
 .text._sbrk_r  0x0800ad24       0x24 c:/programy/gccarm/bin/../lib/gcc/arm-none-eabi/4.7.3/../../../../arm-none-eabi/lib/armv7-m\libc.a(lib_a-sbrkr.o)
                0x0800ad24                _sbrk_r
 .text          0x0800ad48       0x1c c:/programy/gccarm/bin/../lib/gcc/arm-none-eabi/4.7.3/../../../../arm-none-eabi/lib/armv7-m\libc.a(lib_a-setjmp.o)
                0x0800ad48                setjmp
                0x0800ad54                longjmp
 .text.siprintf
                0x0800ad64       0x50 c:/programy/gccarm/bin/../lib/gcc/arm-none-eabi/4.7.3/../../../../arm-none-eabi/lib/armv7-m\libc.a(lib_a-siprintf.o)
                0x0800ad64                siprintf
 .text.siscanf  0x0800adb4       0x5c c:/programy/gccarm/bin/../lib/gcc/arm-none-eabi/4.7.3/../../../../arm-none-eabi/lib/armv7-m\libc.a(lib_a-siscanf.o)
                0x0800adb4                siscanf
 .text.__sread  0x0800ae10       0x24 c:/programy/gccarm/bin/../lib/gcc/arm-none-eabi/4.7.3/../../../../arm-none-eabi/lib/armv7-m\libc.a(lib_a-stdio.o)
                0x0800ae10                __sread
 .text.__seofread
                0x0800ae34        0x4 c:/programy/gccarm/bin/../lib/gcc/arm-none-eabi/4.7.3/../../../../arm-none-eabi/lib/armv7-m\libc.a(lib_a-stdio.o)
                0x0800ae34                __seofread
 .text.__swrite
                0x0800ae38       0x44 c:/programy/gccarm/bin/../lib/gcc/arm-none-eabi/4.7.3/../../../../arm-none-eabi/lib/armv7-m\libc.a(lib_a-stdio.o)
                0x0800ae38                __swrite
 .text.__sseek  0x0800ae7c       0x24 c:/programy/gccarm/bin/../lib/gcc/arm-none-eabi/4.7.3/../../../../arm-none-eabi/lib/armv7-m\libc.a(lib_a-stdio.o)
                0x0800ae7c                __sseek
 .text.__sclose
                0x0800aea0        0x8 c:/programy/gccarm/bin/../lib/gcc/arm-none-eabi/4.7.3/../../../../arm-none-eabi/lib/armv7-m\libc.a(lib_a-stdio.o)
                0x0800aea0                __sclose
 .text.strcmp   0x0800aea8       0x80 c:/programy/gccarm/bin/../lib/gcc/arm-none-eabi/4.7.3/../../../../arm-none-eabi/lib/armv7-m\libc.a(lib_a-strcmp.o)
                0x0800aea8                strcmp
 .text.strcmp_unaligned
                0x0800af28      0x15c c:/programy/gccarm/bin/../lib/gcc/arm-none-eabi/4.7.3/../../../../arm-none-eabi/lib/armv7-m\libc.a(lib_a-strcmp.o)
 .text.strlen   0x0800b084       0x60 c:/programy/gccarm/bin/../lib/gcc/arm-none-eabi/4.7.3/../../../../arm-none-eabi/lib/armv7-m\libc.a(lib_a-strlen.o)
                0x0800b084                strlen
 .text.strncmp  0x0800b0e4      0x120 c:/programy/gccarm/bin/../lib/gcc/arm-none-eabi/4.7.3/../../../../arm-none-eabi/lib/armv7-m\libc.a(lib_a-strncmp.o)
                0x0800b0e4                strncmp
 .text.strncpy  0x0800b204      0x10c c:/programy/gccarm/bin/../lib/gcc/arm-none-eabi/4.7.3/../../../../arm-none-eabi/lib/armv7-m\libc.a(lib_a-strncpy.o)
                0x0800b204                strncpy
 .text.strtok   0x0800b310       0x14 c:/programy/gccarm/bin/../lib/gcc/arm-none-eabi/4.7.3/../../../../arm-none-eabi/lib/armv7-m\libc.a(lib_a-strtok.o)
                0x0800b310                strtok
 .text.__strtok_r
                0x0800b324       0x60 c:/programy/gccarm/bin/../lib/gcc/arm-none-eabi/4.7.3/../../../../arm-none-eabi/lib/armv7-m\libc.a(lib_a-strtok_r.o)
                0x0800b324                __strtok_r
 .text._strtol_r
                0x0800b384      0x130 c:/programy/gccarm/bin/../lib/gcc/arm-none-eabi/4.7.3/../../../../arm-none-eabi/lib/armv7-m\libc.a(lib_a-strtol.o)
                0x0800b384                _strtol_r
 .text.strtol   0x0800b4b4       0x1c c:/programy/gccarm/bin/../lib/gcc/arm-none-eabi/4.7.3/../../../../arm-none-eabi/lib/armv7-m\libc.a(lib_a-strtol.o)
                0x0800b4b4                strtol
 .text._strtoul_r
                0x0800b4d0      0x150 c:/programy/gccarm/bin/../lib/gcc/arm-none-eabi/4.7.3/../../../../arm-none-eabi/lib/armv7-m\libc.a(lib_a-strtoul.o)
                0x0800b4d0                _strtoul_r
 .text.strtoul  0x0800b620       0x1c c:/programy/gccarm/bin/../lib/gcc/arm-none-eabi/4.7.3/../../../../arm-none-eabi/lib/armv7-m\libc.a(lib_a-strtoul.o)
                0x0800b620                strtoul
 .text.__ssprint_r
                0x0800b63c      0x100 c:/programy/gccarm/bin/../lib/gcc/arm-none-eabi/4.7.3/../../../../arm-none-eabi/lib/armv7-m\libc.a(lib_a-svfiprintf.o)
                0x0800b63c                __ssprint_r
 .text._svfiprintf_r
                0x0800b73c      0xe90 c:/programy/gccarm/bin/../lib/gcc/arm-none-eabi/4.7.3/../../../../arm-none-eabi/lib/armv7-m\libc.a(lib_a-svfiprintf.o)
                0x0800b73c                _svfiprintf_r
 .text._sungetc_r
                0x0800c5cc       0x80 c:/programy/gccarm/bin/../lib/gcc/arm-none-eabi/4.7.3/../../../../arm-none-eabi/lib/armv7-m\libc.a(lib_a-svfiscanf.o)
                0x0800c5cc                _sungetc_r
 .text.__ssrefill_r
                0x0800c64c       0x3c c:/programy/gccarm/bin/../lib/gcc/arm-none-eabi/4.7.3/../../../../arm-none-eabi/lib/armv7-m\libc.a(lib_a-svfiscanf.o)
                0x0800c64c                __ssrefill_r
 .text._sfread_r
                0x0800c688       0x7c c:/programy/gccarm/bin/../lib/gcc/arm-none-eabi/4.7.3/../../../../arm-none-eabi/lib/armv7-m\libc.a(lib_a-svfiscanf.o)
                0x0800c688                _sfread_r
 .text.__ssvfiscanf_r
                0x0800c704      0xc48 c:/programy/gccarm/bin/../lib/gcc/arm-none-eabi/4.7.3/../../../../arm-none-eabi/lib/armv7-m\libc.a(lib_a-svfiscanf.o)
                0x0800c704                __ssvfiscanf_r
 .text.__submore
                0x0800d34c       0x7c c:/programy/gccarm/bin/../lib/gcc/arm-none-eabi/4.7.3/../../../../arm-none-eabi/lib/armv7-m\libc.a(lib_a-ungetc.o)
                0x0800d34c                __submore
 .text._vasiprintf_r
                0x0800d3c8       0x38 c:/programy/gccarm/bin/../lib/gcc/arm-none-eabi/4.7.3/../../../../arm-none-eabi/lib/armv7-m\libc.a(lib_a-vasiprintf.o)
                0x0800d3c8                _vasiprintf_r
 .text.vasiprintf
                0x0800d400       0x1c c:/programy/gccarm/bin/../lib/gcc/arm-none-eabi/4.7.3/../../../../arm-none-eabi/lib/armv7-m\libc.a(lib_a-vasiprintf.o)
                0x0800d400                vasiprintf
 .text.__sprint_r
                0x0800d41c       0xc0 c:/programy/gccarm/bin/../lib/gcc/arm-none-eabi/4.7.3/../../../../arm-none-eabi/lib/armv7-m\libc.a(lib_a-vfiprintf.o)
                0x0800d41c                __sprint_r
 .text._vfiprintf_r
                0x0800d4dc      0xed4 c:/programy/gccarm/bin/../lib/gcc/arm-none-eabi/4.7.3/../../../../arm-none-eabi/lib/armv7-m\libc.a(lib_a-vfiprintf.o)
                0x0800d4dc                _vfiprintf_r
 .text.__sbprintf
                0x0800e3b0       0x80 c:/programy/gccarm/bin/../lib/gcc/arm-none-eabi/4.7.3/../../../../arm-none-eabi/lib/armv7-m\libc.a(lib_a-vfiprintf.o)
 .text._write_r
                0x0800e430       0x28 c:/programy/gccarm/bin/../lib/gcc/arm-none-eabi/4.7.3/../../../../arm-none-eabi/lib/armv7-m\libc.a(lib_a-writer.o)
                0x0800e430                _write_r
 .text.__swsetup_r
                0x0800e458       0xc4 c:/programy/gccarm/bin/../lib/gcc/arm-none-eabi/4.7.3/../../../../arm-none-eabi/lib/armv7-m\libc.a(lib_a-wsetup.o)
                0x0800e458                __swsetup_r
 .text.abort    0x0800e51c       0x10 c:/programy/gccarm/bin/../lib/gcc/arm-none-eabi/4.7.3/../../../../arm-none-eabi/lib/armv7-m\libc.a(lib_a-abort.o)
                0x0800e51c                abort
 .text._close_r
                0x0800e52c       0x24 c:/programy/gccarm/bin/../lib/gcc/arm-none-eabi/4.7.3/../../../../arm-none-eabi/lib/armv7-m\libc.a(lib_a-closer.o)
                0x0800e52c                _close_r
 .text._fflush_r
                0x0800e550      0x164 c:/programy/gccarm/bin/../lib/gcc/arm-none-eabi/4.7.3/../../../../arm-none-eabi/lib/armv7-m\libc.a(lib_a-fflush.o)
                0x0800e550                _fflush_r
 .text._cleanup_r
                0x0800e6b4        0xc c:/programy/gccarm/bin/../lib/gcc/arm-none-eabi/4.7.3/../../../../arm-none-eabi/lib/armv7-m\libc.a(lib_a-findfp.o)
                0x0800e6b4                _cleanup_r
 .text.std.isra.0
                0x0800e6c0       0x50 c:/programy/gccarm/bin/../lib/gcc/arm-none-eabi/4.7.3/../../../../arm-none-eabi/lib/armv7-m\libc.a(lib_a-findfp.o)
 .text.__sinit  0x0800e710       0x4c c:/programy/gccarm/bin/../lib/gcc/arm-none-eabi/4.7.3/../../../../arm-none-eabi/lib/armv7-m\libc.a(lib_a-findfp.o)
                0x0800e710                __sinit
 .text.__sfp_lock_acquire
                0x0800e75c        0x4 c:/programy/gccarm/bin/../lib/gcc/arm-none-eabi/4.7.3/../../../../arm-none-eabi/lib/armv7-m\libc.a(lib_a-findfp.o)
                0x0800e75c                __sfp_lock_acquire
 .text.__sfp_lock_release
                0x0800e760        0x4 c:/programy/gccarm/bin/../lib/gcc/arm-none-eabi/4.7.3/../../../../arm-none-eabi/lib/armv7-m\libc.a(lib_a-findfp.o)
                0x0800e760                __sfp_lock_release
 .text._fputwc_r
                0x0800e764      0x1b0 c:/programy/gccarm/bin/../lib/gcc/arm-none-eabi/4.7.3/../../../../arm-none-eabi/lib/armv7-m\libc.a(lib_a-fputwc.o)
                0x0800e764                _fputwc_r
 .text._malloc_trim_r
                0x0800e914       0x98 c:/programy/gccarm/bin/../lib/gcc/arm-none-eabi/4.7.3/../../../../arm-none-eabi/lib/armv7-m\libc.a(lib_a-freer.o)
                0x0800e914                _malloc_trim_r
 .text._free_r  0x0800e9ac      0x194 c:/programy/gccarm/bin/../lib/gcc/arm-none-eabi/4.7.3/../../../../arm-none-eabi/lib/armv7-m\libc.a(lib_a-freer.o)
                0x0800e9ac                _free_r
 .text.__sfvwrite_r
                0x0800eb40      0x314 c:/programy/gccarm/bin/../lib/gcc/arm-none-eabi/4.7.3/../../../../arm-none-eabi/lib/armv7-m\libc.a(lib_a-fvwrite.o)
                0x0800eb40                __sfvwrite_r
 .text._fwalk   0x0800ee54       0xb8 c:/programy/gccarm/bin/../lib/gcc/arm-none-eabi/4.7.3/../../../../arm-none-eabi/lib/armv7-m\libc.a(lib_a-fwalk.o)
                0x0800ee54                _fwalk
 .text.iswspace
                0x0800ef0c       0x1c c:/programy/gccarm/bin/../lib/gcc/arm-none-eabi/4.7.3/../../../../arm-none-eabi/lib/armv7-m\libc.a(lib_a-iswspace.o)
                0x0800ef0c                iswspace
 .text.__locale_charset
                0x0800ef28        0xc c:/programy/gccarm/bin/../lib/gcc/arm-none-eabi/4.7.3/../../../../arm-none-eabi/lib/armv7-m\libc.a(lib_a-locale.o)
                0x0800ef28                __locale_charset
 .text.__locale_mb_cur_max
                0x0800ef34        0xc c:/programy/gccarm/bin/../lib/gcc/arm-none-eabi/4.7.3/../../../../arm-none-eabi/lib/armv7-m\libc.a(lib_a-locale.o)
                0x0800ef34                __locale_mb_cur_max
 .text._lseek_r
                0x0800ef40       0x28 c:/programy/gccarm/bin/../lib/gcc/arm-none-eabi/4.7.3/../../../../arm-none-eabi/lib/armv7-m\libc.a(lib_a-lseekr.o)
                0x0800ef40                _lseek_r
 .text.__smakebuf_r
                0x0800ef68       0xe8 c:/programy/gccarm/bin/../lib/gcc/arm-none-eabi/4.7.3/../../../../arm-none-eabi/lib/armv7-m\libc.a(lib_a-makebuf.o)
                0x0800ef68                __smakebuf_r
 .text._mbrtowc_r
                0x0800f050       0x5c c:/programy/gccarm/bin/../lib/gcc/arm-none-eabi/4.7.3/../../../../arm-none-eabi/lib/armv7-m\libc.a(lib_a-mbrtowc.o)
                0x0800f050                _mbrtowc_r
 .text.__ascii_mbtowc
                0x0800f0ac       0x28 c:/programy/gccarm/bin/../lib/gcc/arm-none-eabi/4.7.3/../../../../arm-none-eabi/lib/armv7-m\libc.a(lib_a-mbtowc_r.o)
                0x0800f0ac                __ascii_mbtowc
 .text.memchr   0x0800f0d4      0x140 c:/programy/gccarm/bin/../lib/gcc/arm-none-eabi/4.7.3/../../../../arm-none-eabi/lib/armv7-m\libc.a(lib_a-memchr.o)
                0x0800f0d4                memchr
 .text.memmove  0x0800f214      0x1b0 c:/programy/gccarm/bin/../lib/gcc/arm-none-eabi/4.7.3/../../../../arm-none-eabi/lib/armv7-m\libc.a(lib_a-memmove.o)
                0x0800f214                memmove
 .text._read_r  0x0800f3c4       0x28 c:/programy/gccarm/bin/../lib/gcc/arm-none-eabi/4.7.3/../../../../arm-none-eabi/lib/armv7-m\libc.a(lib_a-readr.o)
                0x0800f3c4                _read_r
 .text._realloc_r
                0x0800f3ec      0x3ec c:/programy/gccarm/bin/../lib/gcc/arm-none-eabi/4.7.3/../../../../arm-none-eabi/lib/armv7-m\libc.a(lib_a-reallocr.o)
                0x0800f3ec                _realloc_r
 .text.__sccl   0x0800f7d8       0x94 c:/programy/gccarm/bin/../lib/gcc/arm-none-eabi/4.7.3/../../../../arm-none-eabi/lib/armv7-m\libc.a(lib_a-sccl.o)
                0x0800f7d8                __sccl
 .text._raise_r
                0x0800f86c       0x58 c:/programy/gccarm/bin/../lib/gcc/arm-none-eabi/4.7.3/../../../../arm-none-eabi/lib/armv7-m\libc.a(lib_a-signal.o)
                0x0800f86c                _raise_r
 .text.raise    0x0800f8c4       0x10 c:/programy/gccarm/bin/../lib/gcc/arm-none-eabi/4.7.3/../../../../arm-none-eabi/lib/armv7-m\libc.a(lib_a-signal.o)
                0x0800f8c4                raise
 .text._kill_r  0x0800f8d4       0x28 c:/programy/gccarm/bin/../lib/gcc/arm-none-eabi/4.7.3/../../../../arm-none-eabi/lib/armv7-m\libc.a(lib_a-signalr.o)
                0x0800f8d4                _kill_r
 .text._getpid_r
                0x0800f8fc        0x4 c:/programy/gccarm/bin/../lib/gcc/arm-none-eabi/4.7.3/../../../../arm-none-eabi/lib/armv7-m\libc.a(lib_a-signalr.o)
                0x0800f8fc                _getpid_r
 .text._strtoll_r
                0x0800f900      0x1b0 c:/programy/gccarm/bin/../lib/gcc/arm-none-eabi/4.7.3/../../../../arm-none-eabi/lib/armv7-m\libc.a(lib_a-strtoll_r.o)
                0x0800f900                _strtoll_r
 .text._strtoull_r
                0x0800fab0      0x1f0 c:/programy/gccarm/bin/../lib/gcc/arm-none-eabi/4.7.3/../../../../arm-none-eabi/lib/armv7-m\libc.a(lib_a-strtoull_r.o)
                0x0800fab0                _strtoull_r
 .text.__swbuf_r
                0x0800fca0       0xbc c:/programy/gccarm/bin/../lib/gcc/arm-none-eabi/4.7.3/../../../../arm-none-eabi/lib/armv7-m\libc.a(lib_a-wbuf.o)
                0x0800fca0                __swbuf_r
 .text._wcrtomb_r
                0x0800fd5c       0x50 c:/programy/gccarm/bin/../lib/gcc/arm-none-eabi/4.7.3/../../../../arm-none-eabi/lib/armv7-m\libc.a(lib_a-wcrtomb.o)
                0x0800fd5c                _wcrtomb_r
 .text.__ascii_wctomb
                0x0800fdac       0x1c c:/programy/gccarm/bin/../lib/gcc/arm-none-eabi/4.7.3/../../../../arm-none-eabi/lib/armv7-m\libc.a(lib_a-wctomb_r.o)
                0x0800fdac                __ascii_wctomb
 .text._fclose_r
                0x0800fdc8       0x94 c:/programy/gccarm/bin/../lib/gcc/arm-none-eabi/4.7.3/../../../../arm-none-eabi/lib/armv7-m\libc.a(lib_a-fclose.o)
                0x0800fdc8                _fclose_r
 .text.fclose   0x0800fe5c       0x10 c:/programy/gccarm/bin/../lib/gcc/arm-none-eabi/4.7.3/../../../../arm-none-eabi/lib/armv7-m\libc.a(lib_a-fclose.o)
                0x0800fe5c                fclose
 .text._fstat_r
                0x0800fe6c       0x28 c:/programy/gccarm/bin/../lib/gcc/arm-none-eabi/4.7.3/../../../../arm-none-eabi/lib/armv7-m\libc.a(lib_a-fstatr.o)
                0x0800fe6c                _fstat_r
 .text._isatty_r
                0x0800fe94       0x24 c:/programy/gccarm/bin/../lib/gcc/arm-none-eabi/4.7.3/../../../../arm-none-eabi/lib/armv7-m\libc.a(lib_a-isattyr.o)
                0x0800fe94                _isatty_r
 .text._close   0x0800feb8       0x14 c:/programy/gccarm/bin/../lib/gcc/arm-none-eabi/4.7.3/../../../../arm-none-eabi/lib/armv7-m\libnosys.a(close.o)
                0x0800feb8                _close
 .text._fstat   0x0800fecc       0x14 c:/programy/gccarm/bin/../lib/gcc/arm-none-eabi/4.7.3/../../../../arm-none-eabi/lib/armv7-m\libnosys.a(fstat.o)
                0x0800fecc                _fstat
 .text._getpid  0x0800fee0       0x14 c:/programy/gccarm/bin/../lib/gcc/arm-none-eabi/4.7.3/../../../../arm-none-eabi/lib/armv7-m\libnosys.a(getpid.o)
                0x0800fee0                _getpid
 .text._isatty  0x0800fef4       0x10 c:/programy/gccarm/bin/../lib/gcc/arm-none-eabi/4.7.3/../../../../arm-none-eabi/lib/armv7-m\libnosys.a(isatty.o)
                0x0800fef4                _isatty
 .text._kill    0x0800ff04       0x14 c:/programy/gccarm/bin/../lib/gcc/arm-none-eabi/4.7.3/../../../../arm-none-eabi/lib/armv7-m\libnosys.a(kill.o)
                0x0800ff04                _kill
 .text._lseek   0x0800ff18       0x14 c:/programy/gccarm/bin/../lib/gcc/arm-none-eabi/4.7.3/../../../../arm-none-eabi/lib/armv7-m\libnosys.a(lseek.o)
                0x0800ff18                _lseek
 .text._read    0x0800ff2c       0x14 c:/programy/gccarm/bin/../lib/gcc/arm-none-eabi/4.7.3/../../../../arm-none-eabi/lib/armv7-m\libnosys.a(read.o)
                0x0800ff2c                _read
 .text._sbrk    0x0800ff40       0x34 c:/programy/gccarm/bin/../lib/gcc/arm-none-eabi/4.7.3/../../../../arm-none-eabi/lib/armv7-m\libnosys.a(sbrk.o)
                0x0800ff40                _sbrk
 .text._write   0x0800ff74       0x14 c:/programy/gccarm/bin/../lib/gcc/arm-none-eabi/4.7.3/../../../../arm-none-eabi/lib/armv7-m\libnosys.a(write.o)
                0x0800ff74                _write
 .text._exit    0x0800ff88        0x4 c:/programy/gccarm/bin/../lib/gcc/arm-none-eabi/4.7.3/../../../../arm-none-eabi/lib/armv7-m\libnosys.a(_exit.o)
                0x0800ff88                _exit
 .text          0x0800ff8c       0x2c c:/programy/gccarm/bin/../lib/gcc/arm-none-eabi/4.7.3/armv7-m\libgcc.a(_aeabi_uldivmod.o)
                0x0800ff8c                __aeabi_uldivmod
 .text          0x0800ffb8       0x60 c:/programy/gccarm/bin/../lib/gcc/arm-none-eabi/4.7.3/armv7-m\libgcc.a(bpabi.o)
                0x0800ffb8                __gnu_ldivmod_helper
                0x0800ffe8                __gnu_uldivmod_helper
 .text          0x08010018        0x4 c:/programy/gccarm/bin/../lib/gcc/arm-none-eabi/4.7.3/armv7-m\libgcc.a(_dvmd_tls.o)
                0x08010018                __aeabi_idiv0
                0x08010018                __aeabi_ldiv0
 .text          0x0801001c      0x2bc c:/programy/gccarm/bin/../lib/gcc/arm-none-eabi/4.7.3/armv7-m\libgcc.a(_divdi3.o)
                0x0801001c                __divdi3
 .text          0x080102d8      0x28c c:/programy/gccarm/bin/../lib/gcc/arm-none-eabi/4.7.3/armv7-m\libgcc.a(_udivdi3.o)
                0x080102d8                __udivdi3
                0x08010564                . = ALIGN (0x4)
 *(.rodata*)
 .rodata        0x08010564       0x14 adiv5.o
 .rodata.str1.4
                0x08010578       0x15 adiv5_jtagdp.o
                                 0x18 (size before relaxing)
 *fill*         0x0801058d        0x3 00
 .rodata.str1.4
                0x08010590        0xc adiv5_swdp.o
                                 0x24 (size before relaxing)
 .rodata        0x0801059c        0xc arm7tdmi.o
 .rodata        0x080105a8       0x6c command.o
                0x080105a8                cmd_list
 .rodata.str1.4
                0x08010614      0x384 command.o
                                0x38c (size before relaxing)
 .rodata        0x08010998      0xc0c cortexm.o
                0x08010e80                cortexm_cmd_list
 .rodata.str1.4
                0x080115a4      0x179 cortexm.o
                                0x180 (size before relaxing)
 *fill*         0x0801171d        0x3 00
 .rodata.str1.4
                0x08011720      0x176 gdb_main.o
                                0x190 (size before relaxing)
 *fill*         0x08011896        0x2 00
 .rodata.str1.4
                0x08011898        0x5 gdb_packet.o
                                  0x8 (size before relaxing)
 *fill*         0x0801189d        0x3 00
 .rodata        0x080118a0       0x14 hex_utils.o
 .rodata        0x080118b4      0x10c jtag_scan.o
 .rodata.str1.4
                0x080119c0      0x208 jtag_scan.o
                                0x214 (size before relaxing)
 .rodata        0x08011bc8       0xf0 lmi.o
 .rodata        0x08011cb8       0xe0 lpc11xx.o
 .rodata.str1.4
                0x08011d98        0x8 lpc11xx.o
 .rodata        0x08011da0      0x2d4 lpc43xx.o
                0x0801205c                lpc43xx_cmd_list
 .rodata.str1.4
                0x08012074       0x76 lpc43xx.o
                                 0x78 (size before relaxing)
 *fill*         0x080120ea        0x2 00
 .rodata        0x080120ec        0x8 main.o
 .rodata.str1.4
                0x080120f4       0x1d main.o
                                 0x20 (size before relaxing)
 *fill*         0x08012111        0x3 00
 .rodata        0x08012114       0x68 platform.o
 .rodata.str1.4
                0x0801217c        0x8 platform.o
                                  0xc (size before relaxing)
 .rodata        0x08012184      0x254 sam3x.o
                0x0801229c                sam3x_cmd_list
 .rodata.str1.4
                0x080123d8       0x96 sam3x.o
                                 0x98 (size before relaxing)
 *fill*         0x0801246e        0x2 00
 .rodata        0x08012470      0x228 stm32f1.o
                0x08012564                stm32f1_cmd_list
 .rodata.str1.4
                0x08012698       0xa8 stm32f1.o
                                 0xd0 (size before relaxing)
 .rodata        0x08012740      0x398 stm32f4.o
                0x08012ab4                stm32f4_cmd_list
 .rodata.str1.4
                0x08012ad8       0x74 stm32f4.o
                                 0xf8 (size before relaxing)
 .rodata        0x08012b4c       0xe8 stm32l1.o
 .rodata        0x08012c34      0x188 cdcacm.o
                0x08012c58                trace_iface
                0x08012c70                dfu_iface
                0x08012c88                dfu_function
 .rodata.str1.4
                0x08012dbc       0x9a cdcacm.o
                                 0x9c (size before relaxing)
 *fill*         0x08012e56        0x2 00
 .rodata.CSWTCH.22
                0x08012e58       0x30 ../libopencm3/lib\libopencm3_stm32f1.a(usb_standard.o)
 .rodata.CSWTCH.19
                0x08012e88       0x28 ../libopencm3/lib\libopencm3_stm32f1.a(usb_standard.o)
 .rodata        0x08012eb0        0x8 ../libopencm3/lib\libopencm3_stm32f1.a(usb_f103.o)
 .rodata.stm32f103_usb_driver
                0x08012eb8       0x34 ../libopencm3/lib\libopencm3_stm32f1.a(usb_f103.o)
                0x08012eb8                stm32f103_usb_driver
 .rodata.str1.4
                0x08012eec       0x3f c:/programy/gccarm/bin/../lib/gcc/arm-none-eabi/4.7.3/../../../../arm-none-eabi/lib/armv7-m\libc.a(lib_a-assert.o)
                                 0x44 (size before relaxing)
 *fill*         0x08012f2b        0x1 00
 .rodata.str1.4
                0x08012f2c        0x2 c:/programy/gccarm/bin/../lib/gcc/arm-none-eabi/4.7.3/../../../../arm-none-eabi/lib/armv7-m\libc.a(lib_a-impure.o)
                                  0x4 (size before relaxing)
 *fill*         0x08012f2e        0x2 00
 .rodata.zeroes.6665
                0x08012f30       0x10 c:/programy/gccarm/bin/../lib/gcc/arm-none-eabi/4.7.3/../../../../arm-none-eabi/lib/armv7-m\libc.a(lib_a-svfiprintf.o)
 .rodata.str1.4
                0x08012f40       0x30 c:/programy/gccarm/bin/../lib/gcc/arm-none-eabi/4.7.3/../../../../arm-none-eabi/lib/armv7-m\libc.a(lib_a-svfiprintf.o)
 .rodata.blanks.6664
                0x08012f70       0x10 c:/programy/gccarm/bin/../lib/gcc/arm-none-eabi/4.7.3/../../../../arm-none-eabi/lib/armv7-m\libc.a(lib_a-svfiprintf.o)
 .rodata.basefix.6137
                0x08012f80       0x24 c:/programy/gccarm/bin/../lib/gcc/arm-none-eabi/4.7.3/../../../../arm-none-eabi/lib/armv7-m\libc.a(lib_a-svfiscanf.o)
 .rodata.blanks.6678
                0x08012fa4       0x10 c:/programy/gccarm/bin/../lib/gcc/arm-none-eabi/4.7.3/../../../../arm-none-eabi/lib/armv7-m\libc.a(lib_a-vfiprintf.o)
 .rodata.str1.4
                0x00000000       0x30 c:/programy/gccarm/bin/../lib/gcc/arm-none-eabi/4.7.3/../../../../arm-none-eabi/lib/armv7-m\libc.a(lib_a-vfiprintf.o)
 .rodata.zeroes.6679
                0x08012fb4       0x10 c:/programy/gccarm/bin/../lib/gcc/arm-none-eabi/4.7.3/../../../../arm-none-eabi/lib/armv7-m\libc.a(lib_a-vfiprintf.o)
 .rodata._ctype_
                0x08012fc4      0x104 c:/programy/gccarm/bin/../lib/gcc/arm-none-eabi/4.7.3/../../../../arm-none-eabi/lib/armv7-m\libc.a(lib_a-ctype_.o)
                0x08012fc4                _ctype_
 .rodata.str1.4
                0x00000000        0x4 c:/programy/gccarm/bin/../lib/gcc/arm-none-eabi/4.7.3/../../../../arm-none-eabi/lib/armv7-m\libc.a(lib_a-mbrtowc.o)
                0x080130c8                . = ALIGN (0x4)

.glue_7         0x080130c8        0x0
 .glue_7        0x00000000        0x0 linker stubs

.glue_7t        0x080130c8        0x0
 .glue_7t       0x00000000        0x0 linker stubs

.vfp11_veneer   0x080130c8        0x0
 .vfp11_veneer  0x00000000        0x0 linker stubs

.v4_bx          0x080130c8        0x0
 .v4_bx         0x00000000        0x0 linker stubs

.iplt           0x080130c8        0x0
 .iplt          0x00000000        0x0 adiv5.o

.preinit_array  0x080130c8        0x0
                0x080130c8                . = ALIGN (0x4)
                0x080130c8                __preinit_array_start = .
 *(.preinit_array)
                0x080130c8                __preinit_array_end = .

.init_array     0x080130c8        0x0
                0x080130c8                . = ALIGN (0x4)
                0x080130c8                __init_array_start = .
 *(SORT(.init_array.*))
 *(.init_array)
                0x080130c8                __init_array_end = .

.fini_array     0x080130c8        0x0
                0x080130c8                . = ALIGN (0x4)
                0x080130c8                __fini_array_start = .
 *(.fini_array)
 *(SORT(.fini_array.*))
                0x080130c8                __fini_array_end = .

.ARM.extab
 *(.ARM.extab*)

.ARM.exidx      0x080130c8        0x8
                0x080130c8                __exidx_start = .
 *(.ARM.exidx*)
 .ARM.exidx     0x080130c8        0x8 c:/programy/gccarm/bin/../lib/gcc/arm-none-eabi/4.7.3/armv7-m\libgcc.a(_divdi3.o)
 .ARM.exidx     0x080130d0        0x0 c:/programy/gccarm/bin/../lib/gcc/arm-none-eabi/4.7.3/armv7-m\libgcc.a(_udivdi3.o)
                                  0x8 (size before relaxing)
                0x080130d0                __exidx_end = .

.rel.dyn        0x080130d0        0x0
 .rel.iplt      0x00000000        0x0 adiv5.o
                0x080130d0                . = ALIGN (0x4)
                0x080130d0                _etext = .

.data           0x20000000      0x93c load address 0x080130d0
                0x20000000                _data = .
 *(.data*)
 .data          0x20000000       0x10 cortexm.o
 .data          0x20000010       0x30 lmi.o
                0x20000010                lmi_flash_write_stub
 .data          0x20000040        0xc platform.o
 .data          0x2000004c       0x2c stm32f1.o
                0x2000004c                stm32f1_flash_write_stub
 .data          0x20000078       0x30 stm32f4.o
                0x20000078                stm32f4_flash_write_stub
 .data          0x200000a8       0x20 cdcacm.o
 .data.rcc_ppre1_frequency
                0x200000c8        0x4 ../libopencm3/lib\libopencm3_stm32f1.a(rcc.o)
                0x200000c8                rcc_ppre1_frequency
 .data.rcc_ppre2_frequency
                0x200000cc        0x4 ../libopencm3/lib\libopencm3_stm32f1.a(rcc.o)
                0x200000cc                rcc_ppre2_frequency
 .data.impure_data
                0x200000d0      0x428 c:/programy/gccarm/bin/../lib/gcc/arm-none-eabi/4.7.3/../../../../arm-none-eabi/lib/armv7-m\libc.a(lib_a-impure.o)
 .data._impure_ptr
                0x200004f8        0x4 c:/programy/gccarm/bin/../lib/gcc/arm-none-eabi/4.7.3/../../../../arm-none-eabi/lib/armv7-m\libc.a(lib_a-impure.o)
                0x200004f8                _impure_ptr
 .data.__malloc_av_
                0x200004fc      0x408 c:/programy/gccarm/bin/../lib/gcc/arm-none-eabi/4.7.3/../../../../arm-none-eabi/lib/armv7-m\libc.a(lib_a-mallocr.o)
                0x200004fc                __malloc_av_
 .data.__malloc_trim_threshold
                0x20000904        0x4 c:/programy/gccarm/bin/../lib/gcc/arm-none-eabi/4.7.3/../../../../arm-none-eabi/lib/armv7-m\libc.a(lib_a-mallocr.o)
                0x20000904                __malloc_trim_threshold
 .data.__malloc_sbrk_base
                0x20000908        0x4 c:/programy/gccarm/bin/../lib/gcc/arm-none-eabi/4.7.3/../../../../arm-none-eabi/lib/armv7-m\libc.a(lib_a-mallocr.o)
                0x20000908                __malloc_sbrk_base
 .data.__ctype_ptr__
                0x2000090c        0x4 c:/programy/gccarm/bin/../lib/gcc/arm-none-eabi/4.7.3/../../../../arm-none-eabi/lib/armv7-m\libc.a(lib_a-ctype_.o)
                0x2000090c                __ctype_ptr__
 .data.lc_ctype_charset
                0x20000910       0x20 c:/programy/gccarm/bin/../lib/gcc/arm-none-eabi/4.7.3/../../../../arm-none-eabi/lib/armv7-m\libc.a(lib_a-locale.o)
 .data.__mb_cur_max
                0x20000930        0x4 c:/programy/gccarm/bin/../lib/gcc/arm-none-eabi/4.7.3/../../../../arm-none-eabi/lib/armv7-m\libc.a(lib_a-locale.o)
                0x20000930                __mb_cur_max
 .data.__mbtowc
                0x20000934        0x4 c:/programy/gccarm/bin/../lib/gcc/arm-none-eabi/4.7.3/../../../../arm-none-eabi/lib/armv7-m\libc.a(lib_a-mbtowc_r.o)
                0x20000934                __mbtowc
 .data.__wctomb
                0x20000938        0x4 c:/programy/gccarm/bin/../lib/gcc/arm-none-eabi/4.7.3/../../../../arm-none-eabi/lib/armv7-m\libc.a(lib_a-wctomb_r.o)
                0x20000938                __wctomb
                0x2000093c                . = ALIGN (0x4)
                0x2000093c                _edata = .
                0x080130d0                _data_loadaddr = LOADADDR (.data)

.igot.plt       0x2000093c        0x0 load address 0x08013a0c
 .igot.plt      0x00000000        0x0 adiv5.o

.bss            0x2000093c      0x9e0 load address 0x08013a0c
 *(.bss*)
 .bss           0x2000093c       0xd0 gdb_if.o
 .bss           0x20000a0c      0x40c gdb_main.o
 .bss           0x20000e18      0x128 lpc11xx.o
 .bss           0x20000f40        0xc platform.o
 .bss           0x20000f4c        0x1 swdptap.o
 *fill*         0x20000f4d        0x3 00
 .bss           0x20000f50        0x4 target.o
                0x20000f50                target_list
 .bss           0x20000f54        0x4 cdcacm.o
 .bss           0x20000f58       0x60 traceswo.o
 .bss           0x20000fb8       0x44 usbuart.o
 .bss.usbd_dev  0x20000ffc       0xe8 ../libopencm3/lib\libopencm3_stm32f1.a(usb_f103.o)
 .bss.force_nak
                0x200010e4        0x8 ../libopencm3/lib\libopencm3_stm32f1.a(usb_f103.o)
 .bss.__malloc_max_total_mem
                0x200010ec        0x4 c:/programy/gccarm/bin/../lib/gcc/arm-none-eabi/4.7.3/../../../../arm-none-eabi/lib/armv7-m\libc.a(lib_a-mallocr.o)
                0x200010ec                __malloc_max_total_mem
 .bss.__malloc_max_sbrked_mem
                0x200010f0        0x4 c:/programy/gccarm/bin/../lib/gcc/arm-none-eabi/4.7.3/../../../../arm-none-eabi/lib/armv7-m\libc.a(lib_a-mallocr.o)
                0x200010f0                __malloc_max_sbrked_mem
 .bss.__malloc_top_pad
                0x200010f4        0x4 c:/programy/gccarm/bin/../lib/gcc/arm-none-eabi/4.7.3/../../../../arm-none-eabi/lib/armv7-m\libc.a(lib_a-mallocr.o)
                0x200010f4                __malloc_top_pad
 .bss.__malloc_current_mallinfo
                0x200010f8       0x28 c:/programy/gccarm/bin/../lib/gcc/arm-none-eabi/4.7.3/../../../../arm-none-eabi/lib/armv7-m\libc.a(lib_a-mallocr.o)
                0x200010f8                __malloc_current_mallinfo
 .bss.heap_end.4231
                0x20001120        0x4 c:/programy/gccarm/bin/../lib/gcc/arm-none-eabi/4.7.3/../../../../arm-none-eabi/lib/armv7-m\libnosys.a(sbrk.o)
 *(COMMON)
 COMMON         0x20001124       0x7c jtag_scan.o
                0x20001124                jtag_dev_count
                0x20001128                jtag_devs
 COMMON         0x200011a0       0x65 platform.o
                0x200011a0                morse_msg
                0x200011a4                timeout_counter
                0x200011a8                fatal_error_jmpbuf
                0x20001204                running_status
 COMMON         0x20001205        0x1 target.o
                0x20001205                connect_assert_srst
 *fill*         0x20001206        0x2 00
 COMMON         0x20001208      0x10d cdcacm.o
                0x20001208                usbdev
                0x2000120c                usbd_control_buffer
                0x2000130c                serial_no
 *fill*         0x20001315        0x3 00
 COMMON         0x20001318        0x4 c:/programy/gccarm/bin/../lib/gcc/arm-none-eabi/4.7.3/../../../../arm-none-eabi/lib/armv7-m\libc.a(lib_a-reent.o)
                0x20001318                errno
                0x2000131c                . = ALIGN (0x4)
                0x2000131c                _ebss = .

/DISCARD/
 *(.eh_frame)
                0x2000131c                . = ALIGN (0x4)
                0x2000131c                end = .
                0x20005000                PROVIDE (_stack, (ORIGIN (ram) + 0x5000))
LOAD c:/programy/gccarm/bin/../lib/gcc/arm-none-eabi/4.7.3/../../../../arm-none-eabi/lib/armv7-m\libc.a
LOAD c:/programy/gccarm/bin/../lib/gcc/arm-none-eabi/4.7.3/../../../../arm-none-eabi/lib/armv7-m\libnosys.a
Address of section .text set to 0x8002000
START GROUP
LOAD c:/programy/gccarm/bin/../lib/gcc/arm-none-eabi/4.7.3/armv7-m\libgcc.a
LOAD c:/programy/gccarm/bin/../lib/gcc/arm-none-eabi/4.7.3/../../../../arm-none-eabi/lib/armv7-m\libc.a
END GROUP
OUTPUT(blackmagic.elf elf32-littlearm)

.debug_info     0x00000000    0x1f27e
 .debug_info    0x00000000     0x1d09 adiv5.o
 .debug_info    0x00001d09      0x6fb adiv5_jtagdp.o
 .debug_info    0x00002404      0xd9c adiv5_swdp.o
 .debug_info    0x000031a0      0xe22 arm7tdmi.o
 .debug_info    0x00003fc2      0xdd6 command.o
 .debug_info    0x00004d98     0x28e3 cortexm.o
 .debug_info    0x0000767b      0x6b6 crc32.o
 .debug_info    0x00007d31      0x3ed gdb_if.o
 .debug_info    0x0000811e     0x15ea gdb_main.o
 .debug_info    0x00009708      0x6a2 gdb_packet.o
 .debug_info    0x00009daa      0x1f2 hex_utils.o
 .debug_info    0x00009f9c      0xc2b jtag_scan.o
 .debug_info    0x0000abc7      0xc8e jtagtap.o
 .debug_info    0x0000b855      0xc88 lmi.o
 .debug_info    0x0000c4dd      0xd55 lpc11xx.o
 .debug_info    0x0000d232     0x12ad lpc43xx.o
 .debug_info    0x0000e4df      0x1d1 main.o
 .debug_info    0x0000e6b0      0xd3c platform.o
 .debug_info    0x0000f3ec     0x1267 sam3x.o
 .debug_info    0x00010653     0x1480 stm32f1.o
 .debug_info    0x00011ad3     0x119a stm32f4.o
 .debug_info    0x00012c6d      0xd76 stm32l1.o
 .debug_info    0x000139e3      0x891 swdptap.o
 .debug_info    0x00014274      0x72f target.o
 .debug_info    0x000149a3     0x114f cdcacm.o
 .debug_info    0x00015af2      0x6eb traceswo.o
 .debug_info    0x000161dd      0x6ef usbuart.o
 .debug_info    0x000168cc      0xaed ../libopencm3/lib\libopencm3_stm32f1.a(adc.o)
 .debug_info    0x000173b9      0x1d6 ../libopencm3/lib\libopencm3_stm32f1.a(exti.o)
 .debug_info    0x0001758f      0x1be ../libopencm3/lib\libopencm3_stm32f1.a(gpio.o)
 .debug_info    0x0001774d     0x1194 ../libopencm3/lib\libopencm3_stm32f1.a(rcc.o)
 .debug_info    0x000188e1       0xfa ../libopencm3/lib\libopencm3_stm32f1.a(timer.o)
 .debug_info    0x000189db      0x225 ../libopencm3/lib\libopencm3_stm32f1.a(gpio_common_all.o)
 .debug_info    0x00018c00     0x1276 ../libopencm3/lib\libopencm3_stm32f1.a(timer_common_all.o)
 .debug_info    0x00019e76      0x521 ../libopencm3/lib\libopencm3_stm32f1.a(usart_common_all.o)
 .debug_info    0x0001a397      0x1bd ../libopencm3/lib\libopencm3_stm32f1.a(usart_common_f124.o)
 .debug_info    0x0001a554      0xe10 ../libopencm3/lib\libopencm3_stm32f1.a(usb.o)
 .debug_info    0x0001b364      0xf13 ../libopencm3/lib\libopencm3_stm32f1.a(usb_control.o)
 .debug_info    0x0001c277     0x141f ../libopencm3/lib\libopencm3_stm32f1.a(usb_standard.o)
 .debug_info    0x0001d696     0x10f7 ../libopencm3/lib\libopencm3_stm32f1.a(usb_f103.o)
 .debug_info    0x0001e78d      0x2d2 ../libopencm3/lib\libopencm3_stm32f1.a(vector.o)
 .debug_info    0x0001ea5f      0x190 ../libopencm3/lib\libopencm3_stm32f1.a(systick.o)
 .debug_info    0x0001ebef       0xd8 ../libopencm3/lib\libopencm3_stm32f1.a(scb.o)
 .debug_info    0x0001ecc7      0x217 ../libopencm3/lib\libopencm3_stm32f1.a(nvic.o)
 .debug_info    0x0001eede      0x3a0 ../libopencm3/lib\libopencm3_stm32f1.a(flash.o)

.debug_abbrev   0x00000000     0x5eaf
 .debug_abbrev  0x00000000      0x469 adiv5.o
 .debug_abbrev  0x00000469      0x217 adiv5_jtagdp.o
 .debug_abbrev  0x00000680      0x232 adiv5_swdp.o
 .debug_abbrev  0x000008b2      0x32b arm7tdmi.o
 .debug_abbrev  0x00000bdd      0x29e command.o
 .debug_abbrev  0x00000e7b      0x3ad cortexm.o
 .debug_abbrev  0x00001228      0x114 crc32.o
 .debug_abbrev  0x0000133c      0x183 gdb_if.o
 .debug_abbrev  0x000014bf      0x37b gdb_main.o
 .debug_abbrev  0x0000183a      0x1bc gdb_packet.o
 .debug_abbrev  0x000019f6      0x129 hex_utils.o
 .debug_abbrev  0x00001b1f      0x240 jtag_scan.o
 .debug_abbrev  0x00001d5f      0x23a jtagtap.o
 .debug_abbrev  0x00001f99      0x29c lmi.o
 .debug_abbrev  0x00002235      0x2ba lpc11xx.o
 .debug_abbrev  0x000024ef      0x347 lpc43xx.o
 .debug_abbrev  0x00002836      0x127 main.o
 .debug_abbrev  0x0000295d      0x370 platform.o
 .debug_abbrev  0x00002ccd      0x32e sam3x.o
 .debug_abbrev  0x00002ffb      0x371 stm32f1.o
 .debug_abbrev  0x0000336c      0x359 stm32f4.o
 .debug_abbrev  0x000036c5      0x283 stm32l1.o
 .debug_abbrev  0x00003948      0x1f6 swdptap.o
 .debug_abbrev  0x00003b3e      0x1ba target.o
 .debug_abbrev  0x00003cf8      0x321 cdcacm.o
 .debug_abbrev  0x00004019      0x1b3 traceswo.o
 .debug_abbrev  0x000041cc      0x20b usbuart.o
 .debug_abbrev  0x000043d7      0x18d ../libopencm3/lib\libopencm3_stm32f1.a(adc.o)
 .debug_abbrev  0x00004564       0xcc ../libopencm3/lib\libopencm3_stm32f1.a(exti.o)
 .debug_abbrev  0x00004630       0xd0 ../libopencm3/lib\libopencm3_stm32f1.a(gpio.o)
 .debug_abbrev  0x00004700      0x247 ../libopencm3/lib\libopencm3_stm32f1.a(rcc.o)
 .debug_abbrev  0x00004947       0x96 ../libopencm3/lib\libopencm3_stm32f1.a(timer.o)
 .debug_abbrev  0x000049dd       0xfe ../libopencm3/lib\libopencm3_stm32f1.a(gpio_common_all.o)
 .debug_abbrev  0x00004adb      0x1bc ../libopencm3/lib\libopencm3_stm32f1.a(timer_common_all.o)
 .debug_abbrev  0x00004c97      0x144 ../libopencm3/lib\libopencm3_stm32f1.a(usart_common_all.o)
 .debug_abbrev  0x00004ddb       0xb6 ../libopencm3/lib\libopencm3_stm32f1.a(usart_common_f124.o)
 .debug_abbrev  0x00004e91      0x1ec ../libopencm3/lib\libopencm3_stm32f1.a(usb.o)
 .debug_abbrev  0x0000507d      0x316 ../libopencm3/lib\libopencm3_stm32f1.a(usb_control.o)
 .debug_abbrev  0x00005393      0x3aa ../libopencm3/lib\libopencm3_stm32f1.a(usb_standard.o)
 .debug_abbrev  0x0000573d      0x39a ../libopencm3/lib\libopencm3_stm32f1.a(usb_f103.o)
 .debug_abbrev  0x00005ad7      0x12a ../libopencm3/lib\libopencm3_stm32f1.a(vector.o)
 .debug_abbrev  0x00005c01       0x94 ../libopencm3/lib\libopencm3_stm32f1.a(systick.o)
 .debug_abbrev  0x00005c95       0x78 ../libopencm3/lib\libopencm3_stm32f1.a(scb.o)
 .debug_abbrev  0x00005d0d       0xa5 ../libopencm3/lib\libopencm3_stm32f1.a(nvic.o)
 .debug_abbrev  0x00005db2       0xfd ../libopencm3/lib\libopencm3_stm32f1.a(flash.o)

.debug_loc      0x00000000     0xea9a
 .debug_loc     0x00000000     0x143c adiv5.o
 .debug_loc     0x0000143c      0x303 adiv5_jtagdp.o
 .debug_loc     0x0000173f      0x435 adiv5_swdp.o
 .debug_loc     0x00001b74      0x478 arm7tdmi.o
 .debug_loc     0x00001fec      0x567 command.o
 .debug_loc     0x00002553     0x13b4 cortexm.o
 .debug_loc     0x00003907      0x425 crc32.o
 .debug_loc     0x00003d2c      0x154 gdb_if.o
 .debug_loc     0x00003e80      0x879 gdb_main.o
 .debug_loc     0x000046f9      0x2fd gdb_packet.o
 .debug_loc     0x000049f6      0x24d hex_utils.o
 .debug_loc     0x00004c43      0x2b2 jtag_scan.o
 .debug_loc     0x00004ef5     0x106c jtagtap.o
 .debug_loc     0x00005f61      0x319 lmi.o
 .debug_loc     0x0000627a      0x435 lpc11xx.o
 .debug_loc     0x000066af      0x751 lpc43xx.o
 .debug_loc     0x00006e00       0x62 main.o
 .debug_loc     0x00006e62      0x324 platform.o
 .debug_loc     0x00007186      0x6cc sam3x.o
 .debug_loc     0x00007852      0x845 stm32f1.o
 .debug_loc     0x00008097      0x703 stm32f4.o
 .debug_loc     0x0000879a      0x430 stm32l1.o
 .debug_loc     0x00008bca      0x90b swdptap.o
 .debug_loc     0x000094d5      0x1d3 target.o
 .debug_loc     0x000096a8      0x39c cdcacm.o
 .debug_loc     0x00009a44      0x1a7 traceswo.o
 .debug_loc     0x00009beb      0x25b usbuart.o
 .debug_loc     0x00009e46      0x629 ../libopencm3/lib\libopencm3_stm32f1.a(adc.o)
 .debug_loc     0x0000a46f      0x26f ../libopencm3/lib\libopencm3_stm32f1.a(exti.o)
 .debug_loc     0x0000a6de      0x16b ../libopencm3/lib\libopencm3_stm32f1.a(gpio.o)
 .debug_loc     0x0000a849      0xa5a ../libopencm3/lib\libopencm3_stm32f1.a(rcc.o)
 .debug_loc     0x0000b2a3       0x5b ../libopencm3/lib\libopencm3_stm32f1.a(timer.o)
 .debug_loc     0x0000b2fe       0x84 ../libopencm3/lib\libopencm3_stm32f1.a(gpio_common_all.o)
 .debug_loc     0x0000b382      0xce4 ../libopencm3/lib\libopencm3_stm32f1.a(timer_common_all.o)
 .debug_loc     0x0000c066      0x1d8 ../libopencm3/lib\libopencm3_stm32f1.a(usart_common_all.o)
 .debug_loc     0x0000c23e       0xd4 ../libopencm3/lib\libopencm3_stm32f1.a(usart_common_f124.o)
 .debug_loc     0x0000c312      0x4cd ../libopencm3/lib\libopencm3_stm32f1.a(usb.o)
 .debug_loc     0x0000c7df      0x52d ../libopencm3/lib\libopencm3_stm32f1.a(usb_control.o)
 .debug_loc     0x0000cd0c      0xf86 ../libopencm3/lib\libopencm3_stm32f1.a(usb_standard.o)
 .debug_loc     0x0000dc92      0x978 ../libopencm3/lib\libopencm3_stm32f1.a(usb_f103.o)
 .debug_loc     0x0000e60a       0xdb ../libopencm3/lib\libopencm3_stm32f1.a(vector.o)
 .debug_loc     0x0000e6e5       0x42 ../libopencm3/lib\libopencm3_stm32f1.a(systick.o)
 .debug_loc     0x0000e727       0x21 ../libopencm3/lib\libopencm3_stm32f1.a(scb.o)
 .debug_loc     0x0000e748      0x142 ../libopencm3/lib\libopencm3_stm32f1.a(nvic.o)
 .debug_loc     0x0000e88a      0x210 ../libopencm3/lib\libopencm3_stm32f1.a(flash.o)

.debug_aranges  0x00000000      0xec0
 .debug_aranges
                0x00000000       0x20 adiv5.o
 .debug_aranges
                0x00000020       0x20 adiv5_jtagdp.o
 .debug_aranges
                0x00000040       0x20 adiv5_swdp.o
 .debug_aranges
                0x00000060       0x20 arm7tdmi.o
 .debug_aranges
                0x00000080       0x20 command.o
 .debug_aranges
                0x000000a0       0x20 cortexm.o
 .debug_aranges
                0x000000c0       0x20 crc32.o
 .debug_aranges
                0x000000e0       0x20 gdb_if.o
 .debug_aranges
                0x00000100       0x20 gdb_main.o
 .debug_aranges
                0x00000120       0x20 gdb_packet.o
 .debug_aranges
                0x00000140       0x20 hex_utils.o
 .debug_aranges
                0x00000160       0x20 jtag_scan.o
 .debug_aranges
                0x00000180       0x20 jtagtap.o
 .debug_aranges
                0x000001a0       0x20 lmi.o
 .debug_aranges
                0x000001c0       0x20 lpc11xx.o
 .debug_aranges
                0x000001e0       0x20 lpc43xx.o
 .debug_aranges
                0x00000200       0x20 main.o
 .debug_aranges
                0x00000220       0x20 platform.o
 .debug_aranges
                0x00000240       0x20 sam3x.o
 .debug_aranges
                0x00000260       0x20 stm32f1.o
 .debug_aranges
                0x00000280       0x20 stm32f4.o
 .debug_aranges
                0x000002a0       0x20 stm32l1.o
 .debug_aranges
                0x000002c0       0x20 swdptap.o
 .debug_aranges
                0x000002e0       0x20 target.o
 .debug_aranges
                0x00000300       0x20 cdcacm.o
 .debug_aranges
                0x00000320       0x20 traceswo.o
 .debug_aranges
                0x00000340       0x20 usbuart.o
 .debug_aranges
                0x00000360      0x1b8 ../libopencm3/lib\libopencm3_stm32f1.a(adc.o)
 .debug_aranges
                0x00000518       0x48 ../libopencm3/lib\libopencm3_stm32f1.a(exti.o)
 .debug_aranges
                0x00000560       0x38 ../libopencm3/lib\libopencm3_stm32f1.a(gpio.o)
 .debug_aranges
                0x00000598      0x170 ../libopencm3/lib\libopencm3_stm32f1.a(rcc.o)
 .debug_aranges
                0x00000708       0x20 ../libopencm3/lib\libopencm3_stm32f1.a(timer.o)
 .debug_aranges
                0x00000728       0x50 ../libopencm3/lib\libopencm3_stm32f1.a(gpio_common_all.o)
 .debug_aranges
                0x00000778      0x278 ../libopencm3/lib\libopencm3_stm32f1.a(timer_common_all.o)
 .debug_aranges
                0x000009f0       0xb8 ../libopencm3/lib\libopencm3_stm32f1.a(usart_common_all.o)
 .debug_aranges
                0x00000aa8       0x48 ../libopencm3/lib\libopencm3_stm32f1.a(usart_common_f124.o)
 .debug_aranges
                0x00000af0       0x88 ../libopencm3/lib\libopencm3_stm32f1.a(usb.o)
 .debug_aranges
                0x00000b78       0x60 ../libopencm3/lib\libopencm3_stm32f1.a(usb_control.o)
 .debug_aranges
                0x00000bd8       0x98 ../libopencm3/lib\libopencm3_stm32f1.a(usb_standard.o)
 .debug_aranges
                0x00000c70       0x68 ../libopencm3/lib\libopencm3_stm32f1.a(usb_f103.o)
 .debug_aranges
                0x00000cd8       0x30 ../libopencm3/lib\libopencm3_stm32f1.a(vector.o)
 .debug_aranges
                0x00000d08       0x68 ../libopencm3/lib\libopencm3_stm32f1.a(systick.o)
 .debug_aranges
                0x00000d70       0x30 ../libopencm3/lib\libopencm3_stm32f1.a(scb.o)
 .debug_aranges
                0x00000da0       0x60 ../libopencm3/lib\libopencm3_stm32f1.a(nvic.o)
 .debug_aranges
                0x00000e00       0xc0 ../libopencm3/lib\libopencm3_stm32f1.a(flash.o)

.debug_ranges   0x00000000     0x2dd8
 .debug_ranges  0x00000000      0x340 adiv5.o
 .debug_ranges  0x00000340       0x80 arm7tdmi.o
 .debug_ranges  0x000003c0       0x30 command.o
 .debug_ranges  0x000003f0      0x1f0 cortexm.o
 .debug_ranges  0x000005e0      0x1e8 gdb_main.o
 .debug_ranges  0x000007c8       0xb0 hex_utils.o
 .debug_ranges  0x00000878       0x38 jtag_scan.o
 .debug_ranges  0x000008b0      0xce8 jtagtap.o
 .debug_ranges  0x00001598       0x40 lmi.o
 .debug_ranges  0x000015d8       0x20 lpc11xx.o
 .debug_ranges  0x000015f8      0x1c0 lpc43xx.o
 .debug_ranges  0x000017b8       0x10 main.o
 .debug_ranges  0x000017c8      0x118 platform.o
 .debug_ranges  0x000018e0       0x88 sam3x.o
 .debug_ranges  0x00001968       0x18 stm32f4.o
 .debug_ranges  0x00001980       0x18 stm32l1.o
 .debug_ranges  0x00001998      0x790 swdptap.o
 .debug_ranges  0x00002128       0x18 target.o
 .debug_ranges  0x00002140       0x68 cdcacm.o
 .debug_ranges  0x000021a8       0x30 usbuart.o
 .debug_ranges  0x000021d8      0x1a8 ../libopencm3/lib\libopencm3_stm32f1.a(adc.o)
 .debug_ranges  0x00002380       0x38 ../libopencm3/lib\libopencm3_stm32f1.a(exti.o)
 .debug_ranges  0x000023b8       0x28 ../libopencm3/lib\libopencm3_stm32f1.a(gpio.o)
 .debug_ranges  0x000023e0      0x160 ../libopencm3/lib\libopencm3_stm32f1.a(rcc.o)
 .debug_ranges  0x00002540       0x10 ../libopencm3/lib\libopencm3_stm32f1.a(timer.o)
 .debug_ranges  0x00002550       0x40 ../libopencm3/lib\libopencm3_stm32f1.a(gpio_common_all.o)
 .debug_ranges  0x00002590      0x268 ../libopencm3/lib\libopencm3_stm32f1.a(timer_common_all.o)
 .debug_ranges  0x000027f8       0xa8 ../libopencm3/lib\libopencm3_stm32f1.a(usart_common_all.o)
 .debug_ranges  0x000028a0       0x38 ../libopencm3/lib\libopencm3_stm32f1.a(usart_common_f124.o)
 .debug_ranges  0x000028d8       0x78 ../libopencm3/lib\libopencm3_stm32f1.a(usb.o)
 .debug_ranges  0x00002950       0x50 ../libopencm3/lib\libopencm3_stm32f1.a(usb_control.o)
 .debug_ranges  0x000029a0      0x108 ../libopencm3/lib\libopencm3_stm32f1.a(usb_standard.o)
 .debug_ranges  0x00002aa8      0x198 ../libopencm3/lib\libopencm3_stm32f1.a(usb_f103.o)
 .debug_ranges  0x00002c40       0x20 ../libopencm3/lib\libopencm3_stm32f1.a(vector.o)
 .debug_ranges  0x00002c60       0x58 ../libopencm3/lib\libopencm3_stm32f1.a(systick.o)
 .debug_ranges  0x00002cb8       0x20 ../libopencm3/lib\libopencm3_stm32f1.a(scb.o)
 .debug_ranges  0x00002cd8       0x50 ../libopencm3/lib\libopencm3_stm32f1.a(nvic.o)
 .debug_ranges  0x00002d28       0xb0 ../libopencm3/lib\libopencm3_stm32f1.a(flash.o)

.debug_macro    0x00000000     0xa6a0
 .debug_macro   0x00000000      0x234 adiv5.o
 .debug_macro   0x00000234      0x820 adiv5.o
 .debug_macro   0x00000a54       0x3a adiv5.o
 .debug_macro   0x00000a8e       0x10 adiv5.o
 .debug_macro   0x00000a9e       0x2e adiv5.o
 .debug_macro   0x00000acc       0xa3 adiv5.o
 .debug_macro   0x00000b6f       0x10 adiv5.o
 .debug_macro   0x00000b7f       0x89 adiv5.o
 .debug_macro   0x00000c08       0x10 adiv5.o
 .debug_macro   0x00000c18       0x3a adiv5.o
 .debug_macro   0x00000c52       0x52 adiv5.o
 .debug_macro   0x00000ca4       0x19 adiv5.o
 .debug_macro   0x00000cbd      0x16d adiv5.o
 .debug_macro   0x00000e2a       0x10 adiv5.o
 .debug_macro   0x00000e3a       0xf5 adiv5.o
 .debug_macro   0x00000f2f       0x22 adiv5.o
 .debug_macro   0x00000f51       0x91 adiv5.o
 .debug_macro   0x00000fe2       0x16 adiv5.o
 .debug_macro   0x00000ff8      0x16d adiv5.o
 .debug_macro   0x00001165       0x10 adiv5.o
 .debug_macro   0x00001175       0x35 adiv5.o
 .debug_macro   0x000011aa       0x16 adiv5.o
 .debug_macro   0x000011c0       0x23 adiv5.o
 .debug_macro   0x000011e3       0x52 adiv5.o
 .debug_macro   0x00001235      0x184 adiv5.o
 .debug_macro   0x000013b9      0x214 adiv5.o
 .debug_macro   0x000015cd       0x22 adiv5.o
 .debug_macro   0x000015ef       0xfa adiv5.o
 .debug_macro   0x000016e9       0x70 adiv5.o
 .debug_macro   0x00001759      0xdbf adiv5.o
 .debug_macro   0x00002518      0x16c adiv5.o
 .debug_macro   0x00002684       0x10 adiv5.o
 .debug_macro   0x00002694       0x10 adiv5.o
 .debug_macro   0x000026a4       0x1c adiv5.o
 .debug_macro   0x000026c0      0x1dc adiv5.o
 .debug_macro   0x0000289c       0x10 adiv5.o
 .debug_macro   0x000028ac       0x8e adiv5.o
 .debug_macro   0x0000293a      0x130 adiv5.o
 .debug_macro   0x00002a6a      0x20d adiv5_jtagdp.o
 .debug_macro   0x00002c77      0x20e adiv5_jtagdp.o
 .debug_macro   0x00002e85       0x10 adiv5_jtagdp.o
 .debug_macro   0x00002e95       0x22 adiv5_jtagdp.o
 .debug_macro   0x00002eb7       0x16 adiv5_jtagdp.o
 .debug_macro   0x00002ecd       0x22 adiv5_jtagdp.o
 .debug_macro   0x00002eef       0x89 adiv5_jtagdp.o
 .debug_macro   0x00002f78      0x211 adiv5_swdp.o
 .debug_macro   0x00003189      0x2c0 arm7tdmi.o
 .debug_macro   0x00003449       0x88 arm7tdmi.o
 .debug_macro   0x000034d1      0x1e0 command.o
 .debug_macro   0x000036b1      0x100 command.o
 .debug_macro   0x000037b1       0x29 command.o
 .debug_macro   0x000037da       0x12 command.o
 .debug_macro   0x000037ec       0x10 command.o
 .debug_macro   0x000037fc      0x559 cortexm.o
 .debug_macro   0x00003d55      0x16c cortexm.o
 .debug_macro   0x00003ec1       0x10 cortexm.o
 .debug_macro   0x00003ed1      0x495 cortexm.o
 .debug_macro   0x00004366      0x173 cortexm.o
 .debug_macro   0x000044d9      0x158 cortexm.o
 .debug_macro   0x00004631       0x1c cortexm.o
 .debug_macro   0x0000464d      0x1b8 crc32.o
 .debug_macro   0x00004805       0x22 crc32.o
 .debug_macro   0x00004827      0x187 gdb_if.o
 .debug_macro   0x000049ae      0x28d gdb_main.o
 .debug_macro   0x00004c3b       0x16 gdb_main.o
 .debug_macro   0x00004c51      0x217 gdb_packet.o
 .debug_macro   0x00004e68       0x52 gdb_packet.o
 .debug_macro   0x00004eba      0x105 hex_utils.o
 .debug_macro   0x00004fbf      0x23f jtag_scan.o
 .debug_macro   0x000051fe      0x204 jtagtap.o
 .debug_macro   0x00005402      0x1c8 lmi.o
 .debug_macro   0x000055ca      0x255 lpc11xx.o
 .debug_macro   0x0000581f       0x85 lpc11xx.o
 .debug_macro   0x000058a4      0x2a7 lpc43xx.o
 .debug_macro   0x00005b4b       0x43 lpc43xx.o
 .debug_macro   0x00005b8e      0x239 main.o
 .debug_macro   0x00005dc7      0x166 main.o
 .debug_macro   0x00005f2d       0x76 main.o
 .debug_macro   0x00005fa3      0x242 platform.o
 .debug_macro   0x000061e5      0x735 platform.o
 .debug_macro   0x0000691a       0x58 platform.o
 .debug_macro   0x00006972      0x328 platform.o
 .debug_macro   0x00006c9a       0x70 platform.o
 .debug_macro   0x00006d0a      0x1a2 platform.o
 .debug_macro   0x00006eac       0xa6 platform.o
 .debug_macro   0x00006f52       0x8e platform.o
 .debug_macro   0x00006fe0      0x273 platform.o
 .debug_macro   0x00007253      0x864 platform.o
 .debug_macro   0x00007ab7       0x65 platform.o
 .debug_macro   0x00007b1c       0xac platform.o
 .debug_macro   0x00007bc8      0x2f2 sam3x.o
 .debug_macro   0x00007eba      0x26e stm32f1.o
 .debug_macro   0x00008128      0x286 stm32f4.o
 .debug_macro   0x000083ae      0x25c stm32l1.o
 .debug_macro   0x0000860a      0x1de swdptap.o
 .debug_macro   0x000087e8      0x1c5 target.o
 .debug_macro   0x000089ad      0x210 cdcacm.o
 .debug_macro   0x00008bbd       0x6a cdcacm.o
 .debug_macro   0x00008c27       0x28 cdcacm.o
 .debug_macro   0x00008c4f      0x18a cdcacm.o
 .debug_macro   0x00008dd9      0x1dc traceswo.o
 .debug_macro   0x00008fb5      0xc3d traceswo.o
 .debug_macro   0x00009bf2      0x73b traceswo.o
 .debug_macro   0x0000a32d      0x1e6 usbuart.o
 .debug_macro   0x0000a513      0x18d usbuart.o

.debug_line     0x00000000     0xc8c1
 .debug_line    0x00000000      0x931 adiv5.o
 .debug_line    0x00000931      0x4c3 adiv5_jtagdp.o
 .debug_line    0x00000df4      0x537 adiv5_swdp.o
 .debug_line    0x0000132b      0x526 arm7tdmi.o
 .debug_line    0x00001851      0x537 command.o
 .debug_line    0x00001d88      0xb5d cortexm.o
 .debug_line    0x000028e5      0x4c6 crc32.o
 .debug_line    0x00002dab      0x47a gdb_if.o
 .debug_line    0x00003225      0x6d5 gdb_main.o
 .debug_line    0x000038fa      0x538 gdb_packet.o
 .debug_line    0x00003e32      0x2f3 hex_utils.o
 .debug_line    0x00004125      0x5bf jtag_scan.o
 .debug_line    0x000046e4      0x938 jtagtap.o
 .debug_line    0x0000501c      0x4dc lmi.o
 .debug_line    0x000054f8      0x50e lpc11xx.o
 .debug_line    0x00005a06      0x5f2 lpc43xx.o
 .debug_line    0x00005ff8      0x4a1 main.o
 .debug_line    0x00006499      0x69b platform.o
 .debug_line    0x00006b34      0x585 sam3x.o
 .debug_line    0x000070b9      0x608 stm32f1.o
 .debug_line    0x000076c1      0x5a5 stm32f4.o
 .debug_line    0x00007c66      0x513 stm32l1.o
 .debug_line    0x00008179      0x7fe swdptap.o
 .debug_line    0x00008977      0x45e target.o
 .debug_line    0x00008dd5      0x56a cdcacm.o
 .debug_line    0x0000933f      0x528 traceswo.o
 .debug_line    0x00009867      0x545 usbuart.o
 .debug_line    0x00009dac      0x4a6 ../libopencm3/lib\libopencm3_stm32f1.a(adc.o)
 .debug_line    0x0000a252      0x16e ../libopencm3/lib\libopencm3_stm32f1.a(exti.o)
 .debug_line    0x0000a3c0       0xf2 ../libopencm3/lib\libopencm3_stm32f1.a(gpio.o)
 .debug_line    0x0000a4b2      0x4d6 ../libopencm3/lib\libopencm3_stm32f1.a(rcc.o)
 .debug_line    0x0000a988      0x10d ../libopencm3/lib\libopencm3_stm32f1.a(timer.o)
 .debug_line    0x0000aa95      0x11f ../libopencm3/lib\libopencm3_stm32f1.a(gpio_common_all.o)
 .debug_line    0x0000abb4      0x7f5 ../libopencm3/lib\libopencm3_stm32f1.a(timer_common_all.o)
 .debug_line    0x0000b3a9      0x283 ../libopencm3/lib\libopencm3_stm32f1.a(usart_common_all.o)
 .debug_line    0x0000b62c      0x126 ../libopencm3/lib\libopencm3_stm32f1.a(usart_common_f124.o)
 .debug_line    0x0000b752      0x1eb ../libopencm3/lib\libopencm3_stm32f1.a(usb.o)
 .debug_line    0x0000b93d      0x21c ../libopencm3/lib\libopencm3_stm32f1.a(usb_control.o)
 .debug_line    0x0000bb59      0x379 ../libopencm3/lib\libopencm3_stm32f1.a(usb_standard.o)
 .debug_line    0x0000bed2      0x388 ../libopencm3/lib\libopencm3_stm32f1.a(usb_f103.o)
 .debug_line    0x0000c25a       0xf8 ../libopencm3/lib\libopencm3_stm32f1.a(vector.o)
 .debug_line    0x0000c352      0x145 ../libopencm3/lib\libopencm3_stm32f1.a(systick.o)
 .debug_line    0x0000c497       0xc4 ../libopencm3/lib\libopencm3_stm32f1.a(scb.o)
 .debug_line    0x0000c55b      0x133 ../libopencm3/lib\libopencm3_stm32f1.a(nvic.o)
 .debug_line    0x0000c68e      0x233 ../libopencm3/lib\libopencm3_stm32f1.a(flash.o)

.debug_str      0x00000000    0x1e2ba
 .debug_str     0x00000000     0xb8c5 adiv5.o
                               0xbc4f (size before relaxing)
 .debug_str     0x0000b8c5      0x21a adiv5_jtagdp.o
                               0xaef4 (size before relaxing)
 .debug_str     0x0000badf      0x149 adiv5_swdp.o
                               0xb125 (size before relaxing)
 .debug_str     0x0000bc28      0x576 arm7tdmi.o
                               0xaea9 (size before relaxing)
 .debug_str     0x0000c19e      0x12f command.o
                               0xafb3 (size before relaxing)
 .debug_str     0x0000c2cd     0x1e9f cortexm.o
                               0xdaf0 (size before relaxing)
 .debug_str     0x0000e16c       0xb9 crc32.o
                               0xa6d1 (size before relaxing)
 .debug_str     0x0000e225      0x129 gdb_if.o
                               0x9ed7 (size before relaxing)
 .debug_str     0x0000e34e      0x1fe gdb_main.o
                               0xbd65 (size before relaxing)
 .debug_str     0x0000e54c      0x122 gdb_packet.o
                               0xace0 (size before relaxing)
 .debug_str     0x0000e66e       0x22 hex_utils.o
                               0x52f6 (size before relaxing)
 .debug_str     0x0000e690       0xb5 jtag_scan.o
                               0xbc29 (size before relaxing)
 .debug_str     0x0000e745       0xb9 jtagtap.o
                               0xac5a (size before relaxing)
 .debug_str     0x0000e7fe       0x62 lmi.o
                               0xaf6a (size before relaxing)
 .debug_str     0x0000e860      0x304 lpc11xx.o
                               0xb30f (size before relaxing)
 .debug_str     0x0000eb64      0x34b lpc43xx.o
                               0xb540 (size before relaxing)
 .debug_str     0x0000eeaf       0x23 main.o
                               0xb339 (size before relaxing)
 .debug_str     0x0000eed2     0x7562 platform.o
                              0x1143b (size before relaxing)
 .debug_str     0x00016434      0x676 sam3x.o
                               0xb5f5 (size before relaxing)
 .debug_str     0x00016aaa      0x3c3 stm32f1.o
                               0xb374 (size before relaxing)
 .debug_str     0x00016e6d      0x2d0 stm32f4.o
                               0xb311 (size before relaxing)
 .debug_str     0x0001713d      0x3fb stm32l1.o
                               0xb311 (size before relaxing)
 .debug_str     0x00017538       0x61 swdptap.o
                               0xab45 (size before relaxing)
 .debug_str     0x00017599       0x14 target.o
                               0xa816 (size before relaxing)
 .debug_str     0x000175ad      0xa35 cdcacm.o
                               0xc2f2 (size before relaxing)
 .debug_str     0x00017fe2     0x36dd traceswo.o
                               0xfc3f (size before relaxing)
 .debug_str     0x0001b6bf      0x985 usbuart.o
                               0xdfa7 (size before relaxing)
 .debug_str     0x0001c044      0x504 ../libopencm3/lib\libopencm3_stm32f1.a(adc.o)
                                0x739 (size before relaxing)
 .debug_str     0x0001c548       0x4a ../libopencm3/lib\libopencm3_stm32f1.a(exti.o)
                                0x203 (size before relaxing)
 .debug_str     0x0001c592       0x6a ../libopencm3/lib\libopencm3_stm32f1.a(gpio.o)
                                0x1af (size before relaxing)
 .debug_str     0x0001c5fc      0x41e ../libopencm3/lib\libopencm3_stm32f1.a(rcc.o)
                                0x5ab (size before relaxing)
 .debug_str     0x0001ca1a       0x19 ../libopencm3/lib\libopencm3_stm32f1.a(timer.o)
                                0x18c (size before relaxing)
 .debug_str     0x0001ca33       0x41 ../libopencm3/lib\libopencm3_stm32f1.a(gpio_common_all.o)
                                0x1a8 (size before relaxing)
 .debug_str     0x0001ca74      0x980 ../libopencm3/lib\libopencm3_stm32f1.a(timer_common_all.o)
                                0xc69 (size before relaxing)
 .debug_str     0x0001d3f4      0x184 ../libopencm3/lib\libopencm3_stm32f1.a(usart_common_all.o)
                                0x387 (size before relaxing)
 .debug_str     0x0001d578       0x51 ../libopencm3/lib\libopencm3_stm32f1.a(usart_common_f124.o)
                                0x1bd (size before relaxing)
 .debug_str     0x0001d5c9      0x2e6 ../libopencm3/lib\libopencm3_stm32f1.a(usb.o)
                                0x8b9 (size before relaxing)
 .debug_str     0x0001d8af      0x150 ../libopencm3/lib\libopencm3_stm32f1.a(usb_control.o)
                                0x8ab (size before relaxing)
 .debug_str     0x0001d9ff      0x26a ../libopencm3/lib\libopencm3_stm32f1.a(usb_standard.o)
                                0xa44 (size before relaxing)
 .debug_str     0x0001dc69      0x155 ../libopencm3/lib\libopencm3_stm32f1.a(usb_f103.o)
                                0x8ef (size before relaxing)
 .debug_str     0x0001ddbe      0x1a0 ../libopencm3/lib\libopencm3_stm32f1.a(vector.o)
                                0x2c1 (size before relaxing)
 .debug_str     0x0001df5e       0x93 ../libopencm3/lib\libopencm3_stm32f1.a(systick.o)
                                0x213 (size before relaxing)
 .debug_str     0x0001dff1       0x44 ../libopencm3/lib\libopencm3_stm32f1.a(scb.o)
                                0x16c (size before relaxing)