Archive member included because of file (symbol)

../libopencm3/lib\libopencm3_stm32f1.a(gpio.o)
                              jtagtap.o (gpio_set_mode)
../libopencm3/lib\libopencm3_stm32f1.a(rcc.o)
                              platform.o (rcc_peripheral_enable_clock)
../libopencm3/lib\libopencm3_stm32f1.a(gpio_common_all.o)
                              platform.o (gpio_toggle)
../libopencm3/lib\libopencm3_stm32f1.a(usart_common_all.o)
                              usbuart.o (usart_set_baudrate)
../libopencm3/lib\libopencm3_stm32f1.a(usart_common_f124.o)
                              ../libopencm3/lib\libopencm3_stm32f1.a(usart_common_all.o) (usart_send)
../libopencm3/lib\libopencm3_stm32f1.a(usb.o)
                              cdcacm.o (usbd_init)
../libopencm3/lib\libopencm3_stm32f1.a(usb_control.o)
                              cdcacm.o (usbd_register_control_callback)
../libopencm3/lib\libopencm3_stm32f1.a(usb_standard.o)
                              cdcacm.o (usbd_register_set_config_callback)
../libopencm3/lib\libopencm3_stm32f1.a(usb_f103.o)
                              cdcacm.o (stm32f103_usb_driver)
../libopencm3/lib\libopencm3_stm32f1.a(vector.o)
                              (reset_handler)
../libopencm3/lib\libopencm3_stm32f1.a(systick.o)
                              platform.o (systick_set_reload)
../libopencm3/lib\libopencm3_stm32f1.a(scb.o)
                              cdcacm.o (scb_reset_core)
../libopencm3/lib\libopencm3_stm32f1.a(nvic.o)
                              cdcacm.o (nvic_enable_irq)
../libopencm3/lib\libopencm3_stm32f1.a(assert.o)
                              ../libopencm3/lib\libopencm3_stm32f1.a(rcc.o) (cm3_assert_failed)
../libopencm3/lib\libopencm3_stm32f1.a(flash.o)
                              ../libopencm3/lib\libopencm3_stm32f1.a(rcc.o) (flash_set_ws)
c:/programy/gccarm/bin/../lib/gcc/arm-none-eabi/4.7.3/../../../../arm-none-eabi/lib/armv7-m\libc_s.a(lib_a-assert.o)
                              main.o (__assert_func)
c:/programy/gccarm/bin/../lib/gcc/arm-none-eabi/4.7.3/../../../../arm-none-eabi/lib/armv7-m\libc_s.a(lib_a-atoi.o)
                              command.o (atoi)
c:/programy/gccarm/bin/../lib/gcc/arm-none-eabi/4.7.3/../../../../arm-none-eabi/lib/armv7-m\libc_s.a(lib_a-atol.o)
                              sam3x.o (atol)
c:/programy/gccarm/bin/../lib/gcc/arm-none-eabi/4.7.3/../../../../arm-none-eabi/lib/armv7-m\libc_s.a(lib_a-calloc.o)
                              adiv5_jtagdp.o (calloc)
c:/programy/gccarm/bin/../lib/gcc/arm-none-eabi/4.7.3/../../../../arm-none-eabi/lib/armv7-m\libc_s.a(lib_a-callocr.o)
                              c:/programy/gccarm/bin/../lib/gcc/arm-none-eabi/4.7.3/../../../../arm-none-eabi/lib/armv7-m\libc_s.a(lib_a-calloc.o) (_calloc_r)
c:/programy/gccarm/bin/../lib/gcc/arm-none-eabi/4.7.3/../../../../arm-none-eabi/lib/armv7-m\libc_s.a(lib_a-fprintf.o)
                              c:/programy/gccarm/bin/../lib/gcc/arm-none-eabi/4.7.3/../../../../arm-none-eabi/lib/armv7-m\libc_s.a(lib_a-assert.o) (fprintf)
c:/programy/gccarm/bin/../lib/gcc/arm-none-eabi/4.7.3/../../../../arm-none-eabi/lib/armv7-m\libc_s.a(lib_a-impure.o)
                              c:/programy/gccarm/bin/../lib/gcc/arm-none-eabi/4.7.3/../../../../arm-none-eabi/lib/armv7-m\libc_s.a(lib_a-assert.o) (_impure_ptr)
c:/programy/gccarm/bin/../lib/gcc/arm-none-eabi/4.7.3/../../../../arm-none-eabi/lib/armv7-m\libc_s.a(lib_a-malloc.o)
                              adiv5.o (malloc)
c:/programy/gccarm/bin/../lib/gcc/arm-none-eabi/4.7.3/../../../../arm-none-eabi/lib/armv7-m\libc_s.a(lib_a-mallocr.o)
                              c:/programy/gccarm/bin/../lib/gcc/arm-none-eabi/4.7.3/../../../../arm-none-eabi/lib/armv7-m\libc_s.a(lib_a-callocr.o) (_malloc_r)
c:/programy/gccarm/bin/../lib/gcc/arm-none-eabi/4.7.3/../../../../arm-none-eabi/lib/armv7-m\libc_s.a(lib_a-memcpy.o)
                              arm7tdmi.o (memcpy)
c:/programy/gccarm/bin/../lib/gcc/arm-none-eabi/4.7.3/../../../../arm-none-eabi/lib/armv7-m\libc_s.a(lib_a-memset.o)
                              jtag_scan.o (memset)
c:/programy/gccarm/bin/../lib/gcc/arm-none-eabi/4.7.3/../../../../arm-none-eabi/lib/armv7-m\libc_s.a(lib_a-sbrkr.o)
                              c:/programy/gccarm/bin/../lib/gcc/arm-none-eabi/4.7.3/../../../../arm-none-eabi/lib/armv7-m\libc_s.a(lib_a-mallocr.o) (_sbrk_r)
c:/programy/gccarm/bin/../lib/gcc/arm-none-eabi/4.7.3/../../../../arm-none-eabi/lib/armv7-m\libc_s.a(lib_a-setjmp.o)
                              main.o (setjmp)
c:/programy/gccarm/bin/../lib/gcc/arm-none-eabi/4.7.3/../../../../arm-none-eabi/lib/armv7-m\libc_s.a(lib_a-sprintf.o)
                              gdb_packet.o (siprintf)
c:/programy/gccarm/bin/../lib/gcc/arm-none-eabi/4.7.3/../../../../arm-none-eabi/lib/armv7-m\libc_s.a(lib_a-sscanf.o)
                              gdb_main.o (siscanf)
c:/programy/gccarm/bin/../lib/gcc/arm-none-eabi/4.7.3/../../../../arm-none-eabi/lib/armv7-m\libc_s.a(lib_a-stdio.o)
[...]
Memory Configuration

Name             Origin             Length             Attributes
rom              0x08000000         0x00010000         xr
ram              0x20000000         0x00005000         xrw
*default*        0x00000000         0xffffffff

Linker script and memory map

LOAD adiv5.o
LOAD adiv5_jtagdp.o
LOAD adiv5_swdp.o
LOAD arm7tdmi.o
LOAD command.o
LOAD cortexm.o
LOAD crc32.o
LOAD gdb_if.o
LOAD gdb_main.o
LOAD gdb_packet.o
LOAD hex_utils.o
LOAD jtag_scan.o
LOAD jtagtap.o
LOAD lmi.o
LOAD lpc11xx.o
LOAD lpc43xx.o
LOAD main.o
LOAD platform.o
LOAD sam3x.o
LOAD stm32f1.o
LOAD stm32f4.o
LOAD stm32l1.o
LOAD swdptap.o
LOAD target.o
LOAD cdcacm.o
LOAD usbuart.o
LOAD ../libopencm3/lib\libopencm3_stm32f1.a
                0x20005000                _stack = 0x20005000

.text           0x08002000     0xc440
 *(.vectors)
 .vectors       0x08002000      0x150 ../libopencm3/lib\libopencm3_stm32f1.a(vector.o)
                0x08002000                vector_table
 *(.text*)
 .text          0x08002150      0x72c adiv5.o
                0x08002160                adiv5_dp_ref
                0x08002168                adiv5_ap_ref
                0x08002170                adiv5_dp_unref
                0x08002180                adiv5_ap_unref
                0x080021a8                adiv5_dp_write_ap
                0x080021bc                adiv5_dp_read_ap
                0x080021e4                adiv5_ap_write
                0x08002218                adiv5_ap_mem_write_halfword
                0x0800224c                adiv5_ap_mem_write
                0x080026e0                adiv5_ap_read
                0x08002708                adiv5_ap_mem_read_halfword
                0x08002738                adiv5_ap_mem_read
                0x08002760                adiv5_dp_init
 .text          0x0800287c      0x1b4 adiv5_jtagdp.o
                0x080029ec                adiv5_jtag_dp_handler
 .text          0x08002a30      0x234 adiv5_swdp.o
                0x08002bb0                adiv5_swdp_scan
 .text          0x08002c64      0x2d0 arm7tdmi.o
                0x08002ec0                arm7tdmi_jtag_handler
 .text          0x08002f34      0x37c command.o
                0x080031c4                command_process
 .text          0x080032b0     0x1158 cortexm.o
                0x080042b4                cortexm_probe
 .text          0x08004408      0x398 crc32.o
                0x08004408                generic_crc32
 .text          0x080047a0      0x1c0 gdb_if.o
                0x080047a0                gdb_if_putchar
                0x080047f0                gdb_usb_out_cb
                0x08004828                gdb_if_getchar
                0x080048b4                gdb_if_getchar_to
 .text          0x08004960      0x930 gdb_main.o
                0x08004b84                gdb_main
 .text          0x08005290      0x2ac gdb_packet.o
                0x08005290                gdb_getpacket
                0x08005334                gdb_putpacket
                0x08005498                gdb_putpacket_f
                0x080054c8                gdb_out
                0x08005510                gdb_outf
 .text          0x0800553c      0x1a4 hex_utils.o
                0x0800553c                hexify
                0x080055cc                unhexify
 .text          0x080056e0      0x468 jtag_scan.o
                0x080056e0                jtag_scan
                0x08005a50                jtag_dev_write_ir
                0x08005ae8                jtag_dev_shift_dr
 .text          0x08005b48      0x670 jtagtap.o
                0x08005b48                jtagtap_init
                0x08005d80                jtagtap_reset
                0x08005df4                jtagtap_srst
                0x08005e10                jtagtap_next
                0x08005e74                jtagtap_tms_seq
                0x08005f40                jtagtap_tdi_tdo_seq
                0x080060c0                jtagtap_tdi_seq
 .text          0x080061b8      0x14c lmi.o
                0x080062c0                lmi_probe
 .text          0x08006304      0x3ac lpc11xx.o
                0x08006568                lpc11xx_probe
 .text          0x080066b0      0x54c lpc43xx.o
                0x08006b08                lpc43xx_probe
 .text.startup  0x08006bfc       0x34 main.o
                0x08006bfc                main
 .text          0x08006c30      0x2e4 platform.o
                0x08006c30                platform_hwversion
                0x08006ca0                platform_init
                0x08006e00                platform_delay
                0x08006e10                platform_srst_set_val
                0x08006e3c                sys_tick_handler
                0x08006e70                morse
                0x08006e7c                platform_target_voltage
                0x08006e88                disconnect_usb
                0x08006ee8                assert_boot_pin
                0x08006f10                setup_vbus_irq
 .text          0x08006f14      0x47c sam3x.o
                0x080072b8                sam3x_probe
 .text          0x08007390      0x554 stm32f1.o
                0x080077c8                stm32f1_probe
 .text          0x080078e4      0x490 stm32f4.o
                0x08007d0c                stm32f4_probe
 .text          0x08007d74      0x2d0 stm32l1.o
                0x08007ff8                stm32l1_probe
 .text          0x08008044      0x454 swdptap.o
                0x080080b4                swdptap_reset
                0x080080f0                swdptap_seq_in
                0x080081a0                swdptap_seq_in_parity
                0x080082c4                swdptap_seq_out
                0x08008380                swdptap_init
                0x080083a0                swdptap_seq_out_parity
 .text          0x08008498       0xbc target.o
                0x08008498                target_new
                0x080084b4                target_list_free
                0x08008500                target_add_commands
                0x08008534                target_attach
 .text          0x08008554      0x2e0 cdcacm.o
                0x080086e0                cdcacm_get_config
                0x080086ec                cdcacm_get_dtr
                0x080086f8                cdcacm_init
                0x08008824                usb_lp_can_rx0_isr
 .text          0x08008834      0x24c usbuart.o
                0x08008834                usbuart_init
                0x080088bc                usbuart_set_line_coding
                0x08008968                usbuart_usb_out_cb
                0x080089f8                usbuart_usb_in_cb
                0x08008a20                usart2_isr
 .text.gpio_set_mode
                0x08008a80       0x72 ../libopencm3/lib\libopencm3_stm32f1.a(gpio.o)
                0x08008a80                gpio_set_mode
 *fill*         0x08008af2        0x2 00
 .text.rcc_osc_on.part.0
                0x08008af4       0x10 ../libopencm3/lib\libopencm3_stm32f1.a(rcc.o)
 .text.rcc_wait_for_osc_ready
                0x08008b04       0x64 ../libopencm3/lib\libopencm3_stm32f1.a(rcc.o)
                0x08008b04                rcc_wait_for_osc_ready
 .text.rcc_osc_on
                0x08008b68       0x54 ../libopencm3/lib\libopencm3_stm32f1.a(rcc.o)
                0x08008b68                rcc_osc_on
 .text.rcc_peripheral_enable_clock
                0x08008bbc        0x8 ../libopencm3/lib\libopencm3_stm32f1.a(rcc.o)
                0x08008bbc                rcc_peripheral_enable_clock
 .text.rcc_peripheral_reset
                0x08008bc4        0x8 ../libopencm3/lib\libopencm3_stm32f1.a(rcc.o)
                0x08008bc4                rcc_peripheral_reset
 .text.rcc_peripheral_clear_reset
                0x08008bcc        0xa ../libopencm3/lib\libopencm3_stm32f1.a(rcc.o)
                0x08008bcc                rcc_peripheral_clear_reset
 *fill*         0x08008bd6        0x2 00
 .text.rcc_set_sysclk_source
                0x08008bd8       0x14 ../libopencm3/lib\libopencm3_stm32f1.a(rcc.o)
                0x08008bd8                rcc_set_sysclk_source
 .text.rcc_set_pll_multiplication_factor
                0x08008bec       0x14 ../libopencm3/lib\libopencm3_stm32f1.a(rcc.o)
                0x08008bec                rcc_set_pll_multiplication_factor
 .text.rcc_set_pll_source
                0x08008c00       0x14 ../libopencm3/lib\libopencm3_stm32f1.a(rcc.o)
                0x08008c00                rcc_set_pll_source
 .text.rcc_set_pllxtpre
                0x08008c14       0x14 ../libopencm3/lib\libopencm3_stm32f1.a(rcc.o)
                0x08008c14                rcc_set_pllxtpre
 .text.rcc_set_adcpre
                0x08008c28       0x14 ../libopencm3/lib\libopencm3_stm32f1.a(rcc.o)
                0x08008c28                rcc_set_adcpre
 .text.rcc_set_ppre2
                0x08008c3c       0x14 ../libopencm3/lib\libopencm3_stm32f1.a(rcc.o)
                0x08008c3c                rcc_set_ppre2
 .text.rcc_set_ppre1
                0x08008c50       0x14 ../libopencm3/lib\libopencm3_stm32f1.a(rcc.o)
                0x08008c50                rcc_set_ppre1
 .text.rcc_set_hpre
                0x08008c64       0x14 ../libopencm3/lib\libopencm3_stm32f1.a(rcc.o)
                0x08008c64                rcc_set_hpre
 .text.rcc_clock_setup_in_hse_8mhz_out_72mhz
                0x08008c78       0x84 ../libopencm3/lib\libopencm3_stm32f1.a(rcc.o)
                0x08008c78                rcc_clock_setup_in_hse_8mhz_out_72mhz
 .text.gpio_toggle
                0x08008cfc        0x8 ../libopencm3/lib\libopencm3_stm32f1.a(gpio_common_all.o)
                0x08008cfc                gpio_toggle
 .text.usart_set_baudrate
                0x08008d04       0x28 ../libopencm3/lib\libopencm3_stm32f1.a(usart_common_all.o)
                0x08008d04                usart_set_baudrate
 .text.usart_set_databits
                0x08008d2c       0x12 ../libopencm3/lib\libopencm3_stm32f1.a(usart_common_all.o)
                0x08008d2c                usart_set_databits
 .text.usart_set_stopbits
                0x08008d3e        0xc ../libopencm3/lib\libopencm3_stm32f1.a(usart_common_all.o)
                0x08008d3e                usart_set_stopbits
 .text.usart_set_parity
                0x08008d4a        0xc ../libopencm3/lib\libopencm3_stm32f1.a(usart_common_all.o)
                0x08008d4a                usart_set_parity
 .text.usart_set_mode
                0x08008d56        0xc ../libopencm3/lib\libopencm3_stm32f1.a(usart_common_all.o)
                0x08008d56                usart_set_mode
 .text.usart_set_flow_control
                0x08008d62        0xc ../libopencm3/lib\libopencm3_stm32f1.a(usart_common_all.o)
                0x08008d62                usart_set_flow_control
 .text.usart_enable
                0x08008d6e        0xa ../libopencm3/lib\libopencm3_stm32f1.a(usart_common_all.o)
                0x08008d6e                usart_enable
 .text.usart_send_blocking
                0x08008d78       0x16 ../libopencm3/lib\libopencm3_stm32f1.a(usart_common_all.o)
                0x08008d78                usart_send_blocking
 .text.usart_send
                0x08008d8e        0x8 ../libopencm3/lib\libopencm3_stm32f1.a(usart_common_f124.o)
                0x08008d8e                usart_send
 .text.usart_recv
                0x08008d96        0x8 ../libopencm3/lib\libopencm3_stm32f1.a(usart_common_f124.o)
                0x08008d96                usart_recv
 .text.usart_wait_send_ready
                0x08008d9e        0x8 ../libopencm3/lib\libopencm3_stm32f1.a(usart_common_f124.o)
                0x08008d9e                usart_wait_send_ready
 *fill*         0x08008da6        0x2 00
 .text.usbd_init
                0x08008da8       0x44 ../libopencm3/lib\libopencm3_stm32f1.a(usb.o)
                0x08008da8                usbd_init
 .text.usbd_poll
                0x08008dec        0xc ../libopencm3/lib\libopencm3_stm32f1.a(usb.o)
                0x08008dec                usbd_poll
 .text.usbd_ep_setup
                0x08008df8       0x10 ../libopencm3/lib\libopencm3_stm32f1.a(usb.o)
                0x08008df8                usbd_ep_setup
 .text._usbd_reset
                0x08008e08       0x2a ../libopencm3/lib\libopencm3_stm32f1.a(usb.o)
                0x08008e08                _usbd_reset
 .text.usbd_ep_write_packet
                0x08008e32        0xc ../libopencm3/lib\libopencm3_stm32f1.a(usb.o)
                0x08008e32                usbd_ep_write_packet
 .text.usbd_ep_read_packet
                0x08008e3e        0xc ../libopencm3/lib\libopencm3_stm32f1.a(usb.o)
                0x08008e3e                usbd_ep_read_packet
 .text.usbd_ep_stall_set
                0x08008e4a        0xc ../libopencm3/lib\libopencm3_stm32f1.a(usb.o)
                0x08008e4a                usbd_ep_stall_set
 .text.usbd_ep_stall_get
                0x08008e56        0xc ../libopencm3/lib\libopencm3_stm32f1.a(usb.o)
                0x08008e56                usbd_ep_stall_get
 .text.usbd_ep_nak_set
                0x08008e62        0xc ../libopencm3/lib\libopencm3_stm32f1.a(usb.o)
                0x08008e62                usbd_ep_nak_set
 .text.usb_control_send_chunk
                0x08008e6e       0x44 ../libopencm3/lib\libopencm3_stm32f1.a(usb_control.o)
 .text.stall_transaction
                0x08008eb2       0x14 ../libopencm3/lib\libopencm3_stm32f1.a(usb_control.o)
 .text.usb_control_recv_chunk
                0x08008ec6       0x3c ../libopencm3/lib\libopencm3_stm32f1.a(usb_control.o)
 .text.usb_control_request_dispatch
                0x08008f02       0x5e ../libopencm3/lib\libopencm3_stm32f1.a(usb_control.o)
 .text.usb_control_setup_read
                0x08008f60       0x40 ../libopencm3/lib\libopencm3_stm32f1.a(usb_control.o)
 .text.usbd_register_control_callback
                0x08008fa0       0x28 ../libopencm3/lib\libopencm3_stm32f1.a(usb_control.o)
                0x08008fa0                usbd_register_control_callback
 .text._usbd_control_setup
                0x08008fc8       0x5c ../libopencm3/lib\libopencm3_stm32f1.a(usb_control.o)
                0x08008fc8                _usbd_control_setup
 .text._usbd_control_out
                0x08009024       0x86 ../libopencm3/lib\libopencm3_stm32f1.a(usb_control.o)
                0x08009024                _usbd_control_out
 .text._usbd_control_in
                0x080090aa       0x56 ../libopencm3/lib\libopencm3_stm32f1.a(usb_control.o)
                0x080090aa                _usbd_control_in
 .text.usb_standard_set_configuration
                0x08009100       0x32 ../libopencm3/lib\libopencm3_stm32f1.a(usb_standard.o)
 .text.usb_standard_get_configuration
                0x08009132       0x14 ../libopencm3/lib\libopencm3_stm32f1.a(usb_standard.o)
 .text.usb_standard_set_interface
                0x08009146        0xe ../libopencm3/lib\libopencm3_stm32f1.a(usb_standard.o)
 .text.usb_standard_get_interface
                0x08009154        0xc ../libopencm3/lib\libopencm3_stm32f1.a(usb_standard.o)
 .text.usb_standard_device_get_status
                0x08009160       0x18 ../libopencm3/lib\libopencm3_stm32f1.a(usb_standard.o)
 .text.usb_standard_interface_get_status
                0x08009178       0x18 ../libopencm3/lib\libopencm3_stm32f1.a(usb_standard.o)
 .text.usb_standard_endpoint_get_status
                0x08009190       0x2a ../libopencm3/lib\libopencm3_stm32f1.a(usb_standard.o)
 .text.usb_standard_endpoint_stall
                0x080091ba       0x10 ../libopencm3/lib\libopencm3_stm32f1.a(usb_standard.o)
 .text.usb_standard_endpoint_unstall
                0x080091ca       0x10 ../libopencm3/lib\libopencm3_stm32f1.a(usb_standard.o)
 .text.usb_standard_get_descriptor
                0x080091da      0x23e ../libopencm3/lib\libopencm3_stm32f1.a(usb_standard.o)
 .text.usb_standard_set_address
                0x08009418       0x28 ../libopencm3/lib\libopencm3_stm32f1.a(usb_standard.o)
 .text.usbd_register_set_config_callback
                0x08009440        0x6 ../libopencm3/lib\libopencm3_stm32f1.a(usb_standard.o)
                0x08009440                usbd_register_set_config_callback
 *fill*         0x08009446        0x2 00
 .text._usbd_standard_request_device
                0x08009448       0x20 ../libopencm3/lib\libopencm3_stm32f1.a(usb_standard.o)
                0x08009448                _usbd_standard_request_device
 .text._usbd_standard_request_interface
                0x08009468       0x20 ../libopencm3/lib\libopencm3_stm32f1.a(usb_standard.o)
                0x08009468                _usbd_standard_request_interface
 .text._usbd_standard_request_endpoint
                0x08009488       0x38 ../libopencm3/lib\libopencm3_stm32f1.a(usb_standard.o)
                0x08009488                _usbd_standard_request_endpoint
 .text._usbd_standard_request
                0x080094c0       0x34 ../libopencm3/lib\libopencm3_stm32f1.a(usb_standard.o)
                0x080094c0                _usbd_standard_request
 .text.stm32f103_set_address
                0x080094f4       0x10 ../libopencm3/lib\libopencm3_stm32f1.a(usb_f103.o)
 .text.stm32f103_endpoints_reset
                0x08009504       0x34 ../libopencm3/lib\libopencm3_stm32f1.a(usb_f103.o)
 .text.stm32f103_ep_stall_set
                0x08009538       0xbc ../libopencm3/lib\libopencm3_stm32f1.a(usb_f103.o)
 .text.stm32f103_ep_stall_get
                0x080095f4       0x3a ../libopencm3/lib\libopencm3_stm32f1.a(usb_f103.o)
 *fill*         0x0800962e        0x2 00
 .text.stm32f103_ep_write_packet
                0x08009630       0x90 ../libopencm3/lib\libopencm3_stm32f1.a(usb_f103.o)
 .text.stm32f103_ep_read_packet
                0x080096c0       0xd4 ../libopencm3/lib\libopencm3_stm32f1.a(usb_f103.o)
 .text.stm32f103_poll
                0x08009794       0xb0 ../libopencm3/lib\libopencm3_stm32f1.a(usb_f103.o)
 .text.stm32f103_usbd_init
                0x08009844       0x34 ../libopencm3/lib\libopencm3_stm32f1.a(usb_f103.o)
 .text.stm32f103_ep_setup
                0x08009878      0x164 ../libopencm3/lib\libopencm3_stm32f1.a(usb_f103.o)
 .text.stm32f103_ep_nak_set
                0x080099dc       0x5c ../libopencm3/lib\libopencm3_stm32f1.a(usb_f103.o)
 .text.blocking_handler
                0x08009a38        0x2 ../libopencm3/lib\libopencm3_stm32f1.a(vector.o)
                0x08009a38                usart3_isr
                0x08009a38                rtc_isr
                0x08009a38                tim7_isr
                0x08009a38                adc1_2_isr
                0x08009a38                tim1_trg_com_isr
                0x08009a38                usb_hp_can_tx_isr
                0x08009a38                tim6_isr
                0x08009a38                usb_wakeup_isr
                0x08009a38                blocking_handler
                0x08009a38                tim5_isr
                0x08009a38                otg_fs_isr
                0x08009a38                spi1_isr
                0x08009a38                dma1_channel6_isr
                0x08009a38                exti2_isr
                0x08009a38                can_rx1_isr
                0x08009a38                dma1_channel5_isr
                0x08009a38                dma2_channel5_isr
                0x08009a38                usart1_isr
                0x08009a38                usage_fault_handler
                0x08009a38                tim8_trg_com_isr
                0x08009a38                can2_rx0_isr
                0x08009a38                tim1_brk_isr
                0x08009a38                can2_rx1_isr
                0x08009a38                tim1_cc_isr
                0x08009a38                sdio_isr
                0x08009a38                eth_isr
                0x08009a38                dma1_channel4_isr
                0x08009a38                tim8_brk_isr
                0x08009a38                dma2_channel4_5_isr
                0x08009a38                pvd_isr
                0x08009a38                rcc_isr
                0x08009a38                flash_isr
                0x08009a38                uart4_isr
                0x08009a38                rtc_alarm_isr
                0x08009a38                exti15_10_isr
                0x08009a38                hard_fault_handler
                0x08009a38                exti1_isr
                0x08009a38                i2c1_ev_isr
                0x08009a38                dma2_channel1_isr
                0x08009a38                spi2_isr
                0x08009a38                tim8_up_isr
                0x08009a38                dma2_channel2_isr
                0x08009a38                adc3_isr
                0x08009a38                exti3_isr
                0x08009a38                tim3_isr
                0x08009a38                i2c2_er_isr
                0x08009a38                i2c2_ev_isr
                0x08009a38                uart5_isr
                0x08009a38                fsmc_isr
                0x08009a38                dma1_channel1_isr
                0x08009a38                exti4_isr
                0x08009a38                mem_manage_handler
                0x08009a38                can2_tx_isr
                0x08009a38                exti9_5_isr
                0x08009a38                dma2_channel3_isr
                0x08009a38                dma1_channel7_isr
                0x08009a38                tim1_up_isr
                0x08009a38                can2_sce_isr
                0x08009a38                tim4_isr
                0x08009a38                dma1_channel2_isr
                0x08009a38                i2c1_er_isr
                0x08009a38                can_sce_isr
                0x08009a38                tim8_cc_isr
                0x08009a38                tamper_isr
                0x08009a38                eth_wkup_isr
                0x08009a38                bus_fault_handler
                0x08009a38                wwdg_isr
                0x08009a38                dma1_channel3_isr
                0x08009a38                spi3_isr
                0x08009a38                tim2_isr
                0x08009a38                exti0_isr
 .text.null_handler
                0x08009a3a        0x2 ../libopencm3/lib\libopencm3_stm32f1.a(vector.o)
                0x08009a3a                sv_call_handler
                0x08009a3a                pend_sv_handler
                0x08009a3a                debug_monitor_handler
                0x08009a3a                nmi_handler
                0x08009a3a                null_handler
 .text.reset_handler
                0x08009a3c       0x80 ../libopencm3/lib\libopencm3_stm32f1.a(vector.o)
                0x08009a3c                reset_handler
 .text.systick_set_reload
                0x08009abc       0x10 ../libopencm3/lib\libopencm3_stm32f1.a(systick.o)
                0x08009abc                systick_set_reload
 .text.systick_set_clocksource
                0x08009acc       0x14 ../libopencm3/lib\libopencm3_stm32f1.a(systick.o)
                0x08009acc                systick_set_clocksource
 .text.systick_interrupt_enable
                0x08009ae0       0x10 ../libopencm3/lib\libopencm3_stm32f1.a(systick.o)
                0x08009ae0                systick_interrupt_enable
 .text.systick_counter_enable
                0x08009af0       0x10 ../libopencm3/lib\libopencm3_stm32f1.a(systick.o)
                0x08009af0                systick_counter_enable
 .text.scb_reset_core
                0x08009b00       0x10 ../libopencm3/lib\libopencm3_stm32f1.a(scb.o)
                0x08009b00                scb_reset_core
 .text.nvic_enable_irq
                0x08009b10       0x1a ../libopencm3/lib\libopencm3_stm32f1.a(nvic.o)
                0x08009b10                nvic_enable_irq
 *fill*         0x08009b2a        0x2 00
 .text.nvic_set_priority
                0x08009b2c       0x20 ../libopencm3/lib\libopencm3_stm32f1.a(nvic.o)
                0x08009b2c                nvic_set_priority
 .text.flash_set_ws
                0x08009b4c       0x14 ../libopencm3/lib\libopencm3_stm32f1.a(flash.o)
                0x08009b4c                flash_set_ws
 .text.__assert_func
                0x08009b60       0x38 c:/programy/gccarm/bin/../lib/gcc/arm-none-eabi/4.7.3/../../../../arm-none-eabi/lib/armv7-m\libc_s.a(lib_a-assert.o)
                0x08009b60                __assert_func
 .text.atoi     0x08009b98        0x8 c:/programy/gccarm/bin/../lib/gcc/arm-none-eabi/4.7.3/../../../../arm-none-eabi/lib/armv7-m\libc_s.a(lib_a-atoi.o)
                0x08009b98                atoi
 .text.atol     0x08009ba0        0x8 c:/programy/gccarm/bin/../lib/gcc/arm-none-eabi/4.7.3/../../../../arm-none-eabi/lib/armv7-m\libc_s.a(lib_a-atol.o)
                0x08009ba0                atol
 .text.calloc   0x08009ba8       0x14 c:/programy/gccarm/bin/../lib/gcc/arm-none-eabi/4.7.3/../../../../arm-none-eabi/lib/armv7-m\libc_s.a(lib_a-calloc.o)
                0x08009ba8                calloc
 .text._calloc_r
                0x08009bbc       0x1c c:/programy/gccarm/bin/../lib/gcc/arm-none-eabi/4.7.3/../../../../arm-none-eabi/lib/armv7-m\libc_s.a(lib_a-callocr.o)
                0x08009bbc                _calloc_r
 .text.fprintf  0x08009bd8       0x24 c:/programy/gccarm/bin/../lib/gcc/arm-none-eabi/4.7.3/../../../../arm-none-eabi/lib/armv7-m\libc_s.a(lib_a-fprintf.o)
                0x08009bd8                fiprintf
                0x08009bd8                fprintf
 .text.malloc   0x08009bfc       0x10 c:/programy/gccarm/bin/../lib/gcc/arm-none-eabi/4.7.3/../../../../arm-none-eabi/lib/armv7-m\libc_s.a(lib_a-malloc.o)
                0x08009bfc                malloc
 .text.free     0x08009c0c       0x10 c:/programy/gccarm/bin/../lib/gcc/arm-none-eabi/4.7.3/../../../../arm-none-eabi/lib/armv7-m\libc_s.a(lib_a-malloc.o)
                0x08009c0c                free
 .text._malloc_r
                0x08009c1c       0x94 c:/programy/gccarm/bin/../lib/gcc/arm-none-eabi/4.7.3/../../../../arm-none-eabi/lib/armv7-m\libc_s.a(lib_a-mallocr.o)
                0x08009c1c                _malloc_r
 .text.memcpy   0x08009cb0       0x12 c:/programy/gccarm/bin/../lib/gcc/arm-none-eabi/4.7.3/../../../../arm-none-eabi/lib/armv7-m\libc_s.a(lib_a-memcpy.o)
                0x08009cb0                memcpy
 .text.memset   0x08009cc2       0x10 c:/programy/gccarm/bin/../lib/gcc/arm-none-eabi/4.7.3/../../../../arm-none-eabi/lib/armv7-m\libc_s.a(lib_a-memset.o)
                0x08009cc2                memset
 *fill*         0x08009cd2        0x2 00
 .text._sbrk_r  0x08009cd4       0x20 c:/programy/gccarm/bin/../lib/gcc/arm-none-eabi/4.7.3/../../../../arm-none-eabi/lib/armv7-m\libc_s.a(lib_a-sbrkr.o)
                0x08009cd4                _sbrk_r
 .text          0x08009cf4       0x1c c:/programy/gccarm/bin/../lib/gcc/arm-none-eabi/4.7.3/../../../../arm-none-eabi/lib/armv7-m\libc_s.a(lib_a-setjmp.o)
                0x08009cf4                setjmp
                0x08009d00                longjmp
 .text.sprintf  0x08009d10       0x48 c:/programy/gccarm/bin/../lib/gcc/arm-none-eabi/4.7.3/../../../../arm-none-eabi/lib/armv7-m\libc_s.a(lib_a-sprintf.o)
                0x08009d10                siprintf
                0x08009d10                sprintf
 .text.sscanf   0x08009d58       0x54 c:/programy/gccarm/bin/../lib/gcc/arm-none-eabi/4.7.3/../../../../arm-none-eabi/lib/armv7-m\libc_s.a(lib_a-sscanf.o)
                0x08009d58                siscanf
                0x08009d58                sscanf
 .text.__sread  0x08009dac       0x22 c:/programy/gccarm/bin/../lib/gcc/arm-none-eabi/4.7.3/../../../../arm-none-eabi/lib/armv7-m\libc_s.a(lib_a-stdio.o)
                0x08009dac                __sread
 .text.__seofread
                0x08009dce        0x4 c:/programy/gccarm/bin/../lib/gcc/arm-none-eabi/4.7.3/../../../../arm-none-eabi/lib/armv7-m\libc_s.a(lib_a-stdio.o)
                0x08009dce                __seofread
 .text.__swrite
                0x08009dd2       0x3c c:/programy/gccarm/bin/../lib/gcc/arm-none-eabi/4.7.3/../../../../arm-none-eabi/lib/armv7-m\libc_s.a(lib_a-stdio.o)
                0x08009dd2                __swrite
 .text.__sseek  0x08009e0e       0x24 c:/programy/gccarm/bin/../lib/gcc/arm-none-eabi/4.7.3/../../../../arm-none-eabi/lib/armv7-m\libc_s.a(lib_a-stdio.o)
                0x08009e0e                __sseek
 .text.__sclose
                0x08009e32        0x8 c:/programy/gccarm/bin/../lib/gcc/arm-none-eabi/4.7.3/../../../../arm-none-eabi/lib/armv7-m\libc_s.a(lib_a-stdio.o)
                0x08009e32                __sclose
 .text.strcmp   0x08009e3a       0x16 c:/programy/gccarm/bin/../lib/gcc/arm-none-eabi/4.7.3/../../../../arm-none-eabi/lib/armv7-m\libc_s.a(lib_a-strcmp.o)
                0x08009e3a                strcmp
 .text.strlen   0x08009e50       0x10 c:/programy/gccarm/bin/../lib/gcc/arm-none-eabi/4.7.3/../../../../arm-none-eabi/lib/armv7-m\libc_s.a(lib_a-strlen.o)
                0x08009e50                strlen
 .text.strncmp  0x08009e60       0x2e c:/programy/gccarm/bin/../lib/gcc/arm-none-eabi/4.7.3/../../../../arm-none-eabi/lib/armv7-m\libc_s.a(lib_a-strncmp.o)
                0x08009e60                strncmp
 .text.strncpy  0x08009e8e       0x2a c:/programy/gccarm/bin/../lib/gcc/arm-none-eabi/4.7.3/../../../../arm-none-eabi/lib/armv7-m\libc_s.a(lib_a-strncpy.o)
                0x08009e8e                strncpy
 .text.strtok   0x08009eb8       0x6c c:/programy/gccarm/bin/../lib/gcc/arm-none-eabi/4.7.3/../../../../arm-none-eabi/lib/armv7-m\libc_s.a(lib_a-strtok.o)
                0x08009eb8                strtok
 .text.__strtok_r
                0x08009f24       0x5e c:/programy/gccarm/bin/../lib/gcc/arm-none-eabi/4.7.3/../../../../arm-none-eabi/lib/armv7-m\libc_s.a(lib_a-strtok_r.o)
                0x08009f24                __strtok_r
 *fill*         0x08009f82        0x2 00
 .text._strtol_r
                0x08009f84      0x10c c:/programy/gccarm/bin/../lib/gcc/arm-none-eabi/4.7.3/../../../../arm-none-eabi/lib/armv7-m\libc_s.a(lib_a-strtol.o)
                0x08009f84                _strtol_r
 .text.strtol   0x0800a090       0x1c c:/programy/gccarm/bin/../lib/gcc/arm-none-eabi/4.7.3/../../../../arm-none-eabi/lib/armv7-m\libc_s.a(lib_a-strtol.o)
                0x0800a090                strtol
 .text._strtoul_r
                0x0800a0ac       0xfc c:/programy/gccarm/bin/../lib/gcc/arm-none-eabi/4.7.3/../../../../arm-none-eabi/lib/armv7-m\libc_s.a(lib_a-strtoul.o)
                0x0800a0ac                _strtoul_r
 .text.strtoul  0x0800a1a8       0x1c c:/programy/gccarm/bin/../lib/gcc/arm-none-eabi/4.7.3/../../../../arm-none-eabi/lib/armv7-m\libc_s.a(lib_a-strtoul.o)
                0x0800a1a8                strtoul
 .text.__ssputc_r
                0x0800a1c4       0xae c:/programy/gccarm/bin/../lib/gcc/arm-none-eabi/4.7.3/../../../../arm-none-eabi/lib/armv7-m\libc_s.a(lib_a-svfprintf.o)
                0x0800a1c4                __ssputc_r
 *fill*         0x0800a272        0x2 00
 .text._svfprintf_r
                0x0800a274      0x1f4 c:/programy/gccarm/bin/../lib/gcc/arm-none-eabi/4.7.3/../../../../arm-none-eabi/lib/armv7-m\libc_s.a(lib_a-svfprintf.o)
                0x0800a274                _svfiprintf_r
                0x0800a274                _svfprintf_r
 .text._sungetc_r
                0x0800a468       0x7a c:/programy/gccarm/bin/../lib/gcc/arm-none-eabi/4.7.3/../../../../arm-none-eabi/lib/armv7-m\libc_s.a(lib_a-svfscanf.o)
                0x0800a468                _sungetc_r
 .text.__ssrefill_r
                0x0800a4e2       0x3a c:/programy/gccarm/bin/../lib/gcc/arm-none-eabi/4.7.3/../../../../arm-none-eabi/lib/armv7-m\libc_s.a(lib_a-svfscanf.o)
                0x0800a4e2                __ssrefill_r
 .text.__ssvfscanf_r
                0x0800a51c      0x2d0 c:/programy/gccarm/bin/../lib/gcc/arm-none-eabi/4.7.3/../../../../arm-none-eabi/lib/armv7-m\libc_s.a(lib_a-svfscanf.o)
                0x0800a51c                __ssvfiscanf_r
                0x0800a51c                __ssvfscanf_r
 .text.__submore
                0x0800a7ec       0x76 c:/programy/gccarm/bin/../lib/gcc/arm-none-eabi/4.7.3/../../../../arm-none-eabi/lib/armv7-m\libc_s.a(lib_a-ungetc.o)
                0x0800a7ec                __submore
 .text._vasprintf_r
                0x0800a862       0x36 c:/programy/gccarm/bin/../lib/gcc/arm-none-eabi/4.7.3/../../../../arm-none-eabi/lib/armv7-m\libc_s.a(lib_a-vasprintf.o)
                0x0800a862                _vasprintf_r
                0x0800a862                _vasiprintf_r
 .text.vasprintf
                0x0800a898       0x1c c:/programy/gccarm/bin/../lib/gcc/arm-none-eabi/4.7.3/../../../../arm-none-eabi/lib/armv7-m\libc_s.a(lib_a-vasprintf.o)
                0x0800a898                vasprintf
                0x0800a898                vasiprintf
 .text.__sfputc_r
                0x0800a8b4       0x2c c:/programy/gccarm/bin/../lib/gcc/arm-none-eabi/4.7.3/../../../../arm-none-eabi/lib/armv7-m\libc_s.a(lib_a-vfprintf.o)
                0x0800a8b4                __sfputc_r
 .text._vfprintf_r
                0x0800a8e0      0x22c c:/programy/gccarm/bin/../lib/gcc/arm-none-eabi/4.7.3/../../../../arm-none-eabi/lib/armv7-m\libc_s.a(lib_a-vfprintf.o)
                0x0800a8e0                _vfprintf_r
                0x0800a8e0                _vfiprintf_r
 .text._printf_common
                0x0800ab0c       0xde c:/programy/gccarm/bin/../lib/gcc/arm-none-eabi/4.7.3/../../../../arm-none-eabi/lib/armv7-m\libc_s.a(lib_a-vfprintf_i.o)
                0x0800ab0c                _printf_common
 *fill*         0x0800abea        0x2 00
 .text._printf_i
                0x0800abec      0x248 c:/programy/gccarm/bin/../lib/gcc/arm-none-eabi/4.7.3/../../../../arm-none-eabi/lib/armv7-m\libc_s.a(lib_a-vfprintf_i.o)
                0x0800abec                _printf_i
 .text._scanf_chars
                0x0800ae34       0xcc c:/programy/gccarm/bin/../lib/gcc/arm-none-eabi/4.7.3/../../../../arm-none-eabi/lib/armv7-m\libc_s.a(lib_a-vfscanf_i.o)
                0x0800ae34                _scanf_chars
 .text._scanf_i
                0x0800af00      0x1e4 c:/programy/gccarm/bin/../lib/gcc/arm-none-eabi/4.7.3/../../../../arm-none-eabi/lib/armv7-m\libc_s.a(lib_a-vfscanf_i.o)
                0x0800af00                _scanf_i
 .text.__swbuf_r
                0x0800b0e4       0xb4 c:/programy/gccarm/bin/../lib/gcc/arm-none-eabi/4.7.3/../../../../arm-none-eabi/lib/armv7-m\libc_s.a(lib_a-wbuf.o)
                0x0800b0e4                __swbuf_r
 .text._write_r
                0x0800b198       0x24 c:/programy/gccarm/bin/../lib/gcc/arm-none-eabi/4.7.3/../../../../arm-none-eabi/lib/armv7-m\libc_s.a(lib_a-writer.o)
                0x0800b198                _write_r
 .text.__swsetup_r
                0x0800b1bc       0xec c:/programy/gccarm/bin/../lib/gcc/arm-none-eabi/4.7.3/../../../../arm-none-eabi/lib/armv7-m\libc_s.a(lib_a-wsetup.o)
                0x0800b1bc                __swsetup_r
 .text.abort    0x0800b2a8        0xe c:/programy/gccarm/bin/../lib/gcc/arm-none-eabi/4.7.3/../../../../arm-none-eabi/lib/armv7-m\libc_s.a(lib_a-abort.o)
                0x0800b2a8                abort
 *fill*         0x0800b2b6        0x2 00
 .text._close_r
                0x0800b2b8       0x20 c:/programy/gccarm/bin/../lib/gcc/arm-none-eabi/4.7.3/../../../../arm-none-eabi/lib/armv7-m\libc_s.a(lib_a-closer.o)
                0x0800b2b8                _close_r
 .text._fflush_r
                0x0800b2d8      0x148 c:/programy/gccarm/bin/../lib/gcc/arm-none-eabi/4.7.3/../../../../arm-none-eabi/lib/armv7-m\libc_s.a(lib_a-fflush.o)
                0x0800b2d8                _fflush_r
 .text._cleanup_r
                0x0800b420       0x32 c:/programy/gccarm/bin/../lib/gcc/arm-none-eabi/4.7.3/../../../../arm-none-eabi/lib/armv7-m\libc_s.a(lib_a-findfp.o)
                0x0800b420                _cleanup_r
 *fill*         0x0800b452        0x2 00
 .text.std.isra.0
                0x0800b454       0x48 c:/programy/gccarm/bin/../lib/gcc/arm-none-eabi/4.7.3/../../../../arm-none-eabi/lib/armv7-m\libc_s.a(lib_a-findfp.o)
 .text.__sfmoreglue
                0x0800b49c       0x2a c:/programy/gccarm/bin/../lib/gcc/arm-none-eabi/4.7.3/../../../../arm-none-eabi/lib/armv7-m\libc_s.a(lib_a-findfp.o)
                0x0800b49c                __sfmoreglue
 *fill*         0x0800b4c6        0x2 00
 .text.__sinit  0x0800b4c8       0x58 c:/programy/gccarm/bin/../lib/gcc/arm-none-eabi/4.7.3/../../../../arm-none-eabi/lib/armv7-m\libc_s.a(lib_a-findfp.o)
                0x0800b4c8                __sinit
 .text.__sfp    0x0800b520       0x78 c:/programy/gccarm/bin/../lib/gcc/arm-none-eabi/4.7.3/../../../../arm-none-eabi/lib/armv7-m\libc_s.a(lib_a-findfp.o)
                0x0800b520                __sfp
 .text.__sfp_lock_acquire
                0x0800b598        0x2 c:/programy/gccarm/bin/../lib/gcc/arm-none-eabi/4.7.3/../../../../arm-none-eabi/lib/armv7-m\libc_s.a(lib_a-findfp.o)
                0x0800b598                __sfp_lock_acquire
 .text.__sfp_lock_release
                0x0800b59a        0x2 c:/programy/gccarm/bin/../lib/gcc/arm-none-eabi/4.7.3/../../../../arm-none-eabi/lib/armv7-m\libc_s.a(lib_a-findfp.o)
                0x0800b59a                __sfp_lock_release
 .text._free_r  0x0800b59c       0x88 c:/programy/gccarm/bin/../lib/gcc/arm-none-eabi/4.7.3/../../../../arm-none-eabi/lib/armv7-m\libc_s.a(lib_a-freer.o)
                0x0800b59c                _free_r
 .text._lseek_r
                0x0800b624       0x24 c:/programy/gccarm/bin/../lib/gcc/arm-none-eabi/4.7.3/../../../../arm-none-eabi/lib/armv7-m\libc_s.a(lib_a-lseekr.o)
                0x0800b624                _lseek_r
 .text.__smakebuf_r
                0x0800b648       0xa8 c:/programy/gccarm/bin/../lib/gcc/arm-none-eabi/4.7.3/../../../../arm-none-eabi/lib/armv7-m\libc_s.a(lib_a-makebuf.o)
                0x0800b648                __smakebuf_r
 .text.memchr   0x0800b6f0       0x1c c:/programy/gccarm/bin/../lib/gcc/arm-none-eabi/4.7.3/../../../../arm-none-eabi/lib/armv7-m\libc_s.a(lib_a-memchr.o)
                0x0800b6f0                memchr
 .text._read_r  0x0800b70c       0x24 c:/programy/gccarm/bin/../lib/gcc/arm-none-eabi/4.7.3/../../../../arm-none-eabi/lib/armv7-m\libc_s.a(lib_a-readr.o)
                0x0800b70c                _read_r
 .text._realloc_r
                0x0800b730       0x48 c:/programy/gccarm/bin/../lib/gcc/arm-none-eabi/4.7.3/../../../../arm-none-eabi/lib/armv7-m\libc_s.a(lib_a-reallocr.o)
                0x0800b730                _realloc_r
 .text.__sccl   0x0800b778       0x60 c:/programy/gccarm/bin/../lib/gcc/arm-none-eabi/4.7.3/../../../../arm-none-eabi/lib/armv7-m\libc_s.a(lib_a-sccl.o)
                0x0800b778                __sccl
 .text._raise_r
                0x0800b7d8       0x50 c:/programy/gccarm/bin/../lib/gcc/arm-none-eabi/4.7.3/../../../../arm-none-eabi/lib/armv7-m\libc_s.a(lib_a-signal.o)
                0x0800b7d8                _raise_r
 .text.raise    0x0800b828       0x10 c:/programy/gccarm/bin/../lib/gcc/arm-none-eabi/4.7.3/../../../../arm-none-eabi/lib/armv7-m\libc_s.a(lib_a-signal.o)
                0x0800b828                raise
 .text._kill_r  0x0800b838       0x24 c:/programy/gccarm/bin/../lib/gcc/arm-none-eabi/4.7.3/../../../../arm-none-eabi/lib/armv7-m\libc_s.a(lib_a-signalr.o)
                0x0800b838                _kill_r
 .text._getpid_r
                0x0800b85c        0x4 c:/programy/gccarm/bin/../lib/gcc/arm-none-eabi/4.7.3/../../../../arm-none-eabi/lib/armv7-m\libc_s.a(lib_a-signalr.o)
                0x0800b85c                _getpid_r
 .text._fstat_r
                0x0800b860       0x24 c:/programy/gccarm/bin/../lib/gcc/arm-none-eabi/4.7.3/../../../../arm-none-eabi/lib/armv7-m\libc_s.a(lib_a-fstatr.o)
                0x0800b860                _fstat_r
 .text._isatty_r
                0x0800b884       0x20 c:/programy/gccarm/bin/../lib/gcc/arm-none-eabi/4.7.3/../../../../arm-none-eabi/lib/armv7-m\libc_s.a(lib_a-isattyr.o)
                0x0800b884                _isatty_r
 .text._malloc_usable_size_r
                0x0800b8a4       0x12 c:/programy/gccarm/bin/../lib/gcc/arm-none-eabi/4.7.3/../../../../arm-none-eabi/lib/armv7-m\libc_s.a(lib_a-msizer.o)
                0x0800b8a4                _malloc_usable_size_r
 *fill*         0x0800b8b6        0x2 00
 .text._close   0x0800b8b8       0x14 c:/programy/gccarm/bin/../lib/gcc/arm-none-eabi/4.7.3/../../../../arm-none-eabi/lib/armv7-m\libnosys.a(close.o)
                0x0800b8b8                _close
 .text._fstat   0x0800b8cc       0x14 c:/programy/gccarm/bin/../lib/gcc/arm-none-eabi/4.7.3/../../../../arm-none-eabi/lib/armv7-m\libnosys.a(fstat.o)
                0x0800b8cc                _fstat
 .text._getpid  0x0800b8e0       0x14 c:/programy/gccarm/bin/../lib/gcc/arm-none-eabi/4.7.3/../../../../arm-none-eabi/lib/armv7-m\libnosys.a(getpid.o)
                0x0800b8e0                _getpid
 .text._isatty  0x0800b8f4       0x10 c:/programy/gccarm/bin/../lib/gcc/arm-none-eabi/4.7.3/../../../../arm-none-eabi/lib/armv7-m\libnosys.a(isatty.o)
                0x0800b8f4                _isatty
 .text._kill    0x0800b904       0x14 c:/programy/gccarm/bin/../lib/gcc/arm-none-eabi/4.7.3/../../../../arm-none-eabi/lib/armv7-m\libnosys.a(kill.o)
                0x0800b904                _kill
 .text._lseek   0x0800b918       0x14 c:/programy/gccarm/bin/../lib/gcc/arm-none-eabi/4.7.3/../../../../arm-none-eabi/lib/armv7-m\libnosys.a(lseek.o)
                0x0800b918                _lseek
 .text._read    0x0800b92c       0x14 c:/programy/gccarm/bin/../lib/gcc/arm-none-eabi/4.7.3/../../../../arm-none-eabi/lib/armv7-m\libnosys.a(read.o)
                0x0800b92c                _read
 .text._sbrk    0x0800b940       0x34 c:/programy/gccarm/bin/../lib/gcc/arm-none-eabi/4.7.3/../../../../arm-none-eabi/lib/armv7-m\libnosys.a(sbrk.o)
                0x0800b940                _sbrk
 .text._write   0x0800b974       0x14 c:/programy/gccarm/bin/../lib/gcc/arm-none-eabi/4.7.3/../../../../arm-none-eabi/lib/armv7-m\libnosys.a(write.o)
                0x0800b974                _write
 .text._exit    0x0800b988        0x4 c:/programy/gccarm/bin/../lib/gcc/arm-none-eabi/4.7.3/../../../../arm-none-eabi/lib/armv7-m\libnosys.a(_exit.o)
                0x0800b988                _exit
                0x0800b98c                . = ALIGN (0x4)
 *(.rodata*)
 .rodata        0x0800b98c       0x14 adiv5.o
 .rodata.str1.4
                0x0800b9a0        0x8 adiv5_jtagdp.o
 .rodata.str1.4
                0x0800b9a8        0xc adiv5_swdp.o
                                 0x14 (size before relaxing)
 .rodata        0x0800b9b4        0xc arm7tdmi.o
 .rodata        0x0800b9c0       0x60 command.o
                0x0800b9c0                cmd_list
 .rodata.str1.4
                0x0800ba20      0x353 command.o
                                0x35c (size before relaxing)
 *fill*         0x0800bd73        0x1 00
 .rodata        0x0800bd74      0xc0c cortexm.o
                0x0800c25c                cortexm_cmd_list
 .rodata.str1.4
                0x0800c980      0x179 cortexm.o
                                0x180 (size before relaxing)
 *fill*         0x0800caf9        0x3 00
 .rodata.str1.4
                0x0800cafc      0x176 gdb_main.o
                                0x190 (size before relaxing)
 *fill*         0x0800cc72        0x2 00
 .rodata.str1.4
                0x0800cc74        0x5 gdb_packet.o
                                  0x8 (size before relaxing)
 *fill*         0x0800cc79        0x3 00
 .rodata        0x0800cc7c       0x14 hex_utils.o
 .rodata        0x0800cc90      0x10c jtag_scan.o
 .rodata.str1.4
                0x0800cd9c      0x208 jtag_scan.o
                                0x214 (size before relaxing)
 .rodata        0x0800cfa4       0xf0 lmi.o
 .rodata        0x0800d094       0xe0 lpc11xx.o
 .rodata.str1.4
                0x0800d174        0x8 lpc11xx.o
 .rodata        0x0800d17c      0x2d4 lpc43xx.o
                0x0800d438                lpc43xx_cmd_list
 .rodata.str1.4
                0x0800d450       0x76 lpc43xx.o
                                 0x78 (size before relaxing)
 *fill*         0x0800d4c6        0x2 00
 .rodata        0x0800d4c8        0x8 main.o
 .rodata.str1.4
                0x0800d4d0       0x1d main.o
                                 0x20 (size before relaxing)
 *fill*         0x0800d4ed        0x3 00
 .rodata.str1.4
                0x0800d4f0        0x8 platform.o
 .rodata        0x0800d4f8      0x254 sam3x.o
                0x0800d610                sam3x_cmd_list
 .rodata.str1.4
                0x0800d74c       0x96 sam3x.o
                                 0x98 (size before relaxing)
 *fill*         0x0800d7e2        0x2 00
 .rodata        0x0800d7e4      0x228 stm32f1.o
                0x0800d8d8                stm32f1_cmd_list
 .rodata.str1.4
                0x0800da0c       0xa8 stm32f1.o
                                 0xd0 (size before relaxing)
 .rodata        0x0800dab4      0x398 stm32f4.o
                0x0800de28                stm32f4_cmd_list
 .rodata.str1.4
                0x0800de4c       0x74 stm32f4.o
                                 0xf8 (size before relaxing)
 .rodata        0x0800dec0       0xe8 stm32l1.o
 .rodata        0x0800dfa8      0x154 cdcacm.o
                0x0800dfcc                dfu_iface
                0x0800dfe4                dfu_function
 .rodata.str1.4
                0x0800e0fc       0xb0 cdcacm.o
 .rodata.CSWTCH.22
                0x0800e1ac       0x30 ../libopencm3/lib\libopencm3_stm32f1.a(usb_standard.o)
 .rodata.CSWTCH.19
                0x0800e1dc       0x28 ../libopencm3/lib\libopencm3_stm32f1.a(usb_standard.o)
 .rodata        0x0800e204        0x8 ../libopencm3/lib\libopencm3_stm32f1.a(usb_f103.o)
 .rodata.stm32f103_usb_driver
                0x0800e20c       0x34 ../libopencm3/lib\libopencm3_stm32f1.a(usb_f103.o)
                0x0800e20c                stm32f103_usb_driver
 .rodata.str1.1
                0x0800e240       0x3c c:/programy/gccarm/bin/../lib/gcc/arm-none-eabi/4.7.3/../../../../arm-none-eabi/lib/armv7-m\libc_s.a(lib_a-assert.o)
                                 0x3d (size before relaxing)
 .rodata.str1.1
                0x0800e27c        0x2 c:/programy/gccarm/bin/../lib/gcc/arm-none-eabi/4.7.3/../../../../arm-none-eabi/lib/armv7-m\libc_s.a(lib_a-impure.o)
 *fill*         0x0800e27e        0x2 00
 .rodata._global_impure_ptr
                0x0800e280        0x4 c:/programy/gccarm/bin/../lib/gcc/arm-none-eabi/4.7.3/../../../../arm-none-eabi/lib/armv7-m\libc_s.a(lib_a-impure.o)
                0x0800e280                _global_impure_ptr
 .rodata.str1.1
                0x0800e284       0x11 c:/programy/gccarm/bin/../lib/gcc/arm-none-eabi/4.7.3/../../../../arm-none-eabi/lib/armv7-m\libc_s.a(lib_a-svfprintf.o)
 .rodata.str1.1
                0x00000000       0x11 c:/programy/gccarm/bin/../lib/gcc/arm-none-eabi/4.7.3/../../../../arm-none-eabi/lib/armv7-m\libc_s.a(lib_a-vfprintf.o)
 .rodata.str1.1
                0x0800e295       0x22 c:/programy/gccarm/bin/../lib/gcc/arm-none-eabi/4.7.3/../../../../arm-none-eabi/lib/armv7-m\libc_s.a(lib_a-vfprintf_i.o)
 *fill*         0x0800e2b7        0x1 00
 .rodata        0x0800e2b8        0xc c:/programy/gccarm/bin/../lib/gcc/arm-none-eabi/4.7.3/../../../../arm-none-eabi/lib/armv7-m\libc_s.a(lib_a-vfscanf_i.o)
 .rodata.str1.1
                0x0800e2c4       0x1b c:/programy/gccarm/bin/../lib/gcc/arm-none-eabi/4.7.3/../../../../arm-none-eabi/lib/armv7-m\libc_s.a(lib_a-vfscanf_i.o)
 .rodata._ctype_
                0x0800e2df      0x101 c:/programy/gccarm/bin/../lib/gcc/arm-none-eabi/4.7.3/../../../../arm-none-eabi/lib/armv7-m\libc_s.a(lib_a-ctype_.o)
                0x0800e2df                _ctype_
 .rodata.__sf_fake_stdin
                0x0800e3e0       0x20 c:/programy/gccarm/bin/../lib/gcc/arm-none-eabi/4.7.3/../../../../arm-none-eabi/lib/armv7-m\libc_s.a(lib_a-findfp.o)
                0x0800e3e0                __sf_fake_stdin
 .rodata.__sf_fake_stdout
                0x0800e400       0x20 c:/programy/gccarm/bin/../lib/gcc/arm-none-eabi/4.7.3/../../../../arm-none-eabi/lib/armv7-m\libc_s.a(lib_a-findfp.o)
                0x0800e400                __sf_fake_stdout
 .rodata.__sf_fake_stderr
                0x0800e420       0x20 c:/programy/gccarm/bin/../lib/gcc/arm-none-eabi/4.7.3/../../../../arm-none-eabi/lib/armv7-m\libc_s.a(lib_a-findfp.o)
                0x0800e420                __sf_fake_stderr
                0x0800e440                . = ALIGN (0x4)

.glue_7         0x0800e440        0x0
 .glue_7        0x00000000        0x0 linker stubs

.glue_7t        0x0800e440        0x0
 .glue_7t       0x00000000        0x0 linker stubs

.vfp11_veneer   0x0800e440        0x0
 .vfp11_veneer  0x00000000        0x0 linker stubs

.v4_bx          0x0800e440        0x0
 .v4_bx         0x00000000        0x0 linker stubs

.iplt           0x0800e440        0x0
 .iplt          0x00000000        0x0 adiv5.o

.rel.dyn        0x0800e440        0x0
 .rel.iplt      0x00000000        0x0 adiv5.o

.preinit_array  0x0800e440        0x0
                0x0800e440                . = ALIGN (0x4)
                0x0800e440                __preinit_array_start = .
 *(.preinit_array)
                0x0800e440                __preinit_array_end = .

.init_array     0x0800e440        0x0
                0x0800e440                . = ALIGN (0x4)
                0x0800e440                __init_array_start = .
 *(SORT(.init_array.*))
 *(.init_array)
                0x0800e440                __init_array_end = .

.fini_array     0x0800e440        0x0
                0x0800e440                . = ALIGN (0x4)
                0x0800e440                __fini_array_start = .
 *(.fini_array)
 *(SORT(.fini_array.*))
                0x0800e440                __fini_array_end = .

.ARM.extab
 *(.ARM.extab*)

.ARM.exidx      0x0800e440        0x0
                0x0800e440                __exidx_start = .
 *(.ARM.exidx*)
                0x0800e440                __exidx_end = .
                0x0800e440                . = ALIGN (0x4)
                0x0800e440                _etext = .

.data           0x20000000      0x130 load address 0x0800e440
                0x20000000                _data = .
 *(.data*)
 .data          0x20000000       0x10 cortexm.o
 .data          0x20000010       0x30 lmi.o
                0x20000010                lmi_flash_write_stub
 .data          0x20000040        0x4 platform.o
 .data          0x20000044       0x2c stm32f1.o
                0x20000044                stm32f1_flash_write_stub
 .data          0x20000070       0x30 stm32f4.o
                0x20000070                stm32f4_flash_write_stub
 .data          0x200000a0       0x1c cdcacm.o
 .data.rcc_ppre1_frequency
                0x200000bc        0x4 ../libopencm3/lib\libopencm3_stm32f1.a(rcc.o)
                0x200000bc                rcc_ppre1_frequency
 .data.rcc_ppre2_frequency
                0x200000c0        0x4 ../libopencm3/lib\libopencm3_stm32f1.a(rcc.o)
                0x200000c0                rcc_ppre2_frequency
 .data.impure_data
                0x200000c4       0x64 c:/programy/gccarm/bin/../lib/gcc/arm-none-eabi/4.7.3/../../../../arm-none-eabi/lib/armv7-m\libc_s.a(lib_a-impure.o)
 .data._impure_ptr
                0x20000128        0x4 c:/programy/gccarm/bin/../lib/gcc/arm-none-eabi/4.7.3/../../../../arm-none-eabi/lib/armv7-m\libc_s.a(lib_a-impure.o)
                0x20000128                _impure_ptr
 .data.__ctype_ptr__
                0x2000012c        0x4 c:/programy/gccarm/bin/../lib/gcc/arm-none-eabi/4.7.3/../../../../arm-none-eabi/lib/armv7-m\libc_s.a(lib_a-ctype_.o)
                0x2000012c                __ctype_ptr__
                0x20000130                . = ALIGN (0x4)
                0x20000130                _edata = .
                0x0800e440                _data_loadaddr = LOADADDR (.data)

.igot.plt       0x20000130        0x0 load address 0x0800e570
 .igot.plt      0x00000000        0x0 adiv5.o

.bss            0x20000130      0x948 load address 0x0800e570
 *(.bss*)
 .bss           0x20000130       0xd0 gdb_if.o
 .bss           0x20000200      0x40c gdb_main.o
 .bss           0x2000060c      0x128 lpc11xx.o
 .bss           0x20000734        0x1 swdptap.o
 *fill*         0x20000735        0x3 00
 .bss           0x20000738        0x4 target.o
                0x20000738                target_list
 .bss           0x2000073c        0x4 cdcacm.o
 .bss           0x20000740       0x44 usbuart.o
 .bss.usbd_dev  0x20000784       0xe8 ../libopencm3/lib\libopencm3_stm32f1.a(usb_f103.o)
 .bss.force_nak
                0x2000086c        0x8 ../libopencm3/lib\libopencm3_stm32f1.a(usb_f103.o)
 .bss.__malloc_free_list
                0x20000874        0x4 c:/programy/gccarm/bin/../lib/gcc/arm-none-eabi/4.7.3/../../../../arm-none-eabi/lib/armv7-m\libc_s.a(lib_a-mallocr.o)
                0x20000874                __malloc_free_list
 .bss.heap_end.4231
                0x20000878        0x4 c:/programy/gccarm/bin/../lib/gcc/arm-none-eabi/4.7.3/../../../../arm-none-eabi/lib/armv7-m\libnosys.a(sbrk.o)
 *(COMMON)
 COMMON         0x2000087c       0x7c jtag_scan.o
                0x2000087c                jtag_dev_count
                0x20000880                jtag_devs
 COMMON         0x200008f8       0x69 platform.o
                0x200008f8                morse_msg
                0x200008fc                led_idle_run
                0x20000900                timeout_counter
                0x20000904                fatal_error_jmpbuf
                0x20000960                running_status
 COMMON         0x20000961        0x1 target.o
                0x20000961                connect_assert_srst
 *fill*         0x20000962        0x2 00
 COMMON         0x20000964      0x10d cdcacm.o
                0x20000964                usbdev
                0x20000968                usbd_control_buffer
                0x20000a68                serial_no
 *fill*         0x20000a71        0x3 00
 COMMON         0x20000a74        0x4 c:/programy/gccarm/bin/../lib/gcc/arm-none-eabi/4.7.3/../../../../arm-none-eabi/lib/armv7-m\libc_s.a(lib_a-reent.o)
                0x20000a74                errno
                0x20000a78                . = ALIGN (0x4)
                0x20000a78                _ebss = .

/DISCARD/
 *(.eh_frame)
                0x20000a78                . = ALIGN (0x4)
                0x20000a78                end = .
                0x20005000                PROVIDE (_stack, (ORIGIN (ram) + 0x5000))
LOAD c:/programy/gccarm/bin/../lib/gcc/arm-none-eabi/4.7.3/../../../../arm-none-eabi/lib/armv7-m\libc_s.a
LOAD c:/programy/gccarm/bin/../lib/gcc/arm-none-eabi/4.7.3/../../../../arm-none-eabi/lib/armv7-m\libnosys.a
Address of section .text set to 0x8002000
START GROUP
LOAD c:/programy/gccarm/bin/../lib/gcc/arm-none-eabi/4.7.3/armv7-m\libgcc.a
LOAD c:/programy/gccarm/bin/../lib/gcc/arm-none-eabi/4.7.3/../../../../arm-none-eabi/lib/armv7-m\libc_s.a
END GROUP
OUTPUT(blackmagic.elf elf32-littlearm)

.debug_info     0x00000000    0x1c3c1
 .debug_info    0x00000000     0x1d09 adiv5.o
 .debug_info    0x00001d09      0x6bb adiv5_jtagdp.o
 .debug_info    0x000023c4      0xd80 adiv5_swdp.o
 .debug_info    0x00003144      0xe22 arm7tdmi.o
 .debug_info    0x00003f66      0xd5d command.o
 .debug_info    0x00004cc3     0x28e3 cortexm.o
 .debug_info    0x000075a6      0x6b6 crc32.o
 .debug_info    0x00007c5c      0x3ed gdb_if.o
 .debug_info    0x00008049     0x15d6 gdb_main.o
 .debug_info    0x0000961f      0x6a2 gdb_packet.o
 .debug_info    0x00009cc1      0x1f2 hex_utils.o
 .debug_info    0x00009eb3      0xc2b jtag_scan.o
 .debug_info    0x0000aade      0xc29 jtagtap.o
 .debug_info    0x0000b707      0xc88 lmi.o
 .debug_info    0x0000c38f      0xd55 lpc11xx.o
 .debug_info    0x0000d0e4     0x12ad lpc43xx.o
 .debug_info    0x0000e391      0x1d1 main.o
 .debug_info    0x0000e562      0x74d platform.o
 .debug_info    0x0000ecaf     0x1267 sam3x.o
 .debug_info    0x0000ff16     0x1480 stm32f1.o
 .debug_info    0x00011396     0x119a stm32f4.o
 .debug_info    0x00012530      0xd76 stm32l1.o
 .debug_info    0x000132a6      0x896 swdptap.o
 .debug_info    0x00013b3c      0x72f target.o
 .debug_info    0x0001426b     0x10d5 cdcacm.o
 .debug_info    0x00015340      0x702 usbuart.o
 .debug_info    0x00015a42      0x1be ../libopencm3/lib\libopencm3_stm32f1.a(gpio.o)
 .debug_info    0x00015c00     0x1194 ../libopencm3/lib\libopencm3_stm32f1.a(rcc.o)
 .debug_info    0x00016d94      0x225 ../libopencm3/lib\libopencm3_stm32f1.a(gpio_common_all.o)
 .debug_info    0x00016fb9      0x521 ../libopencm3/lib\libopencm3_stm32f1.a(usart_common_all.o)
 .debug_info    0x000174da      0x1bd ../libopencm3/lib\libopencm3_stm32f1.a(usart_common_f124.o)
 .debug_info    0x00017697      0xe10 ../libopencm3/lib\libopencm3_stm32f1.a(usb.o)
 .debug_info    0x000184a7      0xf13 ../libopencm3/lib\libopencm3_stm32f1.a(usb_control.o)
 .debug_info    0x000193ba     0x141f ../libopencm3/lib\libopencm3_stm32f1.a(usb_standard.o)
 .debug_info    0x0001a7d9     0x10f7 ../libopencm3/lib\libopencm3_stm32f1.a(usb_f103.o)
 .debug_info    0x0001b8d0      0x2d2 ../libopencm3/lib\libopencm3_stm32f1.a(vector.o)
 .debug_info    0x0001bba2      0x190 ../libopencm3/lib\libopencm3_stm32f1.a(systick.o)
 .debug_info    0x0001bd32       0xd8 ../libopencm3/lib\libopencm3_stm32f1.a(scb.o)
 .debug_info    0x0001be0a      0x217 ../libopencm3/lib\libopencm3_stm32f1.a(nvic.o)
 .debug_info    0x0001c021      0x3a0 ../libopencm3/lib\libopencm3_stm32f1.a(flash.o)

.debug_abbrev   0x00000000     0x5748
 .debug_abbrev  0x00000000      0x469 adiv5.o
 .debug_abbrev  0x00000469      0x217 adiv5_jtagdp.o
 .debug_abbrev  0x00000680      0x232 adiv5_swdp.o
 .debug_abbrev  0x000008b2      0x32b arm7tdmi.o
 .debug_abbrev  0x00000bdd      0x28d command.o
 .debug_abbrev  0x00000e6a      0x3ad cortexm.o
 .debug_abbrev  0x00001217      0x114 crc32.o
 .debug_abbrev  0x0000132b      0x183 gdb_if.o
 .debug_abbrev  0x000014ae      0x366 gdb_main.o
 .debug_abbrev  0x00001814      0x1bc gdb_packet.o
 .debug_abbrev  0x000019d0      0x129 hex_utils.o
 .debug_abbrev  0x00001af9      0x240 jtag_scan.o
 .debug_abbrev  0x00001d39      0x224 jtagtap.o
 .debug_abbrev  0x00001f5d      0x29c lmi.o
 .debug_abbrev  0x000021f9      0x2ba lpc11xx.o
 .debug_abbrev  0x000024b3      0x347 lpc43xx.o
 .debug_abbrev  0x000027fa      0x127 main.o
 .debug_abbrev  0x00002921      0x295 platform.o
 .debug_abbrev  0x00002bb6      0x32e sam3x.o
 .debug_abbrev  0x00002ee4      0x371 stm32f1.o
 .debug_abbrev  0x00003255      0x359 stm32f4.o
 .debug_abbrev  0x000035ae      0x283 stm32l1.o
 .debug_abbrev  0x00003831      0x1ff swdptap.o
 .debug_abbrev  0x00003a30      0x1ba target.o
 .debug_abbrev  0x00003bea      0x326 cdcacm.o
 .debug_abbrev  0x00003f10      0x20b usbuart.o
 .debug_abbrev  0x0000411b       0xd0 ../libopencm3/lib\libopencm3_stm32f1.a(gpio.o)
 .debug_abbrev  0x000041eb      0x247 ../libopencm3/lib\libopencm3_stm32f1.a(rcc.o)
 .debug_abbrev  0x00004432       0xfe ../libopencm3/lib\libopencm3_stm32f1.a(gpio_common_all.o)
 .debug_abbrev  0x00004530      0x144 ../libopencm3/lib\libopencm3_stm32f1.a(usart_common_all.o)
 .debug_abbrev  0x00004674       0xb6 ../libopencm3/lib\libopencm3_stm32f1.a(usart_common_f124.o)
 .debug_abbrev  0x0000472a      0x1ec ../libopencm3/lib\libopencm3_stm32f1.a(usb.o)
 .debug_abbrev  0x00004916      0x316 ../libopencm3/lib\libopencm3_stm32f1.a(usb_control.o)
 .debug_abbrev  0x00004c2c      0x3aa ../libopencm3/lib\libopencm3_stm32f1.a(usb_standard.o)
 .debug_abbrev  0x00004fd6      0x39a ../libopencm3/lib\libopencm3_stm32f1.a(usb_f103.o)
 .debug_abbrev  0x00005370      0x12a ../libopencm3/lib\libopencm3_stm32f1.a(vector.o)
 .debug_abbrev  0x0000549a       0x94 ../libopencm3/lib\libopencm3_stm32f1.a(systick.o)
 .debug_abbrev  0x0000552e       0x78 ../libopencm3/lib\libopencm3_stm32f1.a(scb.o)
 .debug_abbrev  0x000055a6       0xa5 ../libopencm3/lib\libopencm3_stm32f1.a(nvic.o)
 .debug_abbrev  0x0000564b       0xfd ../libopencm3/lib\libopencm3_stm32f1.a(flash.o)

.debug_loc      0x00000000     0xd086
 .debug_loc     0x00000000     0x143c adiv5.o
 .debug_loc     0x0000143c      0x303 adiv5_jtagdp.o
 .debug_loc     0x0000173f      0x435 adiv5_swdp.o
 .debug_loc     0x00001b74      0x478 arm7tdmi.o
 .debug_loc     0x00001fec      0x547 command.o
 .debug_loc     0x00002533     0x13b4 cortexm.o
 .debug_loc     0x000038e7      0x425 crc32.o
 .debug_loc     0x00003d0c      0x154 gdb_if.o
 .debug_loc     0x00003e60      0x792 gdb_main.o
 .debug_loc     0x000045f2      0x2fd gdb_packet.o
 .debug_loc     0x000048ef      0x24d hex_utils.o
 .debug_loc     0x00004b3c      0x2b2 jtag_scan.o
 .debug_loc     0x00004dee     0x103c jtagtap.o
 .debug_loc     0x00005e2a      0x319 lmi.o
 .debug_loc     0x00006143      0x435 lpc11xx.o
 .debug_loc     0x00006578      0x71e lpc43xx.o
 .debug_loc     0x00006c96       0x62 main.o
 .debug_loc     0x00006cf8      0x1ec platform.o
 .debug_loc     0x00006ee4      0x6cc sam3x.o
 .debug_loc     0x000075b0      0x845 stm32f1.o
 .debug_loc     0x00007df5      0x703 stm32f4.o
 .debug_loc     0x000084f8      0x430 stm32l1.o
 .debug_loc     0x00008928      0x96d swdptap.o
 .debug_loc     0x00009295      0x1d3 target.o
 .debug_loc     0x00009468      0x39c cdcacm.o
 .debug_loc     0x00009804      0x205 usbuart.o
 .debug_loc     0x00009a09      0x16b ../libopencm3/lib\libopencm3_stm32f1.a(gpio.o)
 .debug_loc     0x00009b74      0xa5a ../libopencm3/lib\libopencm3_stm32f1.a(rcc.o)
 .debug_loc     0x0000a5ce       0x84 ../libopencm3/lib\libopencm3_stm32f1.a(gpio_common_all.o)
 .debug_loc     0x0000a652      0x1d8 ../libopencm3/lib\libopencm3_stm32f1.a(usart_common_all.o)
 .debug_loc     0x0000a82a       0xd4 ../libopencm3/lib\libopencm3_stm32f1.a(usart_common_f124.o)
 .debug_loc     0x0000a8fe      0x4cd ../libopencm3/lib\libopencm3_stm32f1.a(usb.o)
 .debug_loc     0x0000adcb      0x52d ../libopencm3/lib\libopencm3_stm32f1.a(usb_control.o)
 .debug_loc     0x0000b2f8      0xf86 ../libopencm3/lib\libopencm3_stm32f1.a(usb_standard.o)
 .debug_loc     0x0000c27e      0x978 ../libopencm3/lib\libopencm3_stm32f1.a(usb_f103.o)
 .debug_loc     0x0000cbf6       0xdb ../libopencm3/lib\libopencm3_stm32f1.a(vector.o)
 .debug_loc     0x0000ccd1       0x42 ../libopencm3/lib\libopencm3_stm32f1.a(systick.o)
 .debug_loc     0x0000cd13       0x21 ../libopencm3/lib\libopencm3_stm32f1.a(scb.o)
 .debug_loc     0x0000cd34      0x142 ../libopencm3/lib\libopencm3_stm32f1.a(nvic.o)
 .debug_loc     0x0000ce76      0x210 ../libopencm3/lib\libopencm3_stm32f1.a(flash.o)

.debug_aranges  0x00000000      0xa08
 .debug_aranges
                0x00000000       0x20 adiv5.o
 .debug_aranges
                0x00000020       0x20 adiv5_jtagdp.o
 .debug_aranges
                0x00000040       0x20 adiv5_swdp.o
 .debug_aranges
                0x00000060       0x20 arm7tdmi.o
 .debug_aranges
                0x00000080       0x20 command.o
 .debug_aranges
                0x000000a0       0x20 cortexm.o
 .debug_aranges
                0x000000c0       0x20 crc32.o
 .debug_aranges
                0x000000e0       0x20 gdb_if.o
 .debug_aranges
                0x00000100       0x20 gdb_main.o
 .debug_aranges
                0x00000120       0x20 gdb_packet.o
 .debug_aranges
                0x00000140       0x20 hex_utils.o
 .debug_aranges
                0x00000160       0x20 jtag_scan.o
 .debug_aranges
                0x00000180       0x20 jtagtap.o
 .debug_aranges
                0x000001a0       0x20 lmi.o
 .debug_aranges
                0x000001c0       0x20 lpc11xx.o
 .debug_aranges
                0x000001e0       0x20 lpc43xx.o
 .debug_aranges
                0x00000200       0x20 main.o
 .debug_aranges
                0x00000220       0x20 platform.o
 .debug_aranges
                0x00000240       0x20 sam3x.o
 .debug_aranges
                0x00000260       0x20 stm32f1.o
 .debug_aranges
                0x00000280       0x20 stm32f4.o
 .debug_aranges
                0x000002a0       0x20 stm32l1.o
 .debug_aranges
                0x000002c0       0x20 swdptap.o
 .debug_aranges
                0x000002e0       0x20 target.o
 .debug_aranges
                0x00000300       0x20 cdcacm.o
 .debug_aranges
                0x00000320       0x20 usbuart.o
 .debug_aranges
                0x00000340       0x38 ../libopencm3/lib\libopencm3_stm32f1.a(gpio.o)
 .debug_aranges
                0x00000378      0x170 ../libopencm3/lib\libopencm3_stm32f1.a(rcc.o)
 .debug_aranges
                0x000004e8       0x50 ../libopencm3/lib\libopencm3_stm32f1.a(gpio_common_all.o)
 .debug_aranges
                0x00000538       0xb8 ../libopencm3/lib\libopencm3_stm32f1.a(usart_common_all.o)
 .debug_aranges
                0x000005f0       0x48 ../libopencm3/lib\libopencm3_stm32f1.a(usart_common_f124.o)
 .debug_aranges
                0x00000638       0x88 ../libopencm3/lib\libopencm3_stm32f1.a(usb.o)
 .debug_aranges
                0x000006c0       0x60 ../libopencm3/lib\libopencm3_stm32f1.a(usb_control.o)
 .debug_aranges
                0x00000720       0x98 ../libopencm3/lib\libopencm3_stm32f1.a(usb_standard.o)
 .debug_aranges
                0x000007b8       0x68 ../libopencm3/lib\libopencm3_stm32f1.a(usb_f103.o)
 .debug_aranges
                0x00000820       0x30 ../libopencm3/lib\libopencm3_stm32f1.a(vector.o)
 .debug_aranges
                0x00000850       0x68 ../libopencm3/lib\libopencm3_stm32f1.a(systick.o)
 .debug_aranges
                0x000008b8       0x30 ../libopencm3/lib\libopencm3_stm32f1.a(scb.o)
 .debug_aranges
                0x000008e8       0x60 ../libopencm3/lib\libopencm3_stm32f1.a(nvic.o)
 .debug_aranges
                0x00000948       0xc0 ../libopencm3/lib\libopencm3_stm32f1.a(flash.o)

.debug_ranges   0x00000000     0x2a88
 .debug_ranges  0x00000000      0x340 adiv5.o
 .debug_ranges  0x00000340       0x80 arm7tdmi.o
 .debug_ranges  0x000003c0       0x30 command.o
 .debug_ranges  0x000003f0      0x1f0 cortexm.o
 .debug_ranges  0x000005e0      0x1c8 gdb_main.o
 .debug_ranges  0x000007a8       0xb0 hex_utils.o
 .debug_ranges  0x00000858       0x38 jtag_scan.o
 .debug_ranges  0x00000890      0xea0 jtagtap.o
 .debug_ranges  0x00001730       0x40 lmi.o
 .debug_ranges  0x00001770       0x20 lpc11xx.o
 .debug_ranges  0x00001790      0x1c0 lpc43xx.o
 .debug_ranges  0x00001950       0x10 main.o
 .debug_ranges  0x00001960       0x60 platform.o
 .debug_ranges  0x000019c0       0x88 sam3x.o
 .debug_ranges  0x00001a48       0x18 stm32f4.o
 .debug_ranges  0x00001a60       0x18 stm32l1.o
 .debug_ranges  0x00001a78      0x7b8 swdptap.o
 .debug_ranges  0x00002230       0x18 target.o
 .debug_ranges  0x00002248       0x68 cdcacm.o
 .debug_ranges  0x000022b0       0x30 usbuart.o
 .debug_ranges  0x000022e0       0x28 ../libopencm3/lib\libopencm3_stm32f1.a(gpio.o)
 .debug_ranges  0x00002308      0x160 ../libopencm3/lib\libopencm3_stm32f1.a(rcc.o)
 .debug_ranges  0x00002468       0x40 ../libopencm3/lib\libopencm3_stm32f1.a(gpio_common_all.o)
 .debug_ranges  0x000024a8       0xa8 ../libopencm3/lib\libopencm3_stm32f1.a(usart_common_all.o)
 .debug_ranges  0x00002550       0x38 ../libopencm3/lib\libopencm3_stm32f1.a(usart_common_f124.o)
 .debug_ranges  0x00002588       0x78 ../libopencm3/lib\libopencm3_stm32f1.a(usb.o)
 .debug_ranges  0x00002600       0x50 ../libopencm3/lib\libopencm3_stm32f1.a(usb_control.o)
 .debug_ranges  0x00002650      0x108 ../libopencm3/lib\libopencm3_stm32f1.a(usb_standard.o)
 .debug_ranges  0x00002758      0x198 ../libopencm3/lib\libopencm3_stm32f1.a(usb_f103.o)
 .debug_ranges  0x000028f0       0x20 ../libopencm3/lib\libopencm3_stm32f1.a(vector.o)
 .debug_ranges  0x00002910       0x58 ../libopencm3/lib\libopencm3_stm32f1.a(systick.o)
 .debug_ranges  0x00002968       0x20 ../libopencm3/lib\libopencm3_stm32f1.a(scb.o)
 .debug_ranges  0x00002988       0x50 ../libopencm3/lib\libopencm3_stm32f1.a(nvic.o)
 .debug_ranges  0x000029d8       0xb0 ../libopencm3/lib\libopencm3_stm32f1.a(flash.o)

.debug_macro    0x00000000     0x8fcc
 .debug_macro   0x00000000      0x234 adiv5.o
 .debug_macro   0x00000234      0x820 adiv5.o
 .debug_macro   0x00000a54       0x3a adiv5.o
 .debug_macro   0x00000a8e       0x10 adiv5.o
 .debug_macro   0x00000a9e       0x2e adiv5.o
 .debug_macro   0x00000acc       0xa3 adiv5.o
 .debug_macro   0x00000b6f       0x10 adiv5.o
 .debug_macro   0x00000b7f       0x89 adiv5.o
 .debug_macro   0x00000c08       0x10 adiv5.o
 .debug_macro   0x00000c18       0x3a adiv5.o
 .debug_macro   0x00000c52       0x52 adiv5.o
 .debug_macro   0x00000ca4       0x19 adiv5.o
 .debug_macro   0x00000cbd      0x16d adiv5.o
 .debug_macro   0x00000e2a       0x10 adiv5.o
 .debug_macro   0x00000e3a       0xf5 adiv5.o
 .debug_macro   0x00000f2f       0x22 adiv5.o
 .debug_macro   0x00000f51       0x91 adiv5.o
 .debug_macro   0x00000fe2       0x16 adiv5.o
 .debug_macro   0x00000ff8      0x16d adiv5.o
 .debug_macro   0x00001165       0x10 adiv5.o
 .debug_macro   0x00001175       0x35 adiv5.o
 .debug_macro   0x000011aa       0x16 adiv5.o
 .debug_macro   0x000011c0       0x23 adiv5.o
 .debug_macro   0x000011e3       0x52 adiv5.o
 .debug_macro   0x00001235      0x184 adiv5.o
 .debug_macro   0x000013b9      0x214 adiv5.o
 .debug_macro   0x000015cd       0x22 adiv5.o
 .debug_macro   0x000015ef       0xfa adiv5.o
 .debug_macro   0x000016e9       0x70 adiv5.o
 .debug_macro   0x00001759      0xdbf adiv5.o
 .debug_macro   0x00002518      0x16c adiv5.o
 .debug_macro   0x00002684       0x10 adiv5.o
 .debug_macro   0x00002694       0x10 adiv5.o
 .debug_macro   0x000026a4       0x1c adiv5.o
 .debug_macro   0x000026c0      0x16c adiv5.o
 .debug_macro   0x0000282c       0x10 adiv5.o
 .debug_macro   0x0000283c       0x8e adiv5.o
 .debug_macro   0x000028ca      0x130 adiv5.o
 .debug_macro   0x000029fa      0x206 adiv5_jtagdp.o
 .debug_macro   0x00002c00      0x20e adiv5_jtagdp.o
 .debug_macro   0x00002e0e       0x10 adiv5_jtagdp.o
 .debug_macro   0x00002e1e       0x22 adiv5_jtagdp.o
 .debug_macro   0x00002e40       0x16 adiv5_jtagdp.o
 .debug_macro   0x00002e56       0x22 adiv5_jtagdp.o
 .debug_macro   0x00002e78       0x89 adiv5_jtagdp.o
 .debug_macro   0x00002f01      0x20a adiv5_swdp.o
 .debug_macro   0x0000310b      0x2b9 arm7tdmi.o
 .debug_macro   0x000033c4       0x88 arm7tdmi.o
 .debug_macro   0x0000344c      0x1d6 command.o
 .debug_macro   0x00003622      0x100 command.o
 .debug_macro   0x00003722       0x29 command.o
 .debug_macro   0x0000374b       0x12 command.o
 .debug_macro   0x0000375d       0x10 command.o
 .debug_macro   0x0000376d      0x559 cortexm.o
 .debug_macro   0x00003cc6      0x16c cortexm.o
 .debug_macro   0x00003e32       0x10 cortexm.o
 .debug_macro   0x00003e42      0x495 cortexm.o
 .debug_macro   0x000042d7      0x173 cortexm.o
 .debug_macro   0x0000444a      0x158 cortexm.o
 .debug_macro   0x000045a2       0x1c cortexm.o
 .debug_macro   0x000045be      0x1b1 crc32.o
 .debug_macro   0x0000476f       0x22 crc32.o
 .debug_macro   0x00004791      0x187 gdb_if.o
 .debug_macro   0x00004918      0x27f gdb_main.o
 .debug_macro   0x00004b97       0x16 gdb_main.o
 .debug_macro   0x00004bad      0x217 gdb_packet.o
 .debug_macro   0x00004dc4       0x52 gdb_packet.o
 .debug_macro   0x00004e16      0x105 hex_utils.o
 .debug_macro   0x00004f1b      0x23f jtag_scan.o
 .debug_macro   0x0000515a      0x1fd jtagtap.o
 .debug_macro   0x00005357      0x1c8 lmi.o
 .debug_macro   0x0000551f      0x255 lpc11xx.o
 .debug_macro   0x00005774       0x85 lpc11xx.o
 .debug_macro   0x000057f9      0x2a7 lpc43xx.o
 .debug_macro   0x00005aa0       0x43 lpc43xx.o
 .debug_macro   0x00005ae3      0x239 main.o
 .debug_macro   0x00005d1c      0x166 main.o
 .debug_macro   0x00005e82       0x76 main.o
 .debug_macro   0x00005ef8      0x224 platform.o
 .debug_macro   0x0000611c      0x735 platform.o
 .debug_macro   0x00006851       0x58 platform.o
 .debug_macro   0x000068a9      0x328 platform.o
 .debug_macro   0x00006bd1       0x70 platform.o
 .debug_macro   0x00006c41      0x1a2 platform.o
 .debug_macro   0x00006de3       0x8e platform.o
 .debug_macro   0x00006e71      0x273 platform.o
 .debug_macro   0x000070e4      0x864 platform.o
 .debug_macro   0x00007948       0x65 platform.o
 .debug_macro   0x000079ad       0xac platform.o
 .debug_macro   0x00007a59      0x2f2 sam3x.o
 .debug_macro   0x00007d4b      0x26e stm32f1.o
 .debug_macro   0x00007fb9      0x286 stm32f4.o
 .debug_macro   0x0000823f      0x25c stm32l1.o
 .debug_macro   0x0000849b      0x1de swdptap.o
 .debug_macro   0x00008679      0x1c5 target.o
 .debug_macro   0x0000883e      0x1ff cdcacm.o
 .debug_macro   0x00008a3d       0x6a cdcacm.o
 .debug_macro   0x00008aa7       0x28 cdcacm.o
 .debug_macro   0x00008acf      0x18a cdcacm.o
 .debug_macro   0x00008c59      0x1e6 usbuart.o
 .debug_macro   0x00008e3f      0x18d usbuart.o

.debug_line     0x00000000     0xb3b9
 .debug_line    0x00000000      0x931 adiv5.o
 .debug_line    0x00000931      0x4c3 adiv5_jtagdp.o
 .debug_line    0x00000df4      0x537 adiv5_swdp.o
 .debug_line    0x0000132b      0x526 arm7tdmi.o
 .debug_line    0x00001851      0x523 command.o
 .debug_line    0x00001d74      0xb5d cortexm.o
 .debug_line    0x000028d1      0x4c6 crc32.o
 .debug_line    0x00002d97      0x47a gdb_if.o
 .debug_line    0x00003211      0x6d5 gdb_main.o
 .debug_line    0x000038e6      0x538 gdb_packet.o
 .debug_line    0x00003e1e      0x2f3 hex_utils.o
 .debug_line    0x00004111      0x5bf jtag_scan.o
 .debug_line    0x000046d0      0x978 jtagtap.o
 .debug_line    0x00005048      0x4dc lmi.o
 .debug_line    0x00005524      0x50e lpc11xx.o
 .debug_line    0x00005a32      0x5f2 lpc43xx.o
 .debug_line    0x00006024      0x4a1 main.o
 .debug_line    0x000064c5      0x5cc platform.o
 .debug_line    0x00006a91      0x585 sam3x.o
 .debug_line    0x00007016      0x608 stm32f1.o
 .debug_line    0x0000761e      0x5a5 stm32f4.o
 .debug_line    0x00007bc3      0x513 stm32l1.o
 .debug_line    0x000080d6      0x7f0 swdptap.o
 .debug_line    0x000088c6      0x45e target.o
 .debug_line    0x00008d24      0x555 cdcacm.o
 .debug_line    0x00009279      0x541 usbuart.o
 .debug_line    0x000097ba       0xf2 ../libopencm3/lib\libopencm3_stm32f1.a(gpio.o)
 .debug_line    0x000098ac      0x4d6 ../libopencm3/lib\libopencm3_stm32f1.a(rcc.o)
 .debug_line    0x00009d82      0x11f ../libopencm3/lib\libopencm3_stm32f1.a(gpio_common_all.o)
 .debug_line    0x00009ea1      0x283 ../libopencm3/lib\libopencm3_stm32f1.a(usart_common_all.o)
 .debug_line    0x0000a124      0x126 ../libopencm3/lib\libopencm3_stm32f1.a(usart_common_f124.o)
 .debug_line    0x0000a24a      0x1eb ../libopencm3/lib\libopencm3_stm32f1.a(usb.o)
 .debug_line    0x0000a435      0x21c ../libopencm3/lib\libopencm3_stm32f1.a(usb_control.o)
 .debug_line    0x0000a651      0x379 ../libopencm3/lib\libopencm3_stm32f1.a(usb_standard.o)
 .debug_line    0x0000a9ca      0x388 ../libopencm3/lib\libopencm3_stm32f1.a(usb_f103.o)
 .debug_line    0x0000ad52       0xf8 ../libopencm3/lib\libopencm3_stm32f1.a(vector.o)
 .debug_line    0x0000ae4a      0x145 ../libopencm3/lib\libopencm3_stm32f1.a(systick.o)
 .debug_line    0x0000af8f       0xc4 ../libopencm3/lib\libopencm3_stm32f1.a(scb.o)
 .debug_line    0x0000b053      0x133 ../libopencm3/lib\libopencm3_stm32f1.a(nvic.o)
 .debug_line    0x0000b186      0x233 ../libopencm3/lib\libopencm3_stm32f1.a(flash.o)

.debug_str      0x00000000    0x19781
 .debug_str     0x00000000     0xb752 adiv5.o
                               0xbadc (size before relaxing)
 .debug_str     0x0000b752      0x21a adiv5_jtagdp.o
                               0xad7b (size before relaxing)
 .debug_str     0x0000b96c      0x149 adiv5_swdp.o
                               0xafb2 (size before relaxing)
 .debug_str     0x0000bab5      0x576 arm7tdmi.o
                               0xad36 (size before relaxing)
 .debug_str     0x0000c02b       0xfc command.o
                               0xae0d (size before relaxing)
 .debug_str     0x0000c127     0x1e9f cortexm.o
                               0xd97d (size before relaxing)
 .debug_str     0x0000dfc6       0xb9 crc32.o
                               0xa55e (size before relaxing)
 .debug_str     0x0000e07f      0x129 gdb_if.o
                               0x9d64 (size before relaxing)
 .debug_str     0x0000e1a8      0x20b gdb_main.o
                               0xbbff (size before relaxing)
 .debug_str     0x0000e3b3      0x122 gdb_packet.o
                               0xab6d (size before relaxing)
 .debug_str     0x0000e4d5       0x22 hex_utils.o
                               0x52fc (size before relaxing)
 .debug_str     0x0000e4f7       0xb5 jtag_scan.o
                               0xbab6 (size before relaxing)
 .debug_str     0x0000e5ac       0xb9 jtagtap.o
                               0xaae7 (size before relaxing)
 .debug_str     0x0000e665       0x62 lmi.o
                               0xadf7 (size before relaxing)
 .debug_str     0x0000e6c7      0x304 lpc11xx.o
                               0xb19c (size before relaxing)
 .debug_str     0x0000e9cb      0x34b lpc43xx.o
                               0xb3cd (size before relaxing)
 .debug_str     0x0000ed16       0x23 main.o
                               0xb1c6 (size before relaxing)
 .debug_str     0x0000ed39     0x7142 platform.o
                              0x10e9c (size before relaxing)
 .debug_str     0x00015e7b      0x676 sam3x.o
                               0xb482 (size before relaxing)
 .debug_str     0x000164f1      0x3c3 stm32f1.o
                               0xb201 (size before relaxing)
 .debug_str     0x000168b4      0x2d0 stm32f4.o
                               0xb19e (size before relaxing)
 .debug_str     0x00016b84      0x3fb stm32l1.o
                               0xb19e (size before relaxing)
 .debug_str     0x00016f7f       0x61 swdptap.o
                               0xa9d2 (size before relaxing)
 .debug_str     0x00016fe0       0x14 target.o
                               0xa6a3 (size before relaxing)
 .debug_str     0x00016ff4      0xa4c cdcacm.o
                               0xc14f (size before relaxing)
 .debug_str     0x00017a40      0x985 usbuart.o
                               0xde21 (size before relaxing)
 .debug_str     0x000183c5       0x9f ../libopencm3/lib\libopencm3_stm32f1.a(gpio.o)
                                0x1af (size before relaxing)
 .debug_str     0x00018464      0x3f4 ../libopencm3/lib\libopencm3_stm32f1.a(rcc.o)
                                0x5ab (size before relaxing)
 .debug_str     0x00018858       0x51 ../libopencm3/lib\libopencm3_stm32f1.a(gpio_common_all.o)
                                0x1a8 (size before relaxing)
 .debug_str     0x000188a9      0x184 ../libopencm3/lib\libopencm3_stm32f1.a(usart_common_all.o)
                                0x387 (size before relaxing)
 .debug_str     0x00018a2d       0x51 ../libopencm3/lib\libopencm3_stm32f1.a(usart_common_f124.o)
                                0x1bd (size before relaxing)
 .debug_str     0x00018a7e      0x2f8 ../libopencm3/lib\libopencm3_stm32f1.a(usb.o)
                                0x8b9 (size before relaxing)
 .debug_str     0x00018d76      0x150 ../libopencm3/lib\libopencm3_stm32f1.a(usb_control.o)
                                0x8ab (size before relaxing)
 .debug_str     0x00018ec6      0x26a ../libopencm3/lib\libopencm3_stm32f1.a(usb_standard.o)
                                0xa44 (size before relaxing)
 .debug_str     0x00019130      0x155 ../libopencm3/lib\libopencm3_stm32f1.a(usb_f103.o)
                                0x8ef (size before relaxing)
 .debug_str     0x00019285      0x1a0 ../libopencm3/lib\libopencm3_stm32f1.a(vector.o)
                                0x2c1 (size before relaxing)
 .debug_str     0x00019425       0x93 ../libopencm3/lib\libopencm3_stm32f1.a(systick.o)
                                0x213 (size before relaxing)
 .debug_str     0x000194b8       0x44 ../libopencm3/lib\libopencm3_stm32f1.a(scb.o)
                                0x16c (size before relaxing)
 .debug_str     0x000194fc       0xb2 ../libopencm3/lib\libopencm3_stm32f1.a(nvic.o)
                                0x1f9 (size before relaxing)
 .debug_str     0x000195ae      0x1d3 ../libopencm3/lib\libopencm3_stm32f1.a(flash.o)
                                0x314 (size before relaxing)

.comment        0x00000000       0x70
 .comment       0x00000000       0x70 adiv5.o
                                 0x71 (size before relaxing)
 .comment       0x00000000       0x71 adiv5_jtagdp.o
 .comment       0x00000000       0x71 adiv5_swdp.o
 .comment       0x00000000       0x71 arm7tdmi.o
 .comment       0x00000000       0x71 command.o
 .comment       0x00000000       0x71 cortexm.o
 .comment       0x00000000       0x71 crc32.o
 .comment       0x00000000       0x71 gdb_if.o
 .comment       0x00000000       0x71 gdb_main.o
 .comment       0x00000000       0x71 gdb_packet.o
 .comment       0x00000000       0x71 hex_utils.o
 .comment       0x00000000       0x71 jtag_scan.o
 .comment       0x00000000       0x71 jtagtap.o
 .comment       0x00000000       0x71 lmi.o
 .comment       0x00000000       0x71 lpc11xx.o
 .comment       0x00000000       0x71 lpc43xx.o
 .comment       0x00000000       0x71 main.o
 .comment       0x00000000       0x71 platform.o
 .comment       0x00000000       0x71 sam3x.o
 .comment       0x00000000       0x71 stm32f1.o
 .comment       0x00000000       0x71 stm32f4.o
 .comment       0x00000000       0x71 stm32l1.o
 .comment       0x00000000       0x71 swdptap.o
 .comment       0x00000000       0x71 target.o
 .comment       0x00000000       0x71 cdcacm.o
 .comment       0x00000000       0x71 usbuart.o
 .comment       0x00000000       0x71 ../libopencm3/lib\libopencm3_stm32f1.a(gpio.o)
 .comment       0x00000000       0x71 ../libopencm3/lib\libopencm3_stm32f1.a(rcc.o)
 .comment       0x00000000       0x71 ../libopencm3/lib\libopencm3_stm32f1.a(gpio_common_all.o)
 .comment       0x00000000       0x71 ../libopencm3/lib\libopencm3_stm32f1.a(usart_common_all.o)
 .comment       0x00000000       0x71 ../libopencm3/lib\libopencm3_stm32f1.a(usart_common_f124.o)
 .comment       0x00000000       0x71 ../libopencm3/lib\libopencm3_stm32f1.a(usb.o)
 .comment       0x00000000       0x71 ../libopencm3/lib\libopencm3_stm32f1.a(usb_control.o)
 .comment       0x00000000       0x71 ../libopencm3/lib\libopencm3_stm32f1.a(usb_standard.o)
 .comment       0x00000000       0x71 ../libopencm3/lib\libopencm3_stm32f1.a(usb_f103.o)
 .comment       0x00000000       0x71 ../libopencm3/lib\libopencm3_stm32f1.a(vector.o)
 .comment       0x00000000       0x71 ../libopencm3/lib\libopencm3_stm32f1.a(systick.o)
 .comment       0x00000000       0x71 ../libopencm3/lib\libopencm3_stm32f1.a(scb.o)
 .comment       0x00000000       0x71 ../libopencm3/lib\libopencm3_stm32f1.a(nvic.o)
 .comment       0x00000000       0x71 ../libopencm3/lib\libopencm3_stm32f1.a(flash.o)

.ARM.attributes
                0x00000000       0x31
 .ARM.attributes
                0x00000000       0x33 adiv5.o
 .ARM.attributes
                0x00000033       0x33 adiv5_jtagdp.o
 .ARM.attributes
                0x00000066       0x33 adiv5_swdp.o
 .ARM.attributes
                0x00000099       0x33 arm7tdmi.o
 .ARM.attributes
                0x000000cc       0x33 command.o
 .ARM.attributes
                0x000000ff       0x33 cortexm.o
 .ARM.attributes
                0x00000132       0x33 crc32.o
 .ARM.attributes
                0x00000165       0x33 gdb_if.o
 .ARM.attributes
                0x00000198       0x33 gdb_main.o
 .ARM.attributes
                0x000001cb       0x33 gdb_packet.o
 .ARM.attributes
                0x000001fe       0x33 hex_utils.o
 .ARM.attributes
                0x00000231       0x33 jtag_scan.o
 .ARM.attributes
                0x00000264       0x33 jtagtap.o
 .ARM.attributes
                0x00000297       0x33 lmi.o
 .ARM.attributes
                0x000002ca       0x33 lpc11xx.o
 .ARM.attributes
                0x000002fd       0x33 lpc43xx.o
 .ARM.attributes
                0x00000330       0x33 main.o
 .ARM.attributes
                0x00000363       0x33 platform.o
 .ARM.attributes
                0x00000396       0x33 sam3x.o
 .ARM.attributes
                0x000003c9       0x33 stm32f1.o
 .ARM.attributes
                0x000003fc       0x33 stm32f4.o
 .ARM.attributes
                0x0000042f       0x33 stm32l1.o
 .ARM.attributes
                0x00000462       0x33 swdptap.o
 .ARM.attributes
                0x00000495       0x33 target.o
 .ARM.attributes
                0x000004c8       0x33 cdcacm.o
 .ARM.attributes
                0x000004fb       0x33 usbuart.o
 .ARM.attributes
                0x0000052e       0x33 ../libopencm3/lib\libopencm3_stm32f1.a(gpio.o)
 .ARM.attributes
                0x00000561       0x33 ../libopencm3/lib\libopencm3_stm32f1.a(rcc.o)
 .ARM.attributes
                0x00000594       0x33 ../libopencm3/lib\libopencm3_stm32f1.a(gpio_common_all.o)
 .ARM.attributes
                0x000005c7       0x33 ../libopencm3/lib\libopencm3_stm32f1.a(usart_common_all.o)
 .ARM.attributes
                0x000005fa       0x33 ../libopencm3/lib\libopencm3_stm32f1.a(usart_common_f124.o)
 .ARM.attributes
                0x0000062d       0x33 ../libopencm3/lib\libopencm3_stm32f1.a(usb.o)
 .ARM.attributes
                0x00000660       0x33 ../libopencm3/lib\libopencm3_stm32f1.a(usb_control.o)
 .ARM.attributes
                0x00000693       0x33 ../libopencm3/lib\libopencm3_stm32f1.a(usb_standard.o)
 .ARM.attributes
                0x000006c6       0x33 ../libopencm3/lib\libopencm3_stm32f1.a(usb_f103.o)
 .ARM.attributes
                0x000006f9       0x33 ../libopencm3/lib\libopencm3_stm32f1.a(vector.o)
 .ARM.attributes
                0x0000072c       0x33 ../libopencm3/lib\libopencm3_stm32f1.a(systick.o)
 .ARM.attributes
                0x0000075f       0x33 ../libopencm3/lib\libopencm3_stm32f1.a(scb.o)
 .ARM.attributes
                0x00000792       0x33 ../libopencm3/lib\libopencm3_stm32f1.a(nvic.o)
 .ARM.attributes
                0x000007c5       0x33 ../libopencm3/lib\libopencm3_stm32f1.a(flash.o)
 .ARM.attributes
                0x000007f8       0x2d c:/programy/gccarm/bin/../lib/gcc/arm-none-eabi/4.7.3/../../../../arm-none-eabi/lib/armv7-m\libc_s.a(lib_a-assert.o)
 .ARM.attributes
                0x00000825       0x2d c:/programy/gccarm/bin/../lib/gcc/arm-none-eabi/4.7.3/../../../../arm-none-eabi/lib/armv7-m\libc_s.a(lib_a-atoi.o)
 .ARM.attributes
                0x00000852       0x2d c:/programy/gccarm/bin/../lib/gcc/arm-none-eabi/4.7.3/../../../../arm-none-eabi/lib/armv7-m\libc_s.a(lib_a-atol.o)
 .ARM.attributes
                0x0000087f       0x2d c:/programy/gccarm/bin/../lib/gcc/arm-none-eabi/4.7.3/../../../../arm-none-eabi/lib/armv7-m\libc_s.a(lib_a-calloc.o)
 .ARM.attributes
                0x000008ac       0x2d c:/programy/gccarm/bin/../lib/gcc/arm-none-eabi/4.7.3/../../../../arm-none-eabi/lib/armv7-m\libc_s.a(lib_a-callocr.o)
 .ARM.attributes
                0x000008d9       0x2d c:/programy/gccarm/bin/../lib/gcc/arm-none-eabi/4.7.3/../../../../arm-none-eabi/lib/armv7-m\libc_s.a(lib_a-fprintf.o)
 .ARM.attributes
                0x00000906       0x2d c:/programy/gccarm/bin/../lib/gcc/arm-none-eabi/4.7.3/../../../../arm-none-eabi/lib/armv7-m\libc_s.a(lib_a-impure.o)
 .ARM.attributes
                0x00000933       0x2d c:/programy/gccarm/bin/../lib/gcc/arm-none-eabi/4.7.3/../../../../arm-none-eabi/lib/armv7-m\libc_s.a(lib_a-malloc.o)
 .ARM.attributes
                0x00000960       0x2d c:/programy/gccarm/bin/../lib/gcc/arm-none-eabi/4.7.3/../../../../arm-none-eabi/lib/armv7-m\libc_s.a(lib_a-mallocr.o)
 .ARM.attributes
                0x0000098d       0x2d c:/programy/gccarm/bin/../lib/gcc/arm-none-eabi/4.7.3/../../../../arm-none-eabi/lib/armv7-m\libc_s.a(lib_a-memcpy.o)
 .ARM.attributes
                0x000009ba       0x2d c:/programy/gccarm/bin/../lib/gcc/arm-none-eabi/4.7.3/../../../../arm-none-eabi/lib/armv7-m\libc_s.a(lib_a-memset.o)
 .ARM.attributes
                0x000009e7       0x2d c:/programy/gccarm/bin/../lib/gcc/arm-none-eabi/4.7.3/../../../../arm-none-eabi/lib/armv7-m\libc_s.a(lib_a-sbrkr.o)
 .ARM.attributes
                0x00000a14       0x1b c:/programy/gccarm/bin/../lib/gcc/arm-none-eabi/4.7.3/../../../../arm-none-eabi/lib/armv7-m\libc_s.a(lib_a-setjmp.o)
 .ARM.attributes
                0x00000a2f       0x2d c:/programy/gccarm/bin/../lib/gcc/arm-none-eabi/4.7.3/../../../../arm-none-eabi/lib/armv7-m\libc_s.a(lib_a-sprintf.o)
 .ARM.attributes
                0x00000a5c       0x2d c:/programy/gccarm/bin/../lib/gcc/arm-none-eabi/4.7.3/../../../../arm-none-eabi/lib/armv7-m\libc_s.a(lib_a-sscanf.o)
 .ARM.attributes
                0x00000a89       0x2d c:/programy/gccarm/bin/../lib/gcc/arm-none-eabi/4.7.3/../../../../arm-none-eabi/lib/armv7-m\libc_s.a(lib_a-stdio.o)
 .ARM.attributes
                0x00000ab6       0x2d c:/programy/gccarm/bin/../lib/gcc/arm-none-eabi/4.7.3/../../../../arm-none-eabi/lib/armv7-m\libc_s.a(lib_a-strcmp.o)
 .ARM.attributes
                0x00000ae3       0x2d c:/programy/gccarm/bin/../lib/gcc/arm-none-eabi/4.7.3/../../../../arm-none-eabi/lib/armv7-m\libc_s.a(lib_a-strlen.o)
 .ARM.attributes
                0x00000b10       0x2d c:/programy/gccarm/bin/../lib/gcc/arm-none-eabi/4.7.3/../../../../arm-none-eabi/lib/armv7-m\libc_s.a(lib_a-strncmp.o)
 .ARM.attributes
                0x00000b3d       0x2d c:/programy/gccarm/bin/../lib/gcc/arm-none-eabi/4.7.3/../../../../arm-none-eabi/lib/armv7-m\libc_s.a(lib_a-strncpy.o)
 .ARM.attributes
                0x00000b6a       0x2d c:/programy/gccarm/bin/../lib/gcc/arm-none-eabi/4.7.3/../../../../arm-none-eabi/lib/armv7-m\libc_s.a(lib_a-strtok.o)
 .ARM.attributes
                0x00000b97       0x2d c:/programy/gccarm/bin/../lib/gcc/arm-none-eabi/4.7.3/../../../../arm-none-eabi/lib/armv7-m\libc_s.a(lib_a-strtok_r.o)
 .ARM.attributes
                0x00000bc4       0x2d c:/programy/gccarm/bin/../lib/gcc/arm-none-eabi/4.7.3/../../../../arm-none-eabi/lib/armv7-m\libc_s.a(lib_a-strtol.o)
 .ARM.attributes
                0x00000bf1       0x2d c:/programy/gccarm/bin/../lib/gcc/arm-none-eabi/4.7.3/../../../../arm-none-eabi/lib/armv7-m\libc_s.a(lib_a-strtoul.o)
 .ARM.attributes
                0x00000c1e       0x2d c:/programy/gccarm/bin/../lib/gcc/arm-none-eabi/4.7.3/../../../../arm-none-eabi/lib/armv7-m\libc_s.a(lib_a-svfprintf.o)
 .ARM.attributes
                0x00000c4b       0x2d c:/programy/gccarm/bin/../lib/gcc/arm-none-eabi/4.7.3/../../../../arm-none-eabi/lib/armv7-m\libc_s.a(lib_a-svfscanf.o)
 .ARM.attributes
                0x00000c78       0x2d c:/programy/gccarm/bin/../lib/gcc/arm-none-eabi/4.7.3/../../../../arm-none-eabi/lib/armv7-m\libc_s.a(lib_a-ungetc.o)
 .ARM.attributes
                0x00000ca5       0x2d c:/programy/gccarm/bin/../lib/gcc/arm-none-eabi/4.7.3/../../../../arm-none-eabi/lib/armv7-m\libc_s.a(lib_a-vasprintf.o)
 .ARM.attributes
                0x00000cd2       0x2d c:/programy/gccarm/bin/../lib/gcc/arm-none-eabi/4.7.3/../../../../arm-none-eabi/lib/armv7-m\libc_s.a(lib_a-vfprintf.o)
 .ARM.attributes
                0x00000cff       0x2d c:/programy/gccarm/bin/../lib/gcc/arm-none-eabi/4.7.3/../../../../arm-none-eabi/lib/armv7-m\libc_s.a(lib_a-vfprintf_i.o)
 .ARM.attributes
                0x00000d2c       0x2d c:/programy/gccarm/bin/../lib/gcc/arm-none-eabi/4.7.3/../../../../arm-none-eabi/lib/armv7-m\libc_s.a(lib_a-vfscanf_i.o)
 .ARM.attributes
                0x00000d59       0x2d c:/programy/gccarm/bin/../lib/gcc/arm-none-eabi/4.7.3/../../../../arm-none-eabi/lib/armv7-m\libc_s.a(lib_a-wbuf.o)
 .ARM.attributes
                0x00000d86       0x2d c:/programy/gccarm/bin/../lib/gcc/arm-none-eabi/4.7.3/../../../../arm-none-eabi/lib/armv7-m\libc_s.a(lib_a-writer.o)
 .ARM.attributes
                0x00000db3       0x2d c:/programy/gccarm/bin/../lib/gcc/arm-none-eabi/4.7.3/../../../../arm-none-eabi/lib/armv7-m\libc_s.a(lib_a-wsetup.o)
 .ARM.attributes
                0x00000de0       0x2d c:/programy/gccarm/bin/../lib/gcc/arm-none-eabi/4.7.3/../../../../arm-none-eabi/lib/armv7-m\libc_s.a(lib_a-abort.o)
 .ARM.attributes
                0x00000e0d       0x2d c:/programy/gccarm/bin/../lib/gcc/arm-none-eabi/4.7.3/../../../../arm-none-eabi/lib/armv7-m\libc_s.a(lib_a-closer.o)
 .ARM.attributes
                0x00000e3a       0x2d c:/programy/gccarm/bin/../lib/gcc/arm-none-eabi/4.7.3/../../../../arm-none-eabi/lib/armv7-m\libc_s.a(lib_a-ctype_.o)
 .ARM.attributes
                0x00000e67       0x2d c:/programy/gccarm/bin/../lib/gcc/arm-none-eabi/4.7.3/../../../../arm-none-eabi/lib/armv7-m\libc_s.a(lib_a-fflush.o)
 .ARM.attributes
                0x00000e94       0x2d c:/programy/gccarm/bin/../lib/gcc/arm-none-eabi/4.7.3/../../../../arm-none-eabi/lib/armv7-m\libc_s.a(lib_a-findfp.o)
 .ARM.attributes
                0x00000ec1       0x2d c:/programy/gccarm/bin/../lib/gcc/arm-none-eabi/4.7.3/../../../../arm-none-eabi/lib/armv7-m\libc_s.a(lib_a-freer.o)
 .ARM.attributes
                0x00000eee       0x2d c:/programy/gccarm/bin/../lib/gcc/arm-none-eabi/4.7.3/../../../../arm-none-eabi/lib/armv7-m\libc_s.a(lib_a-lseekr.o)
 .ARM.attributes
                0x00000f1b       0x2d c:/programy/gccarm/bin/../lib/gcc/arm-none-eabi/4.7.3/../../../../arm-none-eabi/lib/armv7-m\libc_s.a(lib_a-makebuf.o)
 .ARM.attributes
                0x00000f48       0x2d c:/programy/gccarm/bin/../lib/gcc/arm-none-eabi/4.7.3/../../../../arm-none-eabi/lib/armv7-m\libc_s.a(lib_a-memchr.o)
 .ARM.attributes
                0x00000f75       0x2d c:/programy/gccarm/bin/../lib/gcc/arm-none-eabi/4.7.3/../../../../arm-none-eabi/lib/armv7-m\libc_s.a(lib_a-readr.o)
 .ARM.attributes
                0x00000fa2       0x2d c:/programy/gccarm/bin/../lib/gcc/arm-none-eabi/4.7.3/../../../../arm-none-eabi/lib/armv7-m\libc_s.a(lib_a-reallocr.o)
 .ARM.attributes
                0x00000fcf       0x2d c:/programy/gccarm/bin/../lib/gcc/arm-none-eabi/4.7.3/../../../../arm-none-eabi/lib/armv7-m\libc_s.a(lib_a-reent.o)
 .ARM.attributes
                0x00000ffc       0x2d c:/programy/gccarm/bin/../lib/gcc/arm-none-eabi/4.7.3/../../../../arm-none-eabi/lib/armv7-m\libc_s.a(lib_a-sccl.o)
 .ARM.attributes
                0x00001029       0x2d c:/programy/gccarm/bin/../lib/gcc/arm-none-eabi/4.7.3/../../../../arm-none-eabi/lib/armv7-m\libc_s.a(lib_a-signal.o)
 .ARM.attributes
                0x00001056       0x2d c:/programy/gccarm/bin/../lib/gcc/arm-none-eabi/4.7.3/../../../../arm-none-eabi/lib/armv7-m\libc_s.a(lib_a-signalr.o)
 .ARM.attributes