Archive member included because of file (symbol)

../libopencm3/lib\libopencm3_stm32f1.a(flash.o)
                              dfucore.o (flash_unlock)
../libopencm3/lib\libopencm3_stm32f1.a(gpio.o)
                              usbdfu.o (gpio_set_mode)
../libopencm3/lib\libopencm3_stm32f1.a(rcc.o)
                              usbdfu.o (rcc_peripheral_enable_clock)
../libopencm3/lib\libopencm3_stm32f1.a(gpio_common_all.o)
                              usbdfu.o (gpio_set)
../libopencm3/lib\libopencm3_stm32f1.a(usb.o)
                              dfucore.o (usbd_init)
../libopencm3/lib\libopencm3_stm32f1.a(usb_control.o)
                              dfucore.o (usbd_register_control_callback)
../libopencm3/lib\libopencm3_stm32f1.a(usb_standard.o)
                              ../libopencm3/lib\libopencm3_stm32f1.a(usb_control.o) (_usbd_standard_request)
../libopencm3/lib\libopencm3_stm32f1.a(usb_f103.o)
                              usbdfu.o (stm32f103_usb_driver)
../libopencm3/lib\libopencm3_stm32f1.a(vector.o)
                              (reset_handler)
../libopencm3/lib\libopencm3_stm32f1.a(systick.o)
                              usbdfu.o (systick_set_reload)
../libopencm3/lib\libopencm3_stm32f1.a(scb.o)
                              usbdfu.o (scb_reset_system)
../libopencm3/lib\libopencm3_stm32f1.a(assert.o)
                              ../libopencm3/lib\libopencm3_stm32f1.a(rcc.o) (cm3_assert_failed)
c:/programy/gccarm/bin/../lib/gcc/arm-none-eabi/4.7.3/../../../../arm-none-eabi/lib/armv7-m\libc_s.a(lib_a-memcpy.o)
                              dfucore.o (memcpy)
c:/programy/gccarm/bin/../lib/gcc/arm-none-eabi/4.7.3/../../../../arm-none-eabi/lib/armv7-m\libc_s.a(lib_a-strlen.o)
                              ../libopencm3/lib\libopencm3_stm32f1.a(usb_standard.o) (strlen)

Allocating common symbols
Common symbol       size              file

usbdev              0x4               dfucore.o
usbd_control_buffer
                    0x400             dfucore.o

Discarded input sections

 .group         0x00000000        0x8 usbdfu.o
 .group         0x00000000        0x8 usbdfu.o
 .group         0x00000000        0x8 usbdfu.o
 .group         0x00000000        0x8 usbdfu.o
 .group         0x00000000        0x8 usbdfu.o
 .group         0x00000000        0x8 usbdfu.o
 .group         0x00000000        0x8 usbdfu.o
 .group         0x00000000        0x8 usbdfu.o
 .group         0x00000000        0x8 usbdfu.o
 .group         0x00000000        0x8 usbdfu.o
 .group         0x00000000        0x8 usbdfu.o
 .group         0x00000000        0x8 usbdfu.o
 .group         0x00000000        0x8 usbdfu.o
 .group         0x00000000        0x8 usbdfu.o
 .group         0x00000000        0x8 usbdfu.o
 .group         0x00000000        0x8 usbdfu.o
 .group         0x00000000        0x8 usbdfu.o
 .group         0x00000000        0x8 usbdfu.o
 .group         0x00000000        0x8 usbdfu.o
 .group         0x00000000        0x8 usbdfu.o
 .group         0x00000000        0x8 usbdfu.o
 .group         0x00000000        0x8 usbdfu.o
 .group         0x00000000        0x8 usbdfu.o
 .group         0x00000000        0x8 usbdfu.o
 .data          0x00000000        0x0 usbdfu.o
 .bss           0x00000000        0x0 usbdfu.o
 .group         0x00000000        0x8 dfucore.o
 .group         0x00000000        0x8 dfucore.o
 .group         0x00000000        0x8 dfucore.o
 .group         0x00000000        0x8 dfucore.o
 .group         0x00000000        0x8 dfucore.o
 .group         0x00000000        0x8 dfucore.o
 .group         0x00000000        0x8 dfucore.o
 .group         0x00000000        0x8 dfucore.o
 .group         0x00000000        0x8 dfucore.o
 .group         0x00000000        0x8 dfucore.o
 .group         0x00000000        0x8 dfucore.o
 .group         0x00000000        0x8 dfucore.o
 .group         0x00000000        0x8 dfucore.o
 .group         0x00000000        0x8 dfucore.o
 .group         0x00000000        0x8 dfucore.o
 .group         0x00000000        0x8 dfucore.o
 .group         0x00000000        0x8 dfucore.o
 .group         0x00000000        0x8 dfucore.o
 .group         0x00000000        0x8 dfucore.o
 .group         0x00000000        0x8 dfucore.o
 .group         0x00000000        0x8 dfucore.o
 .group         0x00000000        0x8 dfucore.o
 .group         0x00000000        0x8 dfucore.o
 .group         0x00000000        0x8 dfucore.o
 .group         0x00000000        0x8 dfucore.o
 .group         0x00000000        0x8 dfucore.o
 .debug_macro   0x00000000      0x820 dfucore.o
 .debug_macro   0x00000000       0x52 dfucore.o
 .debug_macro   0x00000000       0x3a dfucore.o
 .debug_macro   0x00000000       0x10 dfucore.o
 .debug_macro   0x00000000       0x2e dfucore.o
 .debug_macro   0x00000000       0xa3 dfucore.o
 .debug_macro   0x00000000       0x22 dfucore.o
 .debug_macro   0x00000000       0xfa dfucore.o
 .debug_macro   0x00000000      0xdbf dfucore.o
 .debug_macro   0x00000000      0x16c dfucore.o
 .debug_macro   0x00000000       0x10 dfucore.o
 .debug_macro   0x00000000       0x3a dfucore.o
 .debug_macro   0x00000000       0x52 dfucore.o
 .debug_macro   0x00000000       0x19 dfucore.o
 .debug_macro   0x00000000      0x16d dfucore.o
 .debug_macro   0x00000000       0x89 dfucore.o
 .debug_macro   0x00000000       0x22 dfucore.o
 .debug_macro   0x00000000       0x16 dfucore.o
 .group         0x00000000        0x8 dfu_f1.o
 .group         0x00000000        0x8 dfu_f1.o
 .group         0x00000000        0x8 dfu_f1.o
 .group         0x00000000        0x8 dfu_f1.o
 .group         0x00000000        0x8 dfu_f1.o
 .group         0x00000000        0x8 dfu_f1.o
 .group         0x00000000        0x8 dfu_f1.o
 .group         0x00000000        0x8 dfu_f1.o
 .group         0x00000000        0x8 dfu_f1.o
 .group         0x00000000        0x8 dfu_f1.o
 .group         0x00000000        0x8 dfu_f1.o
 .group         0x00000000        0x8 dfu_f1.o
 .group         0x00000000        0x8 dfu_f1.o
 .group         0x00000000        0x8 dfu_f1.o
 .group         0x00000000        0x8 dfu_f1.o
 .bss           0x00000000        0x0 dfu_f1.o
 .debug_macro   0x00000000      0x820 dfu_f1.o
 .debug_macro   0x00000000       0x52 dfu_f1.o
 .debug_macro   0x00000000      0x184 dfu_f1.o
 .debug_macro   0x00000000       0x3a dfu_f1.o
 .debug_macro   0x00000000       0x10 dfu_f1.o
 .debug_macro   0x00000000       0x2e dfu_f1.o
 .debug_macro   0x00000000       0xa3 dfu_f1.o
 .debug_macro   0x00000000      0x20e dfu_f1.o
 .debug_macro   0x00000000       0x22 dfu_f1.o
 .debug_macro   0x00000000       0xfa dfu_f1.o
 .debug_macro   0x00000000      0x328 dfu_f1.o
 .debug_macro   0x00000000      0x16c dfu_f1.o
 .debug_macro   0x00000000       0x10 dfu_f1.o
 .debug_macro   0x00000000       0x16 dfu_f1.o
 .text          0x00000000        0x0 ../libopencm3/lib\libopencm3_stm32f1.a(flash.o)
 .data          0x00000000        0x0 ../libopencm3/lib\libopencm3_stm32f1.a(flash.o)
 .bss           0x00000000        0x0 ../libopencm3/lib\libopencm3_stm32f1.a(flash.o)
 .text.flash_prefetch_buffer_enable
                0x00000000       0x10 ../libopencm3/lib\libopencm3_stm32f1.a(flash.o)
 .text.flash_prefetch_buffer_disable
                0x00000000       0x10 ../libopencm3/lib\libopencm3_stm32f1.a(flash.o)
 .text.flash_halfcycle_enable
                0x00000000       0x10 ../libopencm3/lib\libopencm3_stm32f1.a(flash.o)
 .text.flash_halfcycle_disable
                0x00000000       0x10 ../libopencm3/lib\libopencm3_stm32f1.a(flash.o)
 .text.flash_clear_pgerr_flag
                0x00000000       0x10 ../libopencm3/lib\libopencm3_stm32f1.a(flash.o)
 .text.flash_clear_eop_flag
                0x00000000       0x10 ../libopencm3/lib\libopencm3_stm32f1.a(flash.o)
 .text.flash_clear_wrprterr_flag
                0x00000000       0x10 ../libopencm3/lib\libopencm3_stm32f1.a(flash.o)
 .text.flash_clear_bsy_flag
                0x00000000       0x10 ../libopencm3/lib\libopencm3_stm32f1.a(flash.o)
 .text.flash_clear_status_flags
                0x00000000       0x16 ../libopencm3/lib\libopencm3_stm32f1.a(flash.o)
 .text.flash_get_status_flags
                0x00000000       0x10 ../libopencm3/lib\libopencm3_stm32f1.a(flash.o)
 .text.flash_unlock_option_bytes
                0x00000000       0x18 ../libopencm3/lib\libopencm3_stm32f1.a(flash.o)
 .text.flash_program_word
                0x00000000       0x34 ../libopencm3/lib\libopencm3_stm32f1.a(flash.o)
 .text.flash_erase_all_pages
                0x00000000       0x2c ../libopencm3/lib\libopencm3_stm32f1.a(flash.o)
 .text.flash_erase_option_bytes
                0x00000000       0x34 ../libopencm3/lib\libopencm3_stm32f1.a(flash.o)
 .text.flash_program_option_bytes
                0x00000000       0x34 ../libopencm3/lib\libopencm3_stm32f1.a(flash.o)
 .text          0x00000000        0x0 ../libopencm3/lib\libopencm3_stm32f1.a(gpio.o)
 .data          0x00000000        0x0 ../libopencm3/lib\libopencm3_stm32f1.a(gpio.o)
 .bss           0x00000000        0x0 ../libopencm3/lib\libopencm3_stm32f1.a(gpio.o)
 .text.gpio_set_eventout
                0x00000000       0x10 ../libopencm3/lib\libopencm3_stm32f1.a(gpio.o)
 .text.gpio_primary_remap
                0x00000000       0x1c ../libopencm3/lib\libopencm3_stm32f1.a(gpio.o)
 .text.gpio_secondary_remap
                0x00000000       0x10 ../libopencm3/lib\libopencm3_stm32f1.a(gpio.o)
 .text          0x00000000        0x0 ../libopencm3/lib\libopencm3_stm32f1.a(rcc.o)
 .data          0x00000000        0x0 ../libopencm3/lib\libopencm3_stm32f1.a(rcc.o)
 .bss           0x00000000        0x0 ../libopencm3/lib\libopencm3_stm32f1.a(rcc.o)
 .text.rcc_osc_ready_int_clear
                0x00000000       0x5c ../libopencm3/lib\libopencm3_stm32f1.a(rcc.o)
 .text.rcc_osc_ready_int_enable
                0x00000000       0x5c ../libopencm3/lib\libopencm3_stm32f1.a(rcc.o)
 .text.rcc_osc_ready_int_disable
                0x00000000       0x5c ../libopencm3/lib\libopencm3_stm32f1.a(rcc.o)
 .text.rcc_osc_ready_int_flag
                0x00000000       0x54 ../libopencm3/lib\libopencm3_stm32f1.a(rcc.o)
 .text.rcc_css_int_clear
                0x00000000       0x10 ../libopencm3/lib\libopencm3_stm32f1.a(rcc.o)
 .text.rcc_css_int_flag
                0x00000000       0x10 ../libopencm3/lib\libopencm3_stm32f1.a(rcc.o)
 .text.rcc_osc_off
                0x00000000       0x58 ../libopencm3/lib\libopencm3_stm32f1.a(rcc.o)
 .text.rcc_css_enable
                0x00000000       0x10 ../libopencm3/lib\libopencm3_stm32f1.a(rcc.o)
 .text.rcc_css_disable
                0x00000000       0x10 ../libopencm3/lib\libopencm3_stm32f1.a(rcc.o)
 .text.rcc_osc_bypass_enable
                0x00000000       0x28 ../libopencm3/lib\libopencm3_stm32f1.a(rcc.o)
 .text.rcc_osc_bypass_disable
                0x00000000       0x28 ../libopencm3/lib\libopencm3_stm32f1.a(rcc.o)
 .text.rcc_peripheral_disable_clock
                0x00000000        0xa ../libopencm3/lib\libopencm3_stm32f1.a(rcc.o)
 .text.rcc_set_pll2_multiplication_factor
                0x00000000       0x14 ../libopencm3/lib\libopencm3_stm32f1.a(rcc.o)
 .text.rcc_set_pll3_multiplication_factor
                0x00000000       0x14 ../libopencm3/lib\libopencm3_stm32f1.a(rcc.o)
 .text.rcc_set_usbpre
                0x00000000       0x14 ../libopencm3/lib\libopencm3_stm32f1.a(rcc.o)
 .text.rcc_set_prediv1
                0x00000000       0x18 ../libopencm3/lib\libopencm3_stm32f1.a(rcc.o)
 .text.rcc_set_prediv2
                0x00000000       0x18 ../libopencm3/lib\libopencm3_stm32f1.a(rcc.o)
 .text.rcc_set_prediv1_source
                0x00000000       0x18 ../libopencm3/lib\libopencm3_stm32f1.a(rcc.o)
 .text.rcc_set_mco
                0x00000000       0x18 ../libopencm3/lib\libopencm3_stm32f1.a(rcc.o)
 .text.rcc_system_clock_source
                0x00000000       0x10 ../libopencm3/lib\libopencm3_stm32f1.a(rcc.o)
 .text.rcc_clock_setup_in_hsi_out_64mhz
                0x00000000       0x6c ../libopencm3/lib\libopencm3_stm32f1.a(rcc.o)
 .text.rcc_clock_setup_in_hsi_out_48mhz
                0x00000000       0x74 ../libopencm3/lib\libopencm3_stm32f1.a(rcc.o)
 .text.rcc_clock_setup_in_hsi_out_24mhz
                0x00000000       0x68 ../libopencm3/lib\libopencm3_stm32f1.a(rcc.o)
 .text.rcc_clock_setup_in_hse_8mhz_out_24mhz
                0x00000000       0x80 ../libopencm3/lib\libopencm3_stm32f1.a(rcc.o)
 .text.rcc_clock_setup_in_hse_12mhz_out_72mhz
                0x00000000       0x84 ../libopencm3/lib\libopencm3_stm32f1.a(rcc.o)
 .text.rcc_clock_setup_in_hse_16mhz_out_72mhz
                0x00000000       0x84 ../libopencm3/lib\libopencm3_stm32f1.a(rcc.o)
 .text.rcc_clock_setup_in_hse_25mhz_out_72mhz
                0x00000000       0x9c ../libopencm3/lib\libopencm3_stm32f1.a(rcc.o)
 .text.rcc_backupdomain_reset
                0x00000000       0x18 ../libopencm3/lib\libopencm3_stm32f1.a(rcc.o)
 .text          0x00000000        0x0 ../libopencm3/lib\libopencm3_stm32f1.a(gpio_common_all.o)
 .data          0x00000000        0x0 ../libopencm3/lib\libopencm3_stm32f1.a(gpio_common_all.o)
 .bss           0x00000000        0x0 ../libopencm3/lib\libopencm3_stm32f1.a(gpio_common_all.o)
 .text.gpio_port_read
                0x00000000        0x6 ../libopencm3/lib\libopencm3_stm32f1.a(gpio_common_all.o)
 .text.gpio_port_write
                0x00000000        0x4 ../libopencm3/lib\libopencm3_stm32f1.a(gpio_common_all.o)
 .text.gpio_port_config_lock
                0x00000000       0x10 ../libopencm3/lib\libopencm3_stm32f1.a(gpio_common_all.o)
 .text          0x00000000        0x0 ../libopencm3/lib\libopencm3_stm32f1.a(usb.o)
 .data          0x00000000        0x0 ../libopencm3/lib\libopencm3_stm32f1.a(usb.o)
 .bss           0x00000000        0x0 ../libopencm3/lib\libopencm3_stm32f1.a(usb.o)
 .text.usbd_register_reset_callback
                0x00000000        0x4 ../libopencm3/lib\libopencm3_stm32f1.a(usb.o)
 .text.usbd_register_suspend_callback
                0x00000000        0x4 ../libopencm3/lib\libopencm3_stm32f1.a(usb.o)
 .text.usbd_register_resume_callback
                0x00000000        0x4 ../libopencm3/lib\libopencm3_stm32f1.a(usb.o)
 .text.usbd_register_sof_callback
                0x00000000        0x4 ../libopencm3/lib\libopencm3_stm32f1.a(usb.o)
 .text.usbd_disconnect
                0x00000000        0xe ../libopencm3/lib\libopencm3_stm32f1.a(usb.o)
 .text.usbd_ep_nak_set
                0x00000000        0xc ../libopencm3/lib\libopencm3_stm32f1.a(usb.o)
 .text          0x00000000        0x0 ../libopencm3/lib\libopencm3_stm32f1.a(usb_control.o)
 .data          0x00000000        0x0 ../libopencm3/lib\libopencm3_stm32f1.a(usb_control.o)
 .bss           0x00000000        0x0 ../libopencm3/lib\libopencm3_stm32f1.a(usb_control.o)
 .text          0x00000000        0x0 ../libopencm3/lib\libopencm3_stm32f1.a(usb_standard.o)
 .data          0x00000000        0x0 ../libopencm3/lib\libopencm3_stm32f1.a(usb_standard.o)
 .bss           0x00000000        0x0 ../libopencm3/lib\libopencm3_stm32f1.a(usb_standard.o)
 .text.usbd_register_set_config_callback
                0x00000000        0x6 ../libopencm3/lib\libopencm3_stm32f1.a(usb_standard.o)
 .text          0x00000000        0x0 ../libopencm3/lib\libopencm3_stm32f1.a(usb_f103.o)
 .data          0x00000000        0x0 ../libopencm3/lib\libopencm3_stm32f1.a(usb_f103.o)
 .bss           0x00000000        0x0 ../libopencm3/lib\libopencm3_stm32f1.a(usb_f103.o)
 .text          0x00000000        0x0 ../libopencm3/lib\libopencm3_stm32f1.a(vector.o)
 .data          0x00000000        0x0 ../libopencm3/lib\libopencm3_stm32f1.a(vector.o)
 .bss           0x00000000        0x0 ../libopencm3/lib\libopencm3_stm32f1.a(vector.o)
 .text          0x00000000        0x0 ../libopencm3/lib\libopencm3_stm32f1.a(systick.o)
 .data          0x00000000        0x0 ../libopencm3/lib\libopencm3_stm32f1.a(systick.o)
 .bss           0x00000000        0x0 ../libopencm3/lib\libopencm3_stm32f1.a(systick.o)
 .text.systick_get_reload
                0x00000000       0x10 ../libopencm3/lib\libopencm3_stm32f1.a(systick.o)
 .text.systick_get_value
                0x00000000       0x10 ../libopencm3/lib\libopencm3_stm32f1.a(systick.o)
 .text.systick_interrupt_disable
                0x00000000       0x10 ../libopencm3/lib\libopencm3_stm32f1.a(systick.o)
 .text.systick_counter_disable
                0x00000000       0x10 ../libopencm3/lib\libopencm3_stm32f1.a(systick.o)
 .text.systick_get_countflag
                0x00000000       0x10 ../libopencm3/lib\libopencm3_stm32f1.a(systick.o)
 .text.systick_get_calib
                0x00000000       0x10 ../libopencm3/lib\libopencm3_stm32f1.a(systick.o)
 .text          0x00000000        0x0 ../libopencm3/lib\libopencm3_stm32f1.a(scb.o)
 .data          0x00000000        0x0 ../libopencm3/lib\libopencm3_stm32f1.a(scb.o)
 .bss           0x00000000        0x0 ../libopencm3/lib\libopencm3_stm32f1.a(scb.o)
 .text.scb_reset_core
                0x00000000       0x10 ../libopencm3/lib\libopencm3_stm32f1.a(scb.o)
 .text.scb_set_priority_grouping
                0x00000000       0x14 ../libopencm3/lib\libopencm3_stm32f1.a(scb.o)
 .text          0x00000000        0x0 ../libopencm3/lib\libopencm3_stm32f1.a(assert.o)
 .data          0x00000000        0x0 ../libopencm3/lib\libopencm3_stm32f1.a(assert.o)
 .bss           0x00000000        0x0 ../libopencm3/lib\libopencm3_stm32f1.a(assert.o)
 .text.cm3_assert_failed
                0x00000000        0x2 ../libopencm3/lib\libopencm3_stm32f1.a(assert.o)
 .text.cm3_assert_failed_verbose
                0x00000000        0x6 ../libopencm3/lib\libopencm3_stm32f1.a(assert.o)
 .debug_info    0x00000000       0xf7 ../libopencm3/lib\libopencm3_stm32f1.a(assert.o)
 .debug_abbrev  0x00000000       0x88 ../libopencm3/lib\libopencm3_stm32f1.a(assert.o)
 .debug_loc     0x00000000       0xa4 ../libopencm3/lib\libopencm3_stm32f1.a(assert.o)
 .debug_aranges
                0x00000000       0x28 ../libopencm3/lib\libopencm3_stm32f1.a(assert.o)
 .debug_ranges  0x00000000       0x18 ../libopencm3/lib\libopencm3_stm32f1.a(assert.o)
 .debug_line    0x00000000       0x53 ../libopencm3/lib\libopencm3_stm32f1.a(assert.o)
 .debug_str     0x00000000      0x161 ../libopencm3/lib\libopencm3_stm32f1.a(assert.o)
 .comment       0x00000000       0x71 ../libopencm3/lib\libopencm3_stm32f1.a(assert.o)
 .ARM.attributes
                0x00000000       0x33 ../libopencm3/lib\libopencm3_stm32f1.a(assert.o)
 .debug_frame   0x00000000       0x38 ../libopencm3/lib\libopencm3_stm32f1.a(assert.o)
 .text          0x00000000        0x0 c:/programy/gccarm/bin/../lib/gcc/arm-none-eabi/4.7.3/../../../../arm-none-eabi/lib/armv7-m\libc_s.a(lib_a-memcpy.o)
 .data          0x00000000        0x0 c:/programy/gccarm/bin/../lib/gcc/arm-none-eabi/4.7.3/../../../../arm-none-eabi/lib/armv7-m\libc_s.a(lib_a-memcpy.o)
 .bss           0x00000000        0x0 c:/programy/gccarm/bin/../lib/gcc/arm-none-eabi/4.7.3/../../../../arm-none-eabi/lib/armv7-m\libc_s.a(lib_a-memcpy.o)
 .text          0x00000000        0x0 c:/programy/gccarm/bin/../lib/gcc/arm-none-eabi/4.7.3/../../../../arm-none-eabi/lib/armv7-m\libc_s.a(lib_a-strlen.o)
 .data          0x00000000        0x0 c:/programy/gccarm/bin/../lib/gcc/arm-none-eabi/4.7.3/../../../../arm-none-eabi/lib/armv7-m\libc_s.a(lib_a-strlen.o)
 .bss           0x00000000        0x0 c:/programy/gccarm/bin/../lib/gcc/arm-none-eabi/4.7.3/../../../../arm-none-eabi/lib/armv7-m\libc_s.a(lib_a-strlen.o)

Memory Configuration

Name             Origin             Length             Attributes
rom              0x08000000         0x00010000         xr
ram              0x20000000         0x00005000         xrw
*default*        0x00000000         0xffffffff

Linker script and memory map

LOAD usbdfu.o
LOAD dfucore.o
LOAD dfu_f1.o
LOAD ../libopencm3/lib\libopencm3_stm32f1.a
                0x20005000                _stack = 0x20005000

.text           0x08000000     0x1930
 *(.vectors)
 .vectors       0x08000000      0x150 ../libopencm3/lib\libopencm3_stm32f1.a(vector.o)
                0x08000000                vector_table
 *(.text*)
 .text          0x08000150       0x70 usbdfu.o
                0x08000150                dfu_detach
                0x080001b0                sys_tick_handler
 .text.startup  0x080001c0      0x140 usbdfu.o
                0x080001c0                main
 .text          0x08000300      0x338 dfucore.o
                0x080004d0                dfu_init
                0x08000628                dfu_main
 .text          0x08000638       0xbc dfu_f1.o
                0x08000638                dfu_check_and_do_sector_erase
                0x08000658                dfu_flash_program_buffer
                0x080006ac                dfu_poll_timeout
                0x080006b0                dfu_protect_enable
                0x080006b4                dfu_jump_app_if_valid
 .text.flash_set_ws
                0x080006f4       0x14 ../libopencm3/lib\libopencm3_stm32f1.a(flash.o)
                0x080006f4                flash_set_ws
 .text.flash_unlock
                0x08000708       0x24 ../libopencm3/lib\libopencm3_stm32f1.a(flash.o)
                0x08000708                flash_unlock
 .text.flash_lock
                0x0800072c       0x10 ../libopencm3/lib\libopencm3_stm32f1.a(flash.o)
                0x0800072c                flash_lock
 .text.flash_wait_for_last_operation
                0x0800073c       0x10 ../libopencm3/lib\libopencm3_stm32f1.a(flash.o)
                0x0800073c                flash_wait_for_last_operation
 .text.flash_program_half_word
                0x0800074c       0x28 ../libopencm3/lib\libopencm3_stm32f1.a(flash.o)
                0x0800074c                flash_program_half_word
 .text.flash_erase_page
                0x08000774       0x34 ../libopencm3/lib\libopencm3_stm32f1.a(flash.o)
                0x08000774                flash_erase_page
 .text.gpio_set_mode
                0x080007a8       0x72 ../libopencm3/lib\libopencm3_stm32f1.a(gpio.o)
                0x080007a8                gpio_set_mode
 *fill*         0x0800081a        0x2 00
 .text.rcc_osc_on.part.0
                0x0800081c       0x10 ../libopencm3/lib\libopencm3_stm32f1.a(rcc.o)
 .text.rcc_wait_for_osc_ready
                0x0800082c       0x64 ../libopencm3/lib\libopencm3_stm32f1.a(rcc.o)
                0x0800082c                rcc_wait_for_osc_ready
 .text.rcc_osc_on
                0x08000890       0x54 ../libopencm3/lib\libopencm3_stm32f1.a(rcc.o)
                0x08000890                rcc_osc_on
 .text.rcc_peripheral_enable_clock
                0x080008e4        0x8 ../libopencm3/lib\libopencm3_stm32f1.a(rcc.o)
                0x080008e4                rcc_peripheral_enable_clock
 .text.rcc_peripheral_reset
                0x080008ec        0x8 ../libopencm3/lib\libopencm3_stm32f1.a(rcc.o)
                0x080008ec                rcc_peripheral_reset
 .text.rcc_peripheral_clear_reset
                0x080008f4        0xa ../libopencm3/lib\libopencm3_stm32f1.a(rcc.o)
                0x080008f4                rcc_peripheral_clear_reset
 *fill*         0x080008fe        0x2 00
 .text.rcc_set_sysclk_source
                0x08000900       0x14 ../libopencm3/lib\libopencm3_stm32f1.a(rcc.o)
                0x08000900                rcc_set_sysclk_source
 .text.rcc_set_pll_multiplication_factor
                0x08000914       0x14 ../libopencm3/lib\libopencm3_stm32f1.a(rcc.o)
                0x08000914                rcc_set_pll_multiplication_factor
 .text.rcc_set_pll_source
                0x08000928       0x14 ../libopencm3/lib\libopencm3_stm32f1.a(rcc.o)
                0x08000928                rcc_set_pll_source
 .text.rcc_set_pllxtpre
                0x0800093c       0x14 ../libopencm3/lib\libopencm3_stm32f1.a(rcc.o)
                0x0800093c                rcc_set_pllxtpre
 .text.rcc_set_adcpre
                0x08000950       0x14 ../libopencm3/lib\libopencm3_stm32f1.a(rcc.o)
                0x08000950                rcc_set_adcpre
 .text.rcc_set_ppre2
                0x08000964       0x14 ../libopencm3/lib\libopencm3_stm32f1.a(rcc.o)
                0x08000964                rcc_set_ppre2
 .text.rcc_set_ppre1
                0x08000978       0x14 ../libopencm3/lib\libopencm3_stm32f1.a(rcc.o)
                0x08000978                rcc_set_ppre1
 .text.rcc_set_hpre
                0x0800098c       0x14 ../libopencm3/lib\libopencm3_stm32f1.a(rcc.o)
                0x0800098c                rcc_set_hpre
 .text.rcc_clock_setup_in_hse_8mhz_out_72mhz
                0x080009a0       0x84 ../libopencm3/lib\libopencm3_stm32f1.a(rcc.o)
                0x080009a0                rcc_clock_setup_in_hse_8mhz_out_72mhz
 .text.gpio_set
                0x08000a24        0x4 ../libopencm3/lib\libopencm3_stm32f1.a(gpio_common_all.o)
                0x08000a24                gpio_set
 .text.gpio_clear
                0x08000a28        0x6 ../libopencm3/lib\libopencm3_stm32f1.a(gpio_common_all.o)
                0x08000a28                gpio_clear
 .text.gpio_get
                0x08000a2e        0x6 ../libopencm3/lib\libopencm3_stm32f1.a(gpio_common_all.o)
                0x08000a2e                gpio_get
 .text.gpio_toggle
                0x08000a34        0x8 ../libopencm3/lib\libopencm3_stm32f1.a(gpio_common_all.o)
                0x08000a34                gpio_toggle
 .text.usbd_init
                0x08000a3c       0x44 ../libopencm3/lib\libopencm3_stm32f1.a(usb.o)
                0x08000a3c                usbd_init
 .text.usbd_poll
                0x08000a80        0xc ../libopencm3/lib\libopencm3_stm32f1.a(usb.o)
                0x08000a80                usbd_poll
 .text.usbd_ep_setup
                0x08000a8c       0x10 ../libopencm3/lib\libopencm3_stm32f1.a(usb.o)
                0x08000a8c                usbd_ep_setup
 .text._usbd_reset
                0x08000a9c       0x2a ../libopencm3/lib\libopencm3_stm32f1.a(usb.o)
                0x08000a9c                _usbd_reset
 .text.usbd_ep_write_packet
                0x08000ac6        0xc ../libopencm3/lib\libopencm3_stm32f1.a(usb.o)
                0x08000ac6                usbd_ep_write_packet
 .text.usbd_ep_read_packet
                0x08000ad2        0xc ../libopencm3/lib\libopencm3_stm32f1.a(usb.o)
                0x08000ad2                usbd_ep_read_packet
 .text.usbd_ep_stall_set
                0x08000ade        0xc ../libopencm3/lib\libopencm3_stm32f1.a(usb.o)
                0x08000ade                usbd_ep_stall_set
 .text.usbd_ep_stall_get
                0x08000aea        0xc ../libopencm3/lib\libopencm3_stm32f1.a(usb.o)
                0x08000aea                usbd_ep_stall_get
 .text.usb_control_send_chunk
                0x08000af6       0x44 ../libopencm3/lib\libopencm3_stm32f1.a(usb_control.o)
 .text.stall_transaction
                0x08000b3a       0x14 ../libopencm3/lib\libopencm3_stm32f1.a(usb_control.o)
 .text.usb_control_recv_chunk
                0x08000b4e       0x3c ../libopencm3/lib\libopencm3_stm32f1.a(usb_control.o)
 .text.usb_control_request_dispatch
                0x08000b8a       0x5e ../libopencm3/lib\libopencm3_stm32f1.a(usb_control.o)
 .text.usb_control_setup_read
                0x08000be8       0x40 ../libopencm3/lib\libopencm3_stm32f1.a(usb_control.o)
 .text.usbd_register_control_callback
                0x08000c28       0x28 ../libopencm3/lib\libopencm3_stm32f1.a(usb_control.o)
                0x08000c28                usbd_register_control_callback
 .text._usbd_control_setup
                0x08000c50       0x5c ../libopencm3/lib\libopencm3_stm32f1.a(usb_control.o)
                0x08000c50                _usbd_control_setup
 .text._usbd_control_out
                0x08000cac       0x86 ../libopencm3/lib\libopencm3_stm32f1.a(usb_control.o)
                0x08000cac                _usbd_control_out
 .text._usbd_control_in
                0x08000d32       0x56 ../libopencm3/lib\libopencm3_stm32f1.a(usb_control.o)
                0x08000d32                _usbd_control_in
 .text.usb_standard_set_configuration
                0x08000d88       0x32 ../libopencm3/lib\libopencm3_stm32f1.a(usb_standard.o)
 .text.usb_standard_get_configuration
                0x08000dba       0x14 ../libopencm3/lib\libopencm3_stm32f1.a(usb_standard.o)
 .text.usb_standard_set_interface
                0x08000dce        0xe ../libopencm3/lib\libopencm3_stm32f1.a(usb_standard.o)
 .text.usb_standard_get_interface
                0x08000ddc        0xc ../libopencm3/lib\libopencm3_stm32f1.a(usb_standard.o)
 .text.usb_standard_device_get_status
                0x08000de8       0x18 ../libopencm3/lib\libopencm3_stm32f1.a(usb_standard.o)
 .text.usb_standard_interface_get_status
                0x08000e00       0x18 ../libopencm3/lib\libopencm3_stm32f1.a(usb_standard.o)
 .text.usb_standard_endpoint_get_status
                0x08000e18       0x2a ../libopencm3/lib\libopencm3_stm32f1.a(usb_standard.o)
 .text.usb_standard_endpoint_stall
                0x08000e42       0x10 ../libopencm3/lib\libopencm3_stm32f1.a(usb_standard.o)
 .text.usb_standard_endpoint_unstall
                0x08000e52       0x10 ../libopencm3/lib\libopencm3_stm32f1.a(usb_standard.o)
 .text.usb_standard_get_descriptor
                0x08000e62      0x23e ../libopencm3/lib\libopencm3_stm32f1.a(usb_standard.o)
 .text.usb_standard_set_address
                0x080010a0       0x28 ../libopencm3/lib\libopencm3_stm32f1.a(usb_standard.o)
 .text._usbd_standard_request_device
                0x080010c8       0x20 ../libopencm3/lib\libopencm3_stm32f1.a(usb_standard.o)
                0x080010c8                _usbd_standard_request_device
 .text._usbd_standard_request_interface
                0x080010e8       0x20 ../libopencm3/lib\libopencm3_stm32f1.a(usb_standard.o)
                0x080010e8                _usbd_standard_request_interface
 .text._usbd_standard_request_endpoint
                0x08001108       0x38 ../libopencm3/lib\libopencm3_stm32f1.a(usb_standard.o)
                0x08001108                _usbd_standard_request_endpoint
 .text._usbd_standard_request
                0x08001140       0x34 ../libopencm3/lib\libopencm3_stm32f1.a(usb_standard.o)
                0x08001140                _usbd_standard_request
 .text.stm32f103_set_address
                0x08001174       0x10 ../libopencm3/lib\libopencm3_stm32f1.a(usb_f103.o)
 .text.stm32f103_endpoints_reset
                0x08001184       0x34 ../libopencm3/lib\libopencm3_stm32f1.a(usb_f103.o)
 .text.stm32f103_ep_stall_set
                0x080011b8       0xbc ../libopencm3/lib\libopencm3_stm32f1.a(usb_f103.o)
 .text.stm32f103_ep_stall_get
                0x08001274       0x3a ../libopencm3/lib\libopencm3_stm32f1.a(usb_f103.o)
 *fill*         0x080012ae        0x2 00
 .text.stm32f103_ep_write_packet
                0x080012b0       0x90 ../libopencm3/lib\libopencm3_stm32f1.a(usb_f103.o)
 .text.stm32f103_ep_read_packet
                0x08001340       0xd4 ../libopencm3/lib\libopencm3_stm32f1.a(usb_f103.o)
 .text.stm32f103_poll
                0x08001414       0xb0 ../libopencm3/lib\libopencm3_stm32f1.a(usb_f103.o)
 .text.stm32f103_usbd_init
                0x080014c4       0x34 ../libopencm3/lib\libopencm3_stm32f1.a(usb_f103.o)
 .text.stm32f103_ep_setup
                0x080014f8      0x164 ../libopencm3/lib\libopencm3_stm32f1.a(usb_f103.o)
 .text.stm32f103_ep_nak_set
                0x0800165c       0x5c ../libopencm3/lib\libopencm3_stm32f1.a(usb_f103.o)
 .text.blocking_handler
                0x080016b8        0x2 ../libopencm3/lib\libopencm3_stm32f1.a(vector.o)
                0x080016b8                usart3_isr
                0x080016b8                rtc_isr
                0x080016b8                tim7_isr
                0x080016b8                adc1_2_isr
                0x080016b8                tim1_trg_com_isr
                0x080016b8                usb_hp_can_tx_isr
                0x080016b8                tim6_isr
                0x080016b8                usb_wakeup_isr
                0x080016b8                blocking_handler
                0x080016b8                tim5_isr
                0x080016b8                otg_fs_isr
                0x080016b8                spi1_isr
                0x080016b8                dma1_channel6_isr
                0x080016b8                exti2_isr
                0x080016b8                can_rx1_isr
                0x080016b8                dma1_channel5_isr
                0x080016b8                dma2_channel5_isr
                0x080016b8                usart1_isr
                0x080016b8                usage_fault_handler
                0x080016b8                tim8_trg_com_isr
                0x080016b8                can2_rx0_isr
                0x080016b8                tim1_brk_isr
                0x080016b8                can2_rx1_isr
                0x080016b8                tim1_cc_isr
                0x080016b8                sdio_isr
                0x080016b8                eth_isr
                0x080016b8                dma1_channel4_isr
                0x080016b8                tim8_brk_isr
                0x080016b8                dma2_channel4_5_isr
                0x080016b8                pvd_isr
                0x080016b8                rcc_isr
                0x080016b8                flash_isr
                0x080016b8                uart4_isr
                0x080016b8                rtc_alarm_isr
                0x080016b8                exti15_10_isr
                0x080016b8                hard_fault_handler
                0x080016b8                exti1_isr
                0x080016b8                i2c1_ev_isr
                0x080016b8                dma2_channel1_isr
                0x080016b8                spi2_isr
                0x080016b8                tim8_up_isr
                0x080016b8                dma2_channel2_isr
                0x080016b8                adc3_isr
                0x080016b8                exti3_isr
                0x080016b8                tim3_isr
                0x080016b8                usart2_isr
                0x080016b8                usb_lp_can_rx0_isr
                0x080016b8                i2c2_er_isr
                0x080016b8                i2c2_ev_isr
                0x080016b8                uart5_isr
                0x080016b8                fsmc_isr
                0x080016b8                dma1_channel1_isr
                0x080016b8                exti4_isr
                0x080016b8                mem_manage_handler
                0x080016b8                can2_tx_isr
                0x080016b8                exti9_5_isr
                0x080016b8                dma2_channel3_isr
                0x080016b8                dma1_channel7_isr
                0x080016b8                tim1_up_isr
                0x080016b8                can2_sce_isr
                0x080016b8                tim4_isr
                0x080016b8                dma1_channel2_isr
                0x080016b8                i2c1_er_isr
                0x080016b8                can_sce_isr
                0x080016b8                tim8_cc_isr
                0x080016b8                tamper_isr
                0x080016b8                eth_wkup_isr
                0x080016b8                bus_fault_handler
                0x080016b8                wwdg_isr
                0x080016b8                dma1_channel3_isr
                0x080016b8                spi3_isr
                0x080016b8                tim2_isr
                0x080016b8                exti0_isr
 .text.null_handler
                0x080016ba        0x2 ../libopencm3/lib\libopencm3_stm32f1.a(vector.o)
                0x080016ba                sv_call_handler
                0x080016ba                pend_sv_handler
                0x080016ba                debug_monitor_handler
                0x080016ba                nmi_handler
                0x080016ba                null_handler
 .text.reset_handler
                0x080016bc       0x80 ../libopencm3/lib\libopencm3_stm32f1.a(vector.o)
                0x080016bc                reset_handler
 .text.systick_set_reload
                0x0800173c       0x10 ../libopencm3/lib\libopencm3_stm32f1.a(systick.o)
                0x0800173c                systick_set_reload
 .text.systick_set_clocksource
                0x0800174c       0x14 ../libopencm3/lib\libopencm3_stm32f1.a(systick.o)
                0x0800174c                systick_set_clocksource
 .text.systick_interrupt_enable
                0x08001760       0x10 ../libopencm3/lib\libopencm3_stm32f1.a(systick.o)
                0x08001760                systick_interrupt_enable
 .text.systick_counter_enable
                0x08001770       0x10 ../libopencm3/lib\libopencm3_stm32f1.a(systick.o)
                0x08001770                systick_counter_enable
 .text.scb_reset_system
                0x08001780       0x10 ../libopencm3/lib\libopencm3_stm32f1.a(scb.o)
                0x08001780                scb_reset_system
 .text.memcpy   0x08001790       0x12 c:/programy/gccarm/bin/../lib/gcc/arm-none-eabi/4.7.3/../../../../arm-none-eabi/lib/armv7-m\libc_s.a(lib_a-memcpy.o)
                0x08001790                memcpy
 .text.strlen   0x080017a2       0x10 c:/programy/gccarm/bin/../lib/gcc/arm-none-eabi/4.7.3/../../../../arm-none-eabi/lib/armv7-m\libc_s.a(lib_a-strlen.o)
                0x080017a2                strlen
                0x080017b4                . = ALIGN (0x4)
 *fill*         0x080017b2        0x2 00
 *(.rodata*)
 .rodata        0x080017b4       0x54 dfucore.o
                0x080017b4                dev
                0x080017c8                config
                0x080017d8                ifaces
                0x080017e4                iface
                0x080017fc                dfu_function
 .rodata.str1.4
                0x08001808       0x94 dfucore.o
 .rodata.CSWTCH.22
                0x0800189c       0x30 ../libopencm3/lib\libopencm3_stm32f1.a(usb_standard.o)
 .rodata.CSWTCH.19
                0x080018cc       0x28 ../libopencm3/lib\libopencm3_stm32f1.a(usb_standard.o)
 .rodata        0x080018f4        0x8 ../libopencm3/lib\libopencm3_stm32f1.a(usb_f103.o)
 .rodata.stm32f103_usb_driver
                0x080018fc       0x34 ../libopencm3/lib\libopencm3_stm32f1.a(usb_f103.o)
                0x080018fc                stm32f103_usb_driver
                0x08001930                . = ALIGN (0x4)

.glue_7         0x08001930        0x0
 .glue_7        0x00000000        0x0 linker stubs

.glue_7t        0x08001930        0x0
 .glue_7t       0x00000000        0x0 linker stubs

.vfp11_veneer   0x08001930        0x0
 .vfp11_veneer  0x00000000        0x0 linker stubs

.v4_bx          0x08001930        0x0
 .v4_bx         0x00000000        0x0 linker stubs

.iplt           0x08001930        0x0
 .iplt          0x00000000        0x0 usbdfu.o

.rel.dyn        0x08001930        0x0
 .rel.iplt      0x00000000        0x0 usbdfu.o

.preinit_array  0x08001930        0x0
                0x08001930                . = ALIGN (0x4)
                0x08001930                __preinit_array_start = .
 *(.preinit_array)
                0x08001930                __preinit_array_end = .

.init_array     0x08001930        0x0
                0x08001930                . = ALIGN (0x4)
                0x08001930                __init_array_start = .
 *(SORT(.init_array.*))
 *(.init_array)
                0x08001930                __init_array_end = .

.fini_array     0x08001930        0x0
                0x08001930                . = ALIGN (0x4)
                0x08001930                __fini_array_start = .
 *(.fini_array)
 *(SORT(.fini_array.*))
                0x08001930                __fini_array_end = .

.ARM.extab
 *(.ARM.extab*)

.ARM.exidx      0x08001930        0x0
                0x08001930                __exidx_start = .
 *(.ARM.exidx*)
                0x08001930                __exidx_end = .
                0x08001930                . = ALIGN (0x4)
                0x08001930                _etext = .

.data           0x20000000       0x20 load address 0x08001930
                0x20000000                _data = .
 *(.data*)
 .data          0x20000000       0x14 dfucore.o
 .data          0x20000014        0x4 dfu_f1.o
 .data.rcc_ppre1_frequency
                0x20000018        0x4 ../libopencm3/lib\libopencm3_stm32f1.a(rcc.o)
                0x20000018                rcc_ppre1_frequency
 .data.rcc_ppre2_frequency
                0x2000001c        0x4 ../libopencm3/lib\libopencm3_stm32f1.a(rcc.o)
                0x2000001c                rcc_ppre2_frequency
                0x20000020                . = ALIGN (0x4)
                0x20000020                _edata = .
                0x08001930                _data_loadaddr = LOADADDR (.data)

.igot.plt       0x20000020        0x0 load address 0x08001950
 .igot.plt      0x00000000        0x0 usbdfu.o

.bss            0x20000020      0x910 load address 0x08001950
 *(.bss*)
 .bss           0x20000020      0x41c dfucore.o
 .bss.usbd_dev  0x2000043c       0xe8 ../libopencm3/lib\libopencm3_stm32f1.a(usb_f103.o)
 .bss.force_nak
                0x20000524        0x8 ../libopencm3/lib\libopencm3_stm32f1.a(usb_f103.o)
 *(COMMON)
 COMMON         0x2000052c      0x404 dfucore.o
                0x2000052c                usbdev
                0x20000530                usbd_control_buffer
                0x20000930                . = ALIGN (0x4)
                0x20000930                _ebss = .

/DISCARD/
 *(.eh_frame)
                0x20000930                . = ALIGN (0x4)
                0x20000930                end = .
                0x20005000                PROVIDE (_stack, (ORIGIN (ram) + 0x5000))
LOAD c:/programy/gccarm/bin/../lib/gcc/arm-none-eabi/4.7.3/../../../../arm-none-eabi/lib/armv7-m\libc_s.a
LOAD c:/programy/gccarm/bin/../lib/gcc/arm-none-eabi/4.7.3/../../../../arm-none-eabi/lib/armv7-m\libnosys.a
START GROUP
LOAD c:/programy/gccarm/bin/../lib/gcc/arm-none-eabi/4.7.3/armv7-m\libgcc.a
LOAD c:/programy/gccarm/bin/../lib/gcc/arm-none-eabi/4.7.3/../../../../arm-none-eabi/lib/armv7-m\libc_s.a
END GROUP
OUTPUT(blackmagic_dfu.elf elf32-littlearm)

.debug_info     0x00000000     0x74ae
 .debug_info    0x00000000      0x4ff usbdfu.o
 .debug_info    0x000004ff      0xcfe dfucore.o
 .debug_info    0x000011fd      0x227 dfu_f1.o
 .debug_info    0x00001424      0x3a0 ../libopencm3/lib\libopencm3_stm32f1.a(flash.o)
 .debug_info    0x000017c4      0x1be ../libopencm3/lib\libopencm3_stm32f1.a(gpio.o)
 .debug_info    0x00001982     0x1194 ../libopencm3/lib\libopencm3_stm32f1.a(rcc.o)
 .debug_info    0x00002b16      0x225 ../libopencm3/lib\libopencm3_stm32f1.a(gpio_common_all.o)
 .debug_info    0x00002d3b      0xe10 ../libopencm3/lib\libopencm3_stm32f1.a(usb.o)
 .debug_info    0x00003b4b      0xf13 ../libopencm3/lib\libopencm3_stm32f1.a(usb_control.o)
 .debug_info    0x00004a5e     0x141f ../libopencm3/lib\libopencm3_stm32f1.a(usb_standard.o)
 .debug_info    0x00005e7d     0x10f7 ../libopencm3/lib\libopencm3_stm32f1.a(usb_f103.o)
 .debug_info    0x00006f74      0x2d2 ../libopencm3/lib\libopencm3_stm32f1.a(vector.o)
 .debug_info    0x00007246      0x190 ../libopencm3/lib\libopencm3_stm32f1.a(systick.o)
 .debug_info    0x000073d6       0xd8 ../libopencm3/lib\libopencm3_stm32f1.a(scb.o)

.debug_abbrev   0x00000000     0x19ab
 .debug_abbrev  0x00000000      0x173 usbdfu.o
 .debug_abbrev  0x00000173      0x362 dfucore.o
 .debug_abbrev  0x000004d5      0x148 dfu_f1.o
 .debug_abbrev  0x0000061d       0xfd ../libopencm3/lib\libopencm3_stm32f1.a(flash.o)
 .debug_abbrev  0x0000071a       0xd0 ../libopencm3/lib\libopencm3_stm32f1.a(gpio.o)
 .debug_abbrev  0x000007ea      0x247 ../libopencm3/lib\libopencm3_stm32f1.a(rcc.o)
 .debug_abbrev  0x00000a31       0xfe ../libopencm3/lib\libopencm3_stm32f1.a(gpio_common_all.o)
 .debug_abbrev  0x00000b2f      0x1ec ../libopencm3/lib\libopencm3_stm32f1.a(usb.o)
 .debug_abbrev  0x00000d1b      0x316 ../libopencm3/lib\libopencm3_stm32f1.a(usb_control.o)
 .debug_abbrev  0x00001031      0x3aa ../libopencm3/lib\libopencm3_stm32f1.a(usb_standard.o)
 .debug_abbrev  0x000013db      0x39a ../libopencm3/lib\libopencm3_stm32f1.a(usb_f103.o)
 .debug_abbrev  0x00001775      0x12a ../libopencm3/lib\libopencm3_stm32f1.a(vector.o)
 .debug_abbrev  0x0000189f       0x94 ../libopencm3/lib\libopencm3_stm32f1.a(systick.o)
 .debug_abbrev  0x00001933       0x78 ../libopencm3/lib\libopencm3_stm32f1.a(scb.o)

.debug_loc      0x00000000     0x3a7f
 .debug_loc     0x00000000       0x5e usbdfu.o
 .debug_loc     0x0000005e      0x63a dfucore.o
 .debug_loc     0x00000698      0x158 dfu_f1.o
 .debug_loc     0x000007f0      0x210 ../libopencm3/lib\libopencm3_stm32f1.a(flash.o)
 .debug_loc     0x00000a00      0x16b ../libopencm3/lib\libopencm3_stm32f1.a(gpio.o)
 .debug_loc     0x00000b6b      0xa5a ../libopencm3/lib\libopencm3_stm32f1.a(rcc.o)
 .debug_loc     0x000015c5       0x84 ../libopencm3/lib\libopencm3_stm32f1.a(gpio_common_all.o)
 .debug_loc     0x00001649      0x4cd ../libopencm3/lib\libopencm3_stm32f1.a(usb.o)
 .debug_loc     0x00001b16      0x52d ../libopencm3/lib\libopencm3_stm32f1.a(usb_control.o)
 .debug_loc     0x00002043      0xf86 ../libopencm3/lib\libopencm3_stm32f1.a(usb_standard.o)
 .debug_loc     0x00002fc9      0x978 ../libopencm3/lib\libopencm3_stm32f1.a(usb_f103.o)
 .debug_loc     0x00003941       0xdb ../libopencm3/lib\libopencm3_stm32f1.a(vector.o)
 .debug_loc     0x00003a1c       0x42 ../libopencm3/lib\libopencm3_stm32f1.a(systick.o)
 .debug_loc     0x00003a5e       0x21 ../libopencm3/lib\libopencm3_stm32f1.a(scb.o)

.debug_aranges  0x00000000      0x5d0
 .debug_aranges
                0x00000000       0x28 usbdfu.o
 .debug_aranges
                0x00000028       0x20 dfucore.o
 .debug_aranges
                0x00000048       0x20 dfu_f1.o
 .debug_aranges
                0x00000068       0xc0 ../libopencm3/lib\libopencm3_stm32f1.a(flash.o)
 .debug_aranges
                0x00000128       0x38 ../libopencm3/lib\libopencm3_stm32f1.a(gpio.o)
 .debug_aranges
                0x00000160      0x170 ../libopencm3/lib\libopencm3_stm32f1.a(rcc.o)
 .debug_aranges
                0x000002d0       0x50 ../libopencm3/lib\libopencm3_stm32f1.a(gpio_common_all.o)
 .debug_aranges
                0x00000320       0x88 ../libopencm3/lib\libopencm3_stm32f1.a(usb.o)
 .debug_aranges
                0x000003a8       0x60 ../libopencm3/lib\libopencm3_stm32f1.a(usb_control.o)
 .debug_aranges
                0x00000408       0x98 ../libopencm3/lib\libopencm3_stm32f1.a(usb_standard.o)
 .debug_aranges
                0x000004a0       0x68 ../libopencm3/lib\libopencm3_stm32f1.a(usb_f103.o)
 .debug_aranges
                0x00000508       0x30 ../libopencm3/lib\libopencm3_stm32f1.a(vector.o)
 .debug_aranges
                0x00000538       0x68 ../libopencm3/lib\libopencm3_stm32f1.a(systick.o)
 .debug_aranges
                0x000005a0       0x30 ../libopencm3/lib\libopencm3_stm32f1.a(scb.o)

.debug_ranges   0x00000000      0x7f8
 .debug_ranges  0x00000000       0x18 usbdfu.o
 .debug_ranges  0x00000018      0x148 dfucore.o
 .debug_ranges  0x00000160       0x20 dfu_f1.o
 .debug_ranges  0x00000180       0xb0 ../libopencm3/lib\libopencm3_stm32f1.a(flash.o)
 .debug_ranges  0x00000230       0x28 ../libopencm3/lib\libopencm3_stm32f1.a(gpio.o)
 .debug_ranges  0x00000258      0x160 ../libopencm3/lib\libopencm3_stm32f1.a(rcc.o)
 .debug_ranges  0x000003b8       0x40 ../libopencm3/lib\libopencm3_stm32f1.a(gpio_common_all.o)
 .debug_ranges  0x000003f8       0x78 ../libopencm3/lib\libopencm3_stm32f1.a(usb.o)
 .debug_ranges  0x00000470       0x50 ../libopencm3/lib\libopencm3_stm32f1.a(usb_control.o)
 .debug_ranges  0x000004c0      0x108 ../libopencm3/lib\libopencm3_stm32f1.a(usb_standard.o)
 .debug_ranges  0x000005c8      0x198 ../libopencm3/lib\libopencm3_stm32f1.a(usb_f103.o)
 .debug_ranges  0x00000760       0x20 ../libopencm3/lib\libopencm3_stm32f1.a(vector.o)
 .debug_ranges  0x00000780       0x58 ../libopencm3/lib\libopencm3_stm32f1.a(systick.o)
 .debug_ranges  0x000007d8       0x20 ../libopencm3/lib\libopencm3_stm32f1.a(scb.o)

.debug_macro    0x00000000     0x370e
 .debug_macro   0x00000000      0x164 usbdfu.o
 .debug_macro   0x00000164      0x820 usbdfu.o
 .debug_macro   0x00000984       0x3a usbdfu.o
 .debug_macro   0x000009be       0x10 usbdfu.o
 .debug_macro   0x000009ce       0x2e usbdfu.o
 .debug_macro   0x000009fc       0xa3 usbdfu.o
 .debug_macro   0x00000a9f       0x3a usbdfu.o
 .debug_macro   0x00000ad9       0x52 usbdfu.o
 .debug_macro   0x00000b2b       0x19 usbdfu.o
 .debug_macro   0x00000b44      0x16d usbdfu.o
 .debug_macro   0x00000cb1       0x89 usbdfu.o
 .debug_macro   0x00000d3a       0x22 usbdfu.o
 .debug_macro   0x00000d5c       0x52 usbdfu.o
 .debug_macro   0x00000dae      0x214 usbdfu.o
 .debug_macro   0x00000fc2       0x22 usbdfu.o
 .debug_macro   0x00000fe4       0xfa usbdfu.o
 .debug_macro   0x000010de       0x52 usbdfu.o
 .debug_macro   0x00001130      0x18a usbdfu.o
 .debug_macro   0x000012ba      0x735 usbdfu.o
 .debug_macro   0x000019ef       0x76 usbdfu.o
 .debug_macro   0x00001a65      0xdbf usbdfu.o
 .debug_macro   0x00002824      0x328 usbdfu.o
 .debug_macro   0x00002b4c      0x16c usbdfu.o
 .debug_macro   0x00002cb8       0x10 usbdfu.o
 .debug_macro   0x00002cc8       0x16 usbdfu.o
 .debug_macro   0x00002cde      0x1aa dfucore.o
 .debug_macro   0x00002e88      0x184 dfucore.o
 .debug_macro   0x0000300c      0x20e dfucore.o
 .debug_macro   0x0000321a       0x70 dfucore.o
 .debug_macro   0x0000328a       0x10 dfucore.o
 .debug_macro   0x0000329a       0x10 dfucore.o
 .debug_macro   0x000032aa      0x18b dfucore.o
 .debug_macro   0x00003435       0xe2 dfucore.o
 .debug_macro   0x00003517       0x28 dfucore.o
 .debug_macro   0x0000353f       0xf3 dfu_f1.o
 .debug_macro   0x00003632       0xdc dfu_f1.o

.debug_line     0x00000000     0x238f
 .debug_line    0x00000000      0x42d usbdfu.o
 .debug_line    0x0000042d      0x507 dfucore.o
 .debug_line    0x00000934      0x338 dfu_f1.o
 .debug_line    0x00000c6c      0x233 ../libopencm3/lib\libopencm3_stm32f1.a(flash.o)
 .debug_line    0x00000e9f       0xf2 ../libopencm3/lib\libopencm3_stm32f1.a(gpio.o)
 .debug_line    0x00000f91      0x4d6 ../libopencm3/lib\libopencm3_stm32f1.a(rcc.o)
 .debug_line    0x00001467      0x11f ../libopencm3/lib\libopencm3_stm32f1.a(gpio_common_all.o)
 .debug_line    0x00001586      0x1eb ../libopencm3/lib\libopencm3_stm32f1.a(usb.o)
 .debug_line    0x00001771      0x21c ../libopencm3/lib\libopencm3_stm32f1.a(usb_control.o)
 .debug_line    0x0000198d      0x379 ../libopencm3/lib\libopencm3_stm32f1.a(usb_standard.o)
 .debug_line    0x00001d06      0x388 ../libopencm3/lib\libopencm3_stm32f1.a(usb_f103.o)
 .debug_line    0x0000208e       0xf8 ../libopencm3/lib\libopencm3_stm32f1.a(vector.o)
 .debug_line    0x00002186      0x145 ../libopencm3/lib\libopencm3_stm32f1.a(systick.o)
 .debug_line    0x000022cb       0xc4 ../libopencm3/lib\libopencm3_stm32f1.a(scb.o)

.debug_str      0x00000000     0xebed
 .debug_str     0x00000000     0xc2d7 usbdfu.o
                               0xc476 (size before relaxing)
 .debug_str     0x0000c2d7     0x16c9 dfucore.o
                               0xaa90 (size before relaxing)
 .debug_str     0x0000d9a0       0xbb dfu_f1.o
                               0x5a04 (size before relaxing)
 .debug_str     0x0000da5b      0x1e7 ../libopencm3/lib\libopencm3_stm32f1.a(flash.o)
                                0x314 (size before relaxing)
 .debug_str     0x0000dc42       0x80 ../libopencm3/lib\libopencm3_stm32f1.a(gpio.o)
                                0x1af (size before relaxing)
 .debug_str     0x0000dcc2      0x3e1 ../libopencm3/lib\libopencm3_stm32f1.a(rcc.o)
                                0x5ab (size before relaxing)
 .debug_str     0x0000e0a3       0x51 ../libopencm3/lib\libopencm3_stm32f1.a(gpio_common_all.o)
                                0x1a8 (size before relaxing)
 .debug_str     0x0000e0f4      0x332 ../libopencm3/lib\libopencm3_stm32f1.a(usb.o)
                                0x8b9 (size before relaxing)
 .debug_str     0x0000e426      0x157 ../libopencm3/lib\libopencm3_stm32f1.a(usb_control.o)
                                0x8ab (size before relaxing)
 .debug_str     0x0000e57d      0x2a1 ../libopencm3/lib\libopencm3_stm32f1.a(usb_standard.o)
                                0xa44 (size before relaxing)
 .debug_str     0x0000e81e      0x155 ../libopencm3/lib\libopencm3_stm32f1.a(usb_f103.o)
                                0x8ef (size before relaxing)
 .debug_str     0x0000e973      0x1a5 ../libopencm3/lib\libopencm3_stm32f1.a(vector.o)
                                0x2c1 (size before relaxing)
 .debug_str     0x0000eb18       0x93 ../libopencm3/lib\libopencm3_stm32f1.a(systick.o)
                                0x213 (size before relaxing)
 .debug_str     0x0000ebab       0x42 ../libopencm3/lib\libopencm3_stm32f1.a(scb.o)
                                0x16c (size before relaxing)

.comment        0x00000000       0x70
 .comment       0x00000000       0x70 usbdfu.o
                                 0x71 (size before relaxing)
 .comment       0x00000000       0x71 dfucore.o
 .comment       0x00000000       0x71 dfu_f1.o
 .comment       0x00000000       0x71 ../libopencm3/lib\libopencm3_stm32f1.a(flash.o)
 .comment       0x00000000       0x71 ../libopencm3/lib\libopencm3_stm32f1.a(gpio.o)
 .comment       0x00000000       0x71 ../libopencm3/lib\libopencm3_stm32f1.a(rcc.o)
 .comment       0x00000000       0x71 ../libopencm3/lib\libopencm3_stm32f1.a(gpio_common_all.o)
 .comment       0x00000000       0x71 ../libopencm3/lib\libopencm3_stm32f1.a(usb.o)
 .comment       0x00000000       0x71 ../libopencm3/lib\libopencm3_stm32f1.a(usb_control.o)
 .comment       0x00000000       0x71 ../libopencm3/lib\libopencm3_stm32f1.a(usb_standard.o)
 .comment       0x00000000       0x71 ../libopencm3/lib\libopencm3_stm32f1.a(usb_f103.o)
 .comment       0x00000000       0x71 ../libopencm3/lib\libopencm3_stm32f1.a(vector.o)
 .comment       0x00000000       0x71 ../libopencm3/lib\libopencm3_stm32f1.a(systick.o)
 .comment       0x00000000       0x71 ../libopencm3/lib\libopencm3_stm32f1.a(scb.o)

.ARM.attributes
                0x00000000       0x33
 .ARM.attributes
                0x00000000       0x33 usbdfu.o
 .ARM.attributes
                0x00000033       0x33 dfucore.o
 .ARM.attributes
                0x00000066       0x33 dfu_f1.o
 .ARM.attributes
                0x00000099       0x33 ../libopencm3/lib\libopencm3_stm32f1.a(flash.o)
 .ARM.attributes
                0x000000cc       0x33 ../libopencm3/lib\libopencm3_stm32f1.a(gpio.o)
 .ARM.attributes
                0x000000ff       0x33 ../libopencm3/lib\libopencm3_stm32f1.a(rcc.o)
 .ARM.attributes
                0x00000132       0x33 ../libopencm3/lib\libopencm3_stm32f1.a(gpio_common_all.o)
 .ARM.attributes
                0x00000165       0x33 ../libopencm3/lib\libopencm3_stm32f1.a(usb.o)
 .ARM.attributes
                0x00000198       0x33 ../libopencm3/lib\libopencm3_stm32f1.a(usb_control.o)
 .ARM.attributes
                0x000001cb       0x33 ../libopencm3/lib\libopencm3_stm32f1.a(usb_standard.o)
 .ARM.attributes
                0x000001fe       0x33 ../libopencm3/lib\libopencm3_stm32f1.a(usb_f103.o)
 .ARM.attributes
                0x00000231       0x33 ../libopencm3/lib\libopencm3_stm32f1.a(vector.o)
 .ARM.attributes
                0x00000264       0x33 ../libopencm3/lib\libopencm3_stm32f1.a(systick.o)
 .ARM.attributes
                0x00000297       0x33 ../libopencm3/lib\libopencm3_stm32f1.a(scb.o)
 .ARM.attributes
                0x000002ca       0x2d c:/programy/gccarm/bin/../lib/gcc/arm-none-eabi/4.7.3/../../../../arm-none-eabi/lib/armv7-m\libc_s.a(lib_a-memcpy.o)
 .ARM.attributes
                0x000002f7       0x2d c:/programy/gccarm/bin/../lib/gcc/arm-none-eabi/4.7.3/../../../../arm-none-eabi/lib/armv7-m\libc_s.a(lib_a-strlen.o)

.debug_frame    0x00000000      0xd5c
 .debug_frame   0x00000000       0x50 usbdfu.o
 .debug_frame   0x00000050       0x8c dfucore.o
 .debug_frame   0x000000dc       0x84 dfu_f1.o
 .debug_frame   0x00000160      0x1a8 ../libopencm3/lib\libopencm3_stm32f1.a(flash.o)
 .debug_frame   0x00000308       0x64 ../libopencm3/lib\libopencm3_stm32f1.a(gpio.o)
 .debug_frame   0x0000036c      0x308 ../libopencm3/lib\libopencm3_stm32f1.a(rcc.o)
 .debug_frame   0x00000674       0x80 ../libopencm3/lib\libopencm3_stm32f1.a(gpio_common_all.o)
 .debug_frame   0x000006f4      0x158 ../libopencm3/lib\libopencm3_stm32f1.a(usb.o)
 .debug_frame   0x0000084c      0x104 ../libopencm3/lib\libopencm3_stm32f1.a(usb_control.o)
 .debug_frame   0x00000950      0x180 ../libopencm3/lib\libopencm3_stm32f1.a(usb_standard.o)
 .debug_frame   0x00000ad0      0x114 ../libopencm3/lib\libopencm3_stm32f1.a(usb_f103.o)
 .debug_frame   0x00000be4       0x40 ../libopencm3/lib\libopencm3_stm32f1.a(vector.o)
 .debug_frame   0x00000c24       0xb0 ../libopencm3/lib\libopencm3_stm32f1.a(systick.o)
 .debug_frame   0x00000cd4       0x40 ../libopencm3/lib\libopencm3_stm32f1.a(scb.o)
 .debug_frame   0x00000d14       0x28 c:/programy/gccarm/bin/../lib/gcc/arm-none-eabi/4.7.3/../../../../arm-none-eabi/lib/armv7-m\libc_s.a(lib_a-memcpy.o)
 .debug_frame   0x00000d3c       0x20 c:/programy/gccarm/bin/../lib/gcc/arm-none-eabi/4.7.3/../../../../arm-none-eabi/lib/armv7-m\libc_s.a(lib_a-strlen.o)
